<html>
<body>
<pre>
<h1>礦ision Build Log</h1>
<h2>Tool Versions:</h2>
IDE-Version: μVision V5.26.2.0
Copyright (C) 2018 ARM Ltd and ARM Germany GmbH. All rights reserved.
License Information: 1784570878@qq.com,  , LIC=TIVDY-ISJP5-PZIWB-2NHQE-W4ZUP-GSSZY
 
Tool Versions:
Toolchain:       MDK-ARM Plus  Version: 5.26.2.0
Toolchain Path:  D:\718\KEIL\ARM\ARMCC\Bin
C Compiler:      Armcc.exe V5.06 update 6 (build 750)
Assembler:       Armasm.exe V5.06 update 6 (build 750)
Linker/Locator:  ArmLink.exe V5.06 update 6 (build 750)
Library Manager: ArmAr.exe V5.06 update 6 (build 750)
Hex Converter:   FromElf.exe V5.06 update 6 (build 750)
CPU DLL:         SARMCM3.DLL V5.26.2.0
Dialog DLL:      DCM.DLL V1.17.2.0
Target DLL:      STLink\ST-LINKIII-KEIL_SWO.dll V3.0.5.0
Dialog DLL:      TCM.DLL V1.36.1.0
 
<h2>Project:</h2>
E:\HERO_ROBOMASTER\机器人程序\国赛步兵\步兵V4.05 多注释版\RM_Infantry_A\MDK-ARM\RMv3testDemo.uvprojx
Project File Date:  09/08/2019

<h2>Output:</h2>
*** Using Compiler 'V5.06 update 6 (build 750)', folder: 'D:\718\KEIL\ARM\ARMCC\Bin'
Build target 'RMv3testDemo'
compiling stm32f4xx_hal_dma.c...
compiling stm32f4xx_hal_rcc.c...
compiling stm32f4xx_hal_uart.c...
compiling stm32f4xx_hal_can.c...
compiling stm32f4xx_hal_spi.c...
compiling stm32f4xx_hal_pwr_ex.c...
compiling stm32f4xx_hal_pcd.c...
compiling stm32f4xx_hal_tim.c...
compiling stm32f4xx_hal_flash_ex.c...
compiling stm32f4xx_hal_gpio.c...
compiling stm32f4xx_hal_tim_ex.c...
compiling stm32f4xx_hal_pwr.c...
compiling stm32f4xx_hal_flash.c...
compiling stm32f4xx_hal_rcc_ex.c...
compiling stm32f4xx_hal.c...
compiling stm32f4xx_hal_pcd_ex.c...
compiling stm32f4xx_hal_cortex.c...
compiling stm32f4xx_ll_usb.c...
compiling usbd_cdc.c...
compiling stm32f4xx_hal_flash_ramfunc.c...
compiling usbd_ctlreq.c...
compiling stm32f4xx_hal_dma_ex.c...
compiling usbd_core.c...
compiling usbd_ioreq.c...
compiling system_stm32f4xx.c...
compiling stm32f4xx_it.c...
compiling main.c...
compiling chassis.c...
..\top\Src\chassis.c(62): warning:  #1035-D: single-precision operand implicitly converted to double-precision
          increasement=(0.02*(1.6-Chassis.power.speed_decreasement_k));
..\top\Src\chassis.c(81): warning:  #1035-D: single-precision operand implicitly converted to double-precision
                  spd_forward=Chassis.speed.spd_forward+0.5;
..\top\Src\chassis.c(83): warning:  #1035-D: single-precision operand implicitly converted to double-precision
                  spd_forward=Chassis.speed.spd_forward-0.5;
..\top\Src\chassis.c(110): warning:  #1035-D: single-precision operand implicitly converted to double-precision
                  spd_right-=0.8;
..\top\Src\chassis.c(112): warning:  #1035-D: single-precision operand implicitly converted to double-precision
                  spd_right+=0.8;
..\top\Src\chassis.c(424): warning:  #1035-D: single-precision operand implicitly converted to double-precision
      if(Chassis.supercapacitor.power_percentage>0.3)
..\top\Src\chassis.c(507): warning:  #1035-D: single-precision operand implicitly converted to double-precision
              Chassis.speed.base = 9000*(Chassis.supercapacitor.utility_percentage+0.5);
..\top\Src\chassis.c(508): warning:  #1035-D: single-precision operand implicitly converted to double-precision
              Chassis.follow.pid.max_output=3000*(Chassis.supercapacitor.utility_percentage+0.5);
..\top\Src\chassis.c(514): warning:  #1035-D: single-precision operand implicitly converted to double-precision
              Chassis.follow.pid.max_output=3500*(Chassis.supercapacitor.utility_percentage+0.5);
..\top\Src\chassis.c: 9 warnings, 0 errors
compiling robodata.c...
compiling tim_callback.c...
compiling t_monitor.c...
compiling m_remote.c...
compiling can_callback.c...
..\middle\Src\can_callback.c(74): warning:  #188-D: enumerated type mixed with another type
  						RoboData.robo_ctrlmode.ctrl_source = (hcan->pRxMsg->Data[4]);
..\middle\Src\can_callback.c(75): warning:  #188-D: enumerated type mixed with another type
  						RoboData.robo_ctrlmode.left_mode = (hcan->pRxMsg->Data[5]);
..\middle\Src\can_callback.c(99): warning:  #188-D: enumerated type mixed with another type
  						TX2_Data.mode_set=hcan->pRxMsg->Data[0];
..\middle\Src\can_callback.c: 3 warnings, 0 errors
compiling m_imu.c...
compiling pid.c...
compiling m_moto.c...
compiling moto_encoder.c...
compiling dji_Protocol.c...
..\middle\Src\dji_Protocol.c(221): warning:  #550-D: variable "Data"  was set but never used
                      int16_t Data [2];
..\middle\Src\dji_Protocol.c(318): warning:  #550-D: variable "robotID2"  was set but never used
      uint16_t robotID2;
..\middle\Src\dji_Protocol.c(555): warning:  #177-D: variable "i"  was declared but never referenced
      int i;
..\middle\Src\dji_Protocol.c(556): warning:  #177-D: variable "beat"  was declared but never referenced
      static uint8_t beat;
..\middle\Src\dji_Protocol.c(557): warning:  #177-D: variable "tempcrc16"  was declared but never referenced
      u16 tempcrc16;
..\middle\Src\dji_Protocol.c: 5 warnings, 0 errors
compiling usart_callback.c...
compiling gpio_callback.c...
compiling tx2_Protocol.c...
compiling can.c...
compiling idle_interrupt.c...
compiling gpio.c...
compiling m_transmit.c...
compiling dma.c...
compiling stm32f4xx_hal_msp.c...
compiling tim.c...
compiling usart.c...
compiling usb_device.c...
compiling usbd_cdc_if.c...
compiling usbd_desc.c...
compiling usbd_conf.c...
compiling spi.c...
linking...
Program Size: Code=49304 RO-data=1720 RW-data=316 ZI-data=11588  
FromELF: creating hex file...
".\RMv3testDemo\RMv3testDemo.axf" - 0 Error(s), 17 Warning(s).

<h2>Software Packages used:</h2>

Package Vendor: ARM
                http://www.keil.com/pack/ARM.CMSIS.5.4.0.pack
                ARM.CMSIS.5.4.0
                CMSIS (Cortex Microcontroller Software Interface Standard)
   * Component: CORE Version: 5.1.2

Package Vendor: Keil
                http://www.keil.com/pack/Keil.STM32F4xx_DFP.2.5.0.pack
                Keil.STM32F4xx_DFP.2.5.0
                STMicroelectronics STM32F4 Series Device Support, Drivers and Examples

<h2>Collection of Component include folders:</h2>
  .\RTE\_RMv3testDemo
  D:\718\KEIL\ARM\PACK\ARM\CMSIS\5.4.0\CMSIS\Core\Include
  D:\718\KEIL\ARM\PACK\Keil\STM32F4xx_DFP\2.5.0\Drivers\CMSIS\Device\ST\STM32F4xx\Include

<h2>Collection of Component Files used:</h2>

   * Component: ARM::CMSIS:CORE:5.1.2
Build Time Elapsed:  00:00:26
</pre>
</body>
</html>
