<html>
<body>
<pre>
<h1>礦ision Build Log</h1>
<h2>Tool Versions:</h2>
IDE-Version: μVision V5.26.2.0
Copyright (C) 2018 ARM Ltd and ARM Germany GmbH. All rights reserved.
License Information: 1784570878@qq.com,  , LIC=TIVDY-ISJP5-PZIWB-2NHQE-W4ZUP-GSSZY
 
Tool Versions:
Toolchain:       MDK-ARM Plus  Version: 5.26.2.0
Toolchain Path:  D:\718\KEIL\ARM\ARMCC\Bin
C Compiler:      Armcc.exe V5.06 update 6 (build 750)
Assembler:       Armasm.exe V5.06 update 6 (build 750)
Linker/Locator:  ArmLink.exe V5.06 update 6 (build 750)
Library Manager: ArmAr.exe V5.06 update 6 (build 750)
Hex Converter:   FromElf.exe V5.06 update 6 (build 750)
CPU DLL:         SARMCM3.DLL V5.26.2.0
Dialog DLL:      DCM.DLL V1.17.2.0
Target DLL:      STLink\ST-LINKIII-KEIL_SWO.dll V3.0.5.0
Dialog DLL:      TCM.DLL V1.36.1.0
 
<h2>Project:</h2>
E:\HERO_ROBOMASTER\机器人程序\国赛步兵\步兵V4.05 多注释版\RM_Infantry_B\MDK-ARM\RM_B.uvprojx
Project File Date:  09/25/2019

<h2>Output:</h2>
*** Using Compiler 'V5.06 update 6 (build 750)', folder: 'D:\718\KEIL\ARM\ARMCC\Bin'
Build target 'RM_B'
compiling tripod.c...
linking...
Program Size: Code=21624 RO-data=392 RW-data=236 ZI-data=10284  
FromELF: creating hex file...
"RM_B\RM_B.axf" - 0 Error(s), 0 Warning(s).

<h2>Software Packages used:</h2>

Package Vendor: ARM
                http://www.keil.com/pack/ARM.CMSIS.5.4.0.pack
                ARM.CMSIS.5.4.0
                CMSIS (Cortex Microcontroller Software Interface Standard)
   * Component: CORE Version: 5.1.2

Package Vendor: Keil
                http://www.keil.com/pack/Keil.STM32F1xx_DFP.1.1.0.pack
                Keil.STM32F1xx_DFP.1.1.0
                STMicroelectronics STM32F1 Series Device Support, Drivers and Examples

<h2>Collection of Component include folders:</h2>
  .\RTE\_RM_B
  D:\718\KEIL\ARM\PACK\ARM\CMSIS\5.4.0\CMSIS\Core\Include
  D:\718\KEIL\ARM\PACK\Keil\STM32F1xx_DFP\1.1.0\Device\Include

<h2>Collection of Component Files used:</h2>

   * Component: ARM::CMSIS:CORE:5.1.2
Build Time Elapsed:  00:00:08
</pre>
</body>
</html>
