Component: ARM Compiler 5.06 update 6 (build 750) Tool: armlink [4d35ed]

==============================================================================

Section Cross References

    startup_stm32f105xc.o(RESET) refers to startup_stm32f105xc.o(STACK) for __initial_sp
    startup_stm32f105xc.o(RESET) refers to startup_stm32f105xc.o(.text) for Reset_Handler
    startup_stm32f105xc.o(RESET) refers to stm32f1xx_it.o(i.NMI_Handler) for NMI_Handler
    startup_stm32f105xc.o(RESET) refers to stm32f1xx_it.o(i.HardFault_Handler) for HardFault_Handler
    startup_stm32f105xc.o(RESET) refers to stm32f1xx_it.o(i.MemManage_Handler) for MemManage_Handler
    startup_stm32f105xc.o(RESET) refers to stm32f1xx_it.o(i.BusFault_Handler) for BusFault_Handler
    startup_stm32f105xc.o(RESET) refers to stm32f1xx_it.o(i.UsageFault_Handler) for UsageFault_Handler
    startup_stm32f105xc.o(RESET) refers to stm32f1xx_it.o(i.SVC_Handler) for SVC_Handler
    startup_stm32f105xc.o(RESET) refers to stm32f1xx_it.o(i.DebugMon_Handler) for DebugMon_Handler
    startup_stm32f105xc.o(RESET) refers to stm32f1xx_it.o(i.PendSV_Handler) for PendSV_Handler
    startup_stm32f105xc.o(RESET) refers to stm32f1xx_it.o(i.SysTick_Handler) for SysTick_Handler
    startup_stm32f105xc.o(RESET) refers to stm32f1xx_it.o(i.EXTI0_IRQHandler) for EXTI0_IRQHandler
    startup_stm32f105xc.o(RESET) refers to stm32f1xx_it.o(i.EXTI1_IRQHandler) for EXTI1_IRQHandler
    startup_stm32f105xc.o(RESET) refers to stm32f1xx_it.o(i.EXTI2_IRQHandler) for EXTI2_IRQHandler
    startup_stm32f105xc.o(RESET) refers to stm32f1xx_it.o(i.DMA1_Channel2_IRQHandler) for DMA1_Channel2_IRQHandler
    startup_stm32f105xc.o(RESET) refers to stm32f1xx_it.o(i.DMA1_Channel3_IRQHandler) for DMA1_Channel3_IRQHandler
    startup_stm32f105xc.o(RESET) refers to stm32f1xx_it.o(i.CAN1_TX_IRQHandler) for CAN1_TX_IRQHandler
    startup_stm32f105xc.o(RESET) refers to stm32f1xx_it.o(i.CAN1_RX0_IRQHandler) for CAN1_RX0_IRQHandler
    startup_stm32f105xc.o(RESET) refers to stm32f1xx_it.o(i.TIM3_IRQHandler) for TIM3_IRQHandler
    startup_stm32f105xc.o(RESET) refers to stm32f1xx_it.o(i.TIM4_IRQHandler) for TIM4_IRQHandler
    startup_stm32f105xc.o(RESET) refers to stm32f1xx_it.o(i.USART3_IRQHandler) for USART3_IRQHandler
    startup_stm32f105xc.o(RESET) refers to stm32f1xx_it.o(i.TIM5_IRQHandler) for TIM5_IRQHandler
    startup_stm32f105xc.o(RESET) refers to stm32f1xx_it.o(i.UART4_IRQHandler) for UART4_IRQHandler
    startup_stm32f105xc.o(RESET) refers to stm32f1xx_it.o(i.DMA2_Channel3_IRQHandler) for DMA2_Channel3_IRQHandler
    startup_stm32f105xc.o(RESET) refers to stm32f1xx_it.o(i.CAN2_RX0_IRQHandler) for CAN2_RX0_IRQHandler
    startup_stm32f105xc.o(.text) refers to system_stm32f1xx.o(i.SystemInit) for SystemInit
    startup_stm32f105xc.o(.text) refers to entry.o(.ARM.Collect$$$$00000000) for __main
    main.o(i.Data_Send) refers to stm32f1xx_hal_uart.o(i.HAL_UART_Transmit) for HAL_UART_Transmit
    main.o(i.Data_Send) refers to usart.o(.bss) for huart3
    main.o(i.SystemClock_Config) refers to stm32f1xx_hal_rcc.o(i.HAL_RCC_OscConfig) for HAL_RCC_OscConfig
    main.o(i.SystemClock_Config) refers to stm32f1xx_hal_rcc.o(i.HAL_RCC_ClockConfig) for HAL_RCC_ClockConfig
    main.o(i.SystemClock_Config) refers to stm32f1xx_hal_rcc.o(i.HAL_RCC_GetHCLKFreq) for HAL_RCC_GetHCLKFreq
    main.o(i.SystemClock_Config) refers to stm32f1xx_hal_cortex.o(i.HAL_SYSTICK_Config) for HAL_SYSTICK_Config
    main.o(i.SystemClock_Config) refers to stm32f1xx_hal_cortex.o(i.HAL_SYSTICK_CLKSourceConfig) for HAL_SYSTICK_CLKSourceConfig
    main.o(i.SystemClock_Config) refers to stm32f1xx_hal_cortex.o(i.HAL_NVIC_SetPriority) for HAL_NVIC_SetPriority
    main.o(i.all_bsp_init) refers to gpio.o(i.MX_GPIO_Init) for MX_GPIO_Init
    main.o(i.all_bsp_init) refers to dma.o(i.MX_DMA_Init) for MX_DMA_Init
    main.o(i.all_bsp_init) refers to tim.o(i.MX_TIM1_Init) for MX_TIM1_Init
    main.o(i.all_bsp_init) refers to robodata.o(i.InitRoboData) for InitRoboData
    main.o(i.all_bsp_init) refers to stm32f1xx_hal_tim.o(i.HAL_TIM_PWM_Start) for HAL_TIM_PWM_Start
    main.o(i.all_bsp_init) refers to usart.o(i.MX_USART3_UART_Init) for MX_USART3_UART_Init
    main.o(i.all_bsp_init) refers to usart.o(i.MX_UART4_Init) for MX_UART4_Init
    main.o(i.all_bsp_init) refers to can.o(i.MX_CAN1_Init) for MX_CAN1_Init
    main.o(i.all_bsp_init) refers to can.o(i.MX_CAN2_Init) for MX_CAN2_Init
    main.o(i.all_bsp_init) refers to can.o(i.CAN_Filter_Init_Recv_ALL) for CAN_Filter_Init_Recv_ALL
    main.o(i.all_bsp_init) refers to tripod.o(i.Tripode_Init) for Tripode_Init
    main.o(i.all_bsp_init) refers to strike.o(i.Strike_Init) for Strike_Init
    main.o(i.all_bsp_init) refers to tim.o(i.MX_TIM3_Init) for MX_TIM3_Init
    main.o(i.all_bsp_init) refers to tim.o(i.MX_TIM5_Init) for MX_TIM5_Init
    main.o(i.all_bsp_init) refers to tim.o(i.MX_TIM4_Init) for MX_TIM4_Init
[...]
    .ARM.Collect$$$$0000000D                 0x08000160   Section        0  entry10a.o(.ARM.Collect$$$$0000000D)
    .ARM.Collect$$$$0000000F                 0x08000160   Section        0  entry11a.o(.ARM.Collect$$$$0000000F)
    .ARM.Collect$$$$00002712                 0x08000160   Section        4  entry2.o(.ARM.Collect$$$$00002712)
    __lit__00000000                          0x08000160   Data           4  entry2.o(.ARM.Collect$$$$00002712)
    .text                                    0x08000164   Section       36  startup_stm32f105xc.o(.text)
    .text                                    0x08000188   Section        0  llushr.o(.text)
    .text                                    0x080001a8   Section        0  memcpya.o(.text)
    .text                                    0x080001cc   Section        0  fadd.o(.text)
    .text                                    0x0800027c   Section        0  fmul.o(.text)
    .text                                    0x080002e0   Section        0  fdiv.o(.text)
    .text                                    0x0800035c   Section        0  fscalb.o(.text)
    .text                                    0x08000374   Section        0  dadd.o(.text)
    .text                                    0x080004c2   Section        0  dmul.o(.text)
    .text                                    0x080005a6   Section        0  ddiv.o(.text)
    .text                                    0x08000684   Section        0  fflti.o(.text)
    .text                                    0x08000696   Section        0  ffltui.o(.text)
    .text                                    0x080006a0   Section        0  dfltui.o(.text)
    .text                                    0x080006ba   Section        0  ffixi.o(.text)
    .text                                    0x080006ec   Section        0  f2d.o(.text)
    .text                                    0x08000712   Section        0  d2f.o(.text)
    .text                                    0x0800074c   Section       20  cfcmple.o(.text)
    .text                                    0x08000760   Section       20  cfrcmple.o(.text)
    .text                                    0x08000774   Section        0  llshl.o(.text)
    .text                                    0x08000792   Section        0  llsshr.o(.text)
    .text                                    0x080007b6   Section        0  fepilogue.o(.text)
    .text                                    0x080007b6   Section        0  iusefp.o(.text)
    .text                                    0x08000824   Section        0  depilogue.o(.text)
    .text                                    0x080008e0   Section       36  init.o(.text)
    i.ABSLimit                               0x08000904   Section        0  tripod.o(i.ABSLimit)
    ABSLimit                                 0x08000905   Thumb Code    34  tripod.o(i.ABSLimit)
    i.ABSLimit                               0x08000926   Section        0  pid.o(i.ABSLimit)
    i.BusFault_Handler                       0x08000948   Section        0  stm32f1xx_it.o(i.BusFault_Handler)
    i.CAN1_RX0_IRQHandler                    0x0800094c   Section        0  stm32f1xx_it.o(i.CAN1_RX0_IRQHandler)
    i.CAN1_TX_IRQHandler                     0x08000958   Section        0  stm32f1xx_it.o(i.CAN1_TX_IRQHandler)
    i.CAN2_RX0_IRQHandler                    0x08000964   Section        0  stm32f1xx_it.o(i.CAN2_RX0_IRQHandler)
    i.CAN_Filter_Init_Recv_ALL               0x08000970   Section        0  can.o(i.CAN_Filter_Init_Recv_ALL)
    i.CAN_Receive_IT                         0x080009c0   Section        0  stm32f1xx_hal_can.o(i.CAN_Receive_IT)
    CAN_Receive_IT                           0x080009c1   Thumb Code   294  stm32f1xx_hal_can.o(i.CAN_Receive_IT)
    i.DMA1_Channel2_IRQHandler               0x08000ae8   Section        0  stm32f1xx_it.o(i.DMA1_Channel2_IRQHandler)
    i.DMA1_Channel3_IRQHandler               0x08000af4   Section        0  stm32f1xx_it.o(i.DMA1_Channel3_IRQHandler)
    i.DMA2_Channel3_IRQHandler               0x08000b00   Section        0  stm32f1xx_it.o(i.DMA2_Channel3_IRQHandler)
    i.DMA_SetConfig                          0x08000b0c   Section        0  stm32f1xx_hal_dma.o(i.DMA_SetConfig)
    DMA_SetConfig                            0x08000b0d   Thumb Code    42  stm32f1xx_hal_dma.o(i.DMA_SetConfig)
    i.DebugMon_Handler                       0x08000b36   Section        0  stm32f1xx_it.o(i.DebugMon_Handler)
    i.EXTI0_IRQHandler                       0x08000b38   Section        0  stm32f1xx_it.o(i.EXTI0_IRQHandler)
    i.EXTI1_IRQHandler                       0x08000b3e   Section        0  stm32f1xx_it.o(i.EXTI1_IRQHandler)
    i.EXTI2_IRQHandler                       0x08000b44   Section        0  stm32f1xx_it.o(i.EXTI2_IRQHandler)
    i.GenerallySetChassisSpeed               0x08000b4c   Section        0  robodata.o(i.GenerallySetChassisSpeed)
    i.GenerallySetTripodControl              0x08000bdc   Section        0  robodata.o(i.GenerallySetTripodControl)
    i.Get17HeatControlData                   0x08000c60   Section        0  robodata.o(i.Get17HeatControlData)
    i.Get42HeatControlData                   0x08000cac   Section        0  robodata.o(i.Get42HeatControlData)
    i.GetAmmunition42ControlStatus           0x08000d1c   Section        0  robodata.o(i.GetAmmunition42ControlStatus)
    i.GetBToADataVal                         0x08000e04   Section        0  m_transmit.o(i.GetBToADataVal)
    i.GetChassisControlStatus                0x08000e58   Section        0  robodata.o(i.GetChassisControlStatus)
    i.GetDJIControlData                      0x08000e9c   Section        0  robodata.o(i.GetDJIControlData)
    i.GetEncoderMeasure                      0x08000e9e   Section        0  moto_encoder.o(i.GetEncoderMeasure)
    i.GetIntergralPitch                      0x08000f64   Section        0  tripod.o(i.GetIntergralPitch)
    i.GetIntergralYaw                        0x08000f8c   Section        0  tripod.o(i.GetIntergralYaw)
    i.GetPitchAngle1000Hz                    0x08000fb4   Section        0  tripod.o(i.GetPitchAngle1000Hz)
    i.GetRemoteControlData                   0x0800109c   Section        0  robodata.o(i.GetRemoteControlData)
    i.GetYawAngle1000Hz                      0x08001108   Section        0  tripod.o(i.GetYawAngle1000Hz)
    i.GyroMonitor                            0x08001238   Section        0  tripod.o(i.GyroMonitor)
    i.HAL_CAN_ConfigFilter                   0x0800129c   Section        0  stm32f1xx_hal_can.o(i.HAL_CAN_ConfigFilter)
    i.HAL_CAN_ErrorCallback                  0x0800138e   Section        0  stm32f1xx_hal_can.o(i.HAL_CAN_ErrorCallback)
    i.HAL_CAN_IRQHandler                     0x08001390   Section        0  stm32f1xx_hal_can.o(i.HAL_CAN_IRQHandler)
    i.HAL_CAN_Init                           0x080015c4   Section        0  stm32f1xx_hal_can.o(i.HAL_CAN_Init)
    i.HAL_CAN_MspInit                        0x080016f0   Section        0  can.o(i.HAL_CAN_MspInit)
    i.HAL_CAN_Receive_IT                     0x08001828   Section        0  stm32f1xx_hal_can.o(i.HAL_CAN_Receive_IT)
    i.HAL_CAN_RxCpltCallback                 0x080018dc   Section        0  can_callback.o(i.HAL_CAN_RxCpltCallback)
    i.HAL_CAN_Transmit                       0x08001b08   Section        0  stm32f1xx_hal_can.o(i.HAL_CAN_Transmit)
    i.HAL_CAN_TxCpltCallback                 0x08001cd4   Section        0  stm32f1xx_hal_can.o(i.HAL_CAN_TxCpltCallback)
    i.HAL_DMA_Abort_IT                       0x08001cd8   Section        0  stm32f1xx_hal_dma.o(i.HAL_DMA_Abort_IT)
    i.HAL_DMA_IRQHandler                     0x08001e08   Section        0  stm32f1xx_hal_dma.o(i.HAL_DMA_IRQHandler)
    i.HAL_DMA_Init                           0x08002050   Section        0  stm32f1xx_hal_dma.o(i.HAL_DMA_Init)
    i.HAL_DMA_Start_IT                       0x080020d4   Section        0  stm32f1xx_hal_dma.o(i.HAL_DMA_Start_IT)
    i.HAL_GPIO_EXTI_Callback                 0x08002144   Section        0  gpio_callback.o(i.HAL_GPIO_EXTI_Callback)
    i.HAL_GPIO_EXTI_IRQHandler               0x08002160   Section        0  stm32f1xx_hal_gpio.o(i.HAL_GPIO_EXTI_IRQHandler)
    i.HAL_GPIO_Init                          0x08002178   Section        0  stm32f1xx_hal_gpio.o(i.HAL_GPIO_Init)
    i.HAL_GPIO_ReadPin                       0x08002334   Section        0  stm32f1xx_hal_gpio.o(i.HAL_GPIO_ReadPin)
    i.HAL_GPIO_WritePin                      0x0800233e   Section        0  stm32f1xx_hal_gpio.o(i.HAL_GPIO_WritePin)
    i.HAL_GetTick                            0x08002348   Section        0  stm32f1xx_hal.o(i.HAL_GetTick)
    i.HAL_IncTick                            0x08002354   Section        0  stm32f1xx_hal.o(i.HAL_IncTick)
    i.HAL_Init                               0x08002364   Section        0  stm32f1xx_hal.o(i.HAL_Init)
    i.HAL_InitTick                           0x08002388   Section        0  stm32f1xx_hal.o(i.HAL_InitTick)
    i.HAL_MspInit                            0x080023b0   Section        0  stm32f1xx_hal_msp.o(i.HAL_MspInit)
    i.HAL_MultiProcessor_Init                0x08002444   Section        0  stm32f1xx_hal_uart.o(i.HAL_MultiProcessor_Init)
    i.HAL_NVIC_EnableIRQ                     0x080024c6   Section        0  stm32f1xx_hal_cortex.o(i.HAL_NVIC_EnableIRQ)
    i.HAL_NVIC_SetPriority                   0x080024dc   Section        0  stm32f1xx_hal_cortex.o(i.HAL_NVIC_SetPriority)
    i.HAL_NVIC_SetPriorityGrouping           0x0800251c   Section        0  stm32f1xx_hal_cortex.o(i.HAL_NVIC_SetPriorityGrouping)
    i.HAL_RCC_ClockConfig                    0x08002540   Section        0  stm32f1xx_hal_rcc.o(i.HAL_RCC_ClockConfig)
    i.HAL_RCC_GetHCLKFreq                    0x08002694   Section        0  stm32f1xx_hal_rcc.o(i.HAL_RCC_GetHCLKFreq)
    i.HAL_RCC_GetPCLK1Freq                   0x080026a0   Section        0  stm32f1xx_hal_rcc.o(i.HAL_RCC_GetPCLK1Freq)
    i.HAL_RCC_GetPCLK2Freq                   0x080026c0   Section        0  stm32f1xx_hal_rcc.o(i.HAL_RCC_GetPCLK2Freq)
    i.HAL_RCC_GetSysClockFreq                0x080026e0   Section        0  stm32f1xx_hal_rcc.o(i.HAL_RCC_GetSysClockFreq)
    i.HAL_RCC_OscConfig                      0x08002780   Section        0  stm32f1xx_hal_rcc.o(i.HAL_RCC_OscConfig)
    i.HAL_SYSTICK_CLKSourceConfig            0x08002b48   Section        0  stm32f1xx_hal_cortex.o(i.HAL_SYSTICK_CLKSourceConfig)
    i.HAL_SYSTICK_Callback                   0x08002b60   Section        0  stm32f1xx_hal_cortex.o(i.HAL_SYSTICK_Callback)
    i.HAL_SYSTICK_Config                     0x08002b62   Section        0  stm32f1xx_hal_cortex.o(i.HAL_SYSTICK_Config)
    i.HAL_SYSTICK_IRQHandler                 0x08002b8a   Section        0  stm32f1xx_hal_cortex.o(i.HAL_SYSTICK_IRQHandler)
    i.HAL_TIMEx_BreakCallback                0x08002b92   Section        0  stm32f1xx_hal_tim_ex.o(i.HAL_TIMEx_BreakCallback)
    i.HAL_TIMEx_CommutationCallback          0x08002b94   Section        0  stm32f1xx_hal_tim_ex.o(i.HAL_TIMEx_CommutationCallback)
    i.HAL_TIMEx_ConfigBreakDeadTime          0x08002b96   Section        0  stm32f1xx_hal_tim_ex.o(i.HAL_TIMEx_ConfigBreakDeadTime)
    i.HAL_TIMEx_MasterConfigSynchronization  0x08002bf0   Section        0  stm32f1xx_hal_tim_ex.o(i.HAL_TIMEx_MasterConfigSynchronization)
    i.HAL_TIM_Base_Init                      0x08002c40   Section        0  stm32f1xx_hal_tim.o(i.HAL_TIM_Base_Init)
    i.HAL_TIM_Base_MspInit                   0x08002c78   Section        0  tim.o(i.HAL_TIM_Base_MspInit)
    i.HAL_TIM_Base_Start_IT                  0x08002d1c   Section        0  stm32f1xx_hal_tim.o(i.HAL_TIM_Base_Start_IT)
    i.HAL_TIM_ConfigClockSource              0x08002d34   Section        0  stm32f1xx_hal_tim.o(i.HAL_TIM_ConfigClockSource)
    i.HAL_TIM_IC_CaptureCallback             0x08002e26   Section        0  stm32f1xx_hal_tim.o(i.HAL_TIM_IC_CaptureCallback)
    i.HAL_TIM_IRQHandler                     0x08002e28   Section        0  stm32f1xx_hal_tim.o(i.HAL_TIM_IRQHandler)
    i.HAL_TIM_MspPostInit                    0x08002f90   Section        0  tim.o(i.HAL_TIM_MspPostInit)
    i.HAL_TIM_OC_DelayElapsedCallback        0x08002fb8   Section        0  stm32f1xx_hal_tim.o(i.HAL_TIM_OC_DelayElapsedCallback)
    i.HAL_TIM_PWM_ConfigChannel              0x08002fba   Section        0  stm32f1xx_hal_tim.o(i.HAL_TIM_PWM_ConfigChannel)
    i.HAL_TIM_PWM_Init                       0x0800308a   Section        0  stm32f1xx_hal_tim.o(i.HAL_TIM_PWM_Init)
    i.HAL_TIM_PWM_MspInit                    0x080030c0   Section        0  stm32f1xx_hal_tim.o(i.HAL_TIM_PWM_MspInit)
    i.HAL_TIM_PWM_PulseFinishedCallback      0x080030c2   Section        0  stm32f1xx_hal_tim.o(i.HAL_TIM_PWM_PulseFinishedCallback)
    i.HAL_TIM_PWM_Start                      0x080030c4   Section        0  stm32f1xx_hal_tim.o(i.HAL_TIM_PWM_Start)
    i.HAL_TIM_PeriodElapsedCallback          0x080030f4   Section        0  tim_callback.o(i.HAL_TIM_PeriodElapsedCallback)
    i.HAL_TIM_TriggerCallback                0x08003178   Section        0  stm32f1xx_hal_tim.o(i.HAL_TIM_TriggerCallback)
    i.HAL_UART_ErrorCallback                 0x0800317a   Section        0  stm32f1xx_hal_uart.o(i.HAL_UART_ErrorCallback)
    i.HAL_UART_IRQHandler                    0x0800317c   Section        0  stm32f1xx_hal_uart.o(i.HAL_UART_IRQHandler)
    i.HAL_UART_MspInit                       0x0800328c   Section        0  usart.o(i.HAL_UART_MspInit)
    i.HAL_UART_Receive_DMA                   0x080033e0   Section        0  stm32f1xx_hal_uart.o(i.HAL_UART_Receive_DMA)
    i.HAL_UART_RxCpltCallback                0x08003478   Section        0  usart_callback.o(i.HAL_UART_RxCpltCallback)
    i.HAL_UART_RxHalfCpltCallback            0x080034c4   Section        0  stm32f1xx_hal_uart.o(i.HAL_UART_RxHalfCpltCallback)
    i.HAL_UART_Transmit                      0x080034c6   Section        0  stm32f1xx_hal_uart.o(i.HAL_UART_Transmit)
    i.HAL_UART_TxCpltCallback                0x08003580   Section        0  stm32f1xx_hal_uart.o(i.HAL_UART_TxCpltCallback)
    i.HardFault_Handler                      0x08003582   Section        0  stm32f1xx_it.o(i.HardFault_Handler)
    i.InitRoboData                           0x08003584   Section        0  robodata.o(i.InitRoboData)
    i.MX_CAN1_Init                           0x08003618   Section        0  can.o(i.MX_CAN1_Init)
    i.MX_CAN2_Init                           0x08003670   Section        0  can.o(i.MX_CAN2_Init)
    i.MX_DMA_Init                            0x080036c8   Section        0  dma.o(i.MX_DMA_Init)
    i.MX_GPIO_Init                           0x08003724   Section        0  gpio.o(i.MX_GPIO_Init)
    i.MX_TIM1_Init                           0x08003830   Section        0  tim.o(i.MX_TIM1_Init)
    i.MX_TIM3_Init                           0x08003940   Section        0  tim.o(i.MX_TIM3_Init)
    i.MX_TIM4_Init                           0x080039bc   Section        0  tim.o(i.MX_TIM4_Init)
    i.MX_TIM5_Init                           0x08003a34   Section        0  tim.o(i.MX_TIM5_Init)
    i.MX_UART4_Init                          0x08003ab0   Section        0  usart.o(i.MX_UART4_Init)
    i.MX_USART3_UART_Init                    0x08003b04   Section        0  usart.o(i.MX_USART3_UART_Init)
    i.MemManage_Handler                      0x08003b54   Section        0  stm32f1xx_it.o(i.MemManage_Handler)
    i.MonitorParaInit                        0x08003b58   Section        0  t_monitor.o(i.MonitorParaInit)
    i.NMI_Handler                            0x08003ba4   Section        0  stm32f1xx_it.o(i.NMI_Handler)
    i.NVIC_SetPriority                       0x08003ba6   Section        0  stm32f1xx_hal_cortex.o(i.NVIC_SetPriority)
    NVIC_SetPriority                         0x08003ba7   Thumb Code    32  stm32f1xx_hal_cortex.o(i.NVIC_SetPriority)
    i.PendSV_Handler                         0x08003bc6   Section        0  stm32f1xx_it.o(i.PendSV_Handler)
    i.PidCalc                                0x08003bc8   Section        0  pid.o(i.PidCalc)
    i.PidPITransfer                          0x08003e84   Section        0  pid.o(i.PidPITransfer)
    i.PidSet_all                             0x08003e9c   Section        0  pid.o(i.PidSet_all)
    i.Pitch_Init                             0x08003f34   Section        0  tripod.o(i.Pitch_Init)
    i.Pitch_SetAngle                         0x08004028   Section        0  tripod.o(i.Pitch_SetAngle)
    i.Pitch_SetSpeed                         0x0800416c   Section        0  tripod.o(i.Pitch_SetSpeed)
    i.RCDataParaInit                         0x08004190   Section        0  m_remote.o(i.RCDataParaInit)
    i.RCReadKey                              0x080041ba   Section        0  m_remote.o(i.RCReadKey)
    i.RemoteDataProcess                      0x0800421e   Section        0  m_remote.o(i.RemoteDataProcess)
    i.SVC_Handler                            0x080042fe   Section        0  stm32f1xx_it.o(i.SVC_Handler)
    i.SetMotoCurrent                         0x08004300   Section        0  m_moto.o(i.SetMotoCurrent)
    i.SetRoboControlMode                     0x0800434a   Section        0  robodata.o(i.SetRoboControlMode)
    i.Strike_Init                            0x08004380   Section        0  strike.o(i.Strike_Init)
    i.SysTick_Handler                        0x08004454   Section        0  stm32f1xx_it.o(i.SysTick_Handler)
    i.SystemClock_Config                     0x08004464   Section        0  main.o(i.SystemClock_Config)
    i.SystemInit                             0x080044d4   Section        0  system_stm32f1xx.o(i.SystemInit)
    i.TIM3_IRQHandler                        0x08004528   Section        0  stm32f1xx_it.o(i.TIM3_IRQHandler)
    i.TIM4_IRQHandler                        0x08004534   Section        0  stm32f1xx_it.o(i.TIM4_IRQHandler)
    i.TIM5_IRQHandler                        0x08004540   Section        0  stm32f1xx_it.o(i.TIM5_IRQHandler)
    i.TIM_Base_SetConfig                     0x0800454c   Section        0  stm32f1xx_hal_tim.o(i.TIM_Base_SetConfig)
    i.TIM_CCxChannelCmd                      0x080045c8   Section        0  stm32f1xx_hal_tim.o(i.TIM_CCxChannelCmd)
    i.TIM_ETR_SetConfig                      0x080045de   Section        0  stm32f1xx_hal_tim.o(i.TIM_ETR_SetConfig)
    TIM_ETR_SetConfig                        0x080045df   Thumb Code    20  stm32f1xx_hal_tim.o(i.TIM_ETR_SetConfig)
    i.TIM_ITRx_SetConfig                     0x080045f2   Section        0  stm32f1xx_hal_tim.o(i.TIM_ITRx_SetConfig)
    TIM_ITRx_SetConfig                       0x080045f3   Thumb Code    16  stm32f1xx_hal_tim.o(i.TIM_ITRx_SetConfig)
    i.TIM_OC1_SetConfig                      0x08004604   Section        0  stm32f1xx_hal_tim.o(i.TIM_OC1_SetConfig)
    TIM_OC1_SetConfig                        0x08004605   Thumb Code    74  stm32f1xx_hal_tim.o(i.TIM_OC1_SetConfig)
    i.TIM_OC2_SetConfig                      0x08004654   Section        0  stm32f1xx_hal_tim.o(i.TIM_OC2_SetConfig)
    i.TIM_OC3_SetConfig                      0x080046ac   Section        0  stm32f1xx_hal_tim.o(i.TIM_OC3_SetConfig)
    TIM_OC3_SetConfig                        0x080046ad   Thumb Code    82  stm32f1xx_hal_tim.o(i.TIM_OC3_SetConfig)
    i.TIM_OC4_SetConfig                      0x08004704   Section        0  stm32f1xx_hal_tim.o(i.TIM_OC4_SetConfig)
    TIM_OC4_SetConfig                        0x08004705   Thumb Code    64  stm32f1xx_hal_tim.o(i.TIM_OC4_SetConfig)
    i.TIM_TI1_ConfigInputStage               0x08004748   Section        0  stm32f1xx_hal_tim.o(i.TIM_TI1_ConfigInputStage)
    TIM_TI1_ConfigInputStage                 0x08004749   Thumb Code    34  stm32f1xx_hal_tim.o(i.TIM_TI1_ConfigInputStage)
    i.TIM_TI2_ConfigInputStage               0x0800476a   Section        0  stm32f1xx_hal_tim.o(i.TIM_TI2_ConfigInputStage)
    TIM_TI2_ConfigInputStage                 0x0800476b   Thumb Code    36  stm32f1xx_hal_tim.o(i.TIM_TI2_ConfigInputStage)
    i.TX_DATA_CLOUDDECK1_ID                  0x08004790   Section        0  m_transmit.o(i.TX_DATA_CLOUDDECK1_ID)
    i.TX_DATA_CLOUDDECK2_ID                  0x08004824   Section        0  m_transmit.o(i.TX_DATA_CLOUDDECK2_ID)
    i.Tripode_Fun                            0x0800491c   Section        0  tripod.o(i.Tripode_Fun)
    i.Tripode_Init                           0x08004b24   Section        0  tripod.o(i.Tripode_Init)
    i.UART4_IRQHandler                       0x08004b4c   Section        0  stm32f1xx_it.o(i.UART4_IRQHandler)
    i.UART_DMAAbortOnError                   0x08004b58   Section        0  stm32f1xx_hal_uart.o(i.UART_DMAAbortOnError)
    UART_DMAAbortOnError                     0x08004b59   Thumb Code    16  stm32f1xx_hal_uart.o(i.UART_DMAAbortOnError)
    i.UART_DMAError                          0x08004b68   Section        0  stm32f1xx_hal_uart.o(i.UART_DMAError)
    UART_DMAError                            0x08004b69   Thumb Code    74  stm32f1xx_hal_uart.o(i.UART_DMAError)
    i.UART_DMAReceiveCplt                    0x08004bb2   Section        0  stm32f1xx_hal_uart.o(i.UART_DMAReceiveCplt)
    UART_DMAReceiveCplt                      0x08004bb3   Thumb Code    60  stm32f1xx_hal_uart.o(i.UART_DMAReceiveCplt)
    i.UART_DMARxHalfCplt                     0x08004bee   Section        0  stm32f1xx_hal_uart.o(i.UART_DMARxHalfCplt)
    UART_DMARxHalfCplt                       0x08004bef   Thumb Code    10  stm32f1xx_hal_uart.o(i.UART_DMARxHalfCplt)
    i.UART_EndRxTransfer                     0x08004bf8   Section        0  stm32f1xx_hal_uart.o(i.UART_EndRxTransfer)
    UART_EndRxTransfer                       0x08004bf9   Thumb Code    28  stm32f1xx_hal_uart.o(i.UART_EndRxTransfer)
    i.UART_EndTxTransfer                     0x08004c14   Section        0  stm32f1xx_hal_uart.o(i.UART_EndTxTransfer)
    UART_EndTxTransfer                       0x08004c15   Thumb Code    18  stm32f1xx_hal_uart.o(i.UART_EndTxTransfer)
    i.UART_Receive_IT                        0x08004c26   Section        0  stm32f1xx_hal_uart.o(i.UART_Receive_IT)
    UART_Receive_IT                          0x08004c27   Thumb Code   150  stm32f1xx_hal_uart.o(i.UART_Receive_IT)
    i.UART_SetConfig                         0x08004cbc   Section        0  stm32f1xx_hal_uart.o(i.UART_SetConfig)
    UART_SetConfig                           0x08004cbd   Thumb Code   364  stm32f1xx_hal_uart.o(i.UART_SetConfig)
    i.UART_Transmit_IT                       0x08004e2c   Section        0  stm32f1xx_hal_uart.o(i.UART_Transmit_IT)
    UART_Transmit_IT                         0x08004e2d   Thumb Code    98  stm32f1xx_hal_uart.o(i.UART_Transmit_IT)
    i.UART_WaitOnFlagUntilTimeout            0x08004e8e   Section        0  stm32f1xx_hal_uart.o(i.UART_WaitOnFlagUntilTimeout)
    UART_WaitOnFlagUntilTimeout              0x08004e8f   Thumb Code   100  stm32f1xx_hal_uart.o(i.UART_WaitOnFlagUntilTimeout)
    i.USART3_IRQHandler                      0x08004ef4   Section        0  stm32f1xx_it.o(i.USART3_IRQHandler)
    i.UsageFault_Handler                     0x08004f00   Section        0  stm32f1xx_it.o(i.UsageFault_Handler)
    i.Yaw_Init                               0x08004f04   Section        0  tripod.o(i.Yaw_Init)
    i.Yaw_SetAngle                           0x08004fd4   Section        0  tripod.o(i.Yaw_SetAngle)
    i.Yaw_SetSpeed                           0x080050a0   Section        0  tripod.o(i.Yaw_SetSpeed)
    i._Error_Handler                         0x080050cc   Section        0  main.o(i._Error_Handler)
    i.__scatterload_copy                     0x080050ce   Section       14  handlers.o(i.__scatterload_copy)
    i.__scatterload_null                     0x080050dc   Section        2  handlers.o(i.__scatterload_null)
    i.__scatterload_zeroinit                 0x080050de   Section       14  handlers.o(i.__scatterload_zeroinit)
    i.all_bsp_init                           0x080050ec   Section        0  main.o(i.all_bsp_init)
    i.all_pid_init                           0x080051b4   Section        0  main.o(i.all_pid_init)
    i.main                                   0x08005390   Section        0  main.o(i.main)
    i.mode360                                0x080054b8   Section        0  tripod.o(i.mode360)
    i.monitor_JY901_process                  0x080054e0   Section        0  t_monitor.o(i.monitor_JY901_process)
    i.monitor_can_power_process              0x0800550c   Section        0  t_monitor.o(i.monitor_can_power_process)
    i.monitor_remote_process                 0x08005534   Section        0  t_monitor.o(i.monitor_remote_process)
    i.monitor_tx2_process                    0x08005554   Section        0  t_monitor.o(i.monitor_tx2_process)
    i.vcan_sendware                          0x08005580   Section        0  main.o(i.vcan_sendware)
    .constdata                               0x080055c8   Section       16  system_stm32f1xx.o(.constdata)
    .constdata                               0x080055d8   Section        8  system_stm32f1xx.o(.constdata)
    .data                                    0x20000000   Section        8  main.o(.data)
    transmit_count                           0x20000004   Data           4  main.o(.data)
    .data                                    0x20000008   Section        4  can.o(.data)
    HAL_RCC_CAN1_CLK_ENABLED                 0x20000008   Data           4  can.o(.data)
    .data                                    0x2000000c   Section      168  robodata.o(.data)
    .data                                    0x200000b4   Section        4  tim_callback.o(.data)
    .data                                    0x200000b8   Section       44  tripod.o(.data)
    encoder_windmill_last                    0x200000b8   Data           1  tripod.o(.data)
    Pirch_middle_init_flag                   0x200000b9   Data           1  tripod.o(.data)
    angle1                                   0x200000bc   Data           4  tripod.o(.data)
    yaw_integral                             0x200000c0   Data           4  tripod.o(.data)
    Pitch_integral                           0x200000c4   Data           4  tripod.o(.data)
    delaytimer                               0x200000c8   Data           4  tripod.o(.data)
    delaytimer                               0x200000cc   Data           4  tripod.o(.data)
    startdelay                               0x200000d0   Data           4  tripod.o(.data)
    onlinecounter                            0x200000d4   Data           4  tripod.o(.data)
    startdelay                               0x200000d8   Data           4  tripod.o(.data)
    lastyaw                                  0x200000dc   Data           4  tripod.o(.data)
    lastpitch                                0x200000e0   Data           4  tripod.o(.data)
    .data                                    0x200000e4   Section        4  stm32f1xx_hal.o(.data)
    .data                                    0x200000e8   Section        4  system_stm32f1xx.o(.data)
    .bss                                     0x200000ec   Section       32  main.o(.bss)
    .bss                                     0x2000010c   Section      264  can.o(.bss)
    Tx1Message                               0x2000010c   Data          28  can.o(.bss)
    Rx1Message                               0x20000128   Data          36  can.o(.bss)
    Tx2Message                               0x2000014c   Data          28  can.o(.bss)
    Rx2Message                               0x20000168   Data          36  can.o(.bss)
    .bss                                     0x20000214   Section      256  tim.o(.bss)
    .bss                                     0x20000314   Section      332  usart.o(.bss)
    .bss                                     0x20000460   Section       36  usart.o(.bss)
    .bss                                     0x20000484   Section       44  usart.o(.bss)
    .bss                                     0x200004b0   Section       80  t_monitor.o(.bss)
    .bss                                     0x20000500   Section      964  tripod.o(.bss)
    key_last                                 0x20000500   Data          16  tripod.o(.bss)
    .bss                                     0x200008c8   Section     1332  strike.o(.bss)
    key_last                                 0x200008c8   Data          16  strike.o(.bss)
    pitch_history                            0x200008d8   Data         200  strike.o(.bss)
    yaw_history                              0x200009a0   Data         200  strike.o(.bss)
    heat_history                             0x20000a68   Data         200  strike.o(.bss)
    .bss                                     0x20000dfc   Section       16  can_callback.o(.bss)
    .bss                                     0x20000e0c   Section     1904  m_moto.o(.bss)
    .bss                                     0x2000157c   Section      952  m_moto.o(.bss)
    .bss                                     0x20001934   Section      476  m_moto.o(.bss)
    .bss                                     0x20001b10   Section      476  m_moto.o(.bss)
    .bss                                     0x20001cec   Section      952  m_moto.o(.bss)
    .bss                                     0x200020a4   Section       56  m_remote.o(.bss)
    .bss                                     0x200020dc   Section       41  m_transmit.o(.bss)
    .bss                                     0x20002108   Section       16  tx2_protocol.o(.bss)
    STACK                                    0x20002118   Section     2048  startup_stm32f105xc.o(STACK)

    Global Symbols

    Symbol Name                              Value     Ov Type        Size  Object(Section)

    BuildAttributes$$THM_ISAv4$P$D$K$B$S$PE$A:L22UL41UL21$X:L11$S22US41US21$IEEE1$IW$USESV6$~STKCKD$USESV7$~SHL$OTIME$ROPI$IEEEX$EBA8$MICROLIB$REQ8$PRES8$EABIv2 0x00000000   Number         0  anon$$obj.o ABSOLUTE
    __ARM_use_no_argv                        0x00000000   Number         0  main.o ABSOLUTE
    __cpp_initialize__aeabi_                  - Undefined Weak Reference
    __cxa_finalize                            - Undefined Weak Reference
    __decompress                              - Undefined Weak Reference
    _clock_init                               - Undefined Weak Reference
    _microlib_exit                            - Undefined Weak Reference
    __Vectors_Size                           0x00000150   Number         0  startup_stm32f105xc.o ABSOLUTE
    __Vectors                                0x08000000   Data           4  startup_stm32f105xc.o(RESET)
    __Vectors_End                            0x08000150   Data           0  startup_stm32f105xc.o(RESET)
    __main                                   0x08000151   Thumb Code     0  entry.o(.ARM.Collect$$$$00000000)
    _main_stk                                0x08000151   Thumb Code     0  entry2.o(.ARM.Collect$$$$00000001)
    _main_scatterload                        0x08000155   Thumb Code     0  entry5.o(.ARM.Collect$$$$00000004)
    __main_after_scatterload                 0x08000159   Thumb Code     0  entry5.o(.ARM.Collect$$$$00000004)
    _main_clock                              0x08000159   Thumb Code     0  entry7b.o(.ARM.Collect$$$$00000008)
    _main_cpp_init                           0x08000159   Thumb Code     0  entry8b.o(.ARM.Collect$$$$0000000A)
    _main_init                               0x08000159   Thumb Code     0  entry9a.o(.ARM.Collect$$$$0000000B)
    __rt_final_cpp                           0x08000161   Thumb Code     0  entry10a.o(.ARM.Collect$$$$0000000D)
    __rt_final_exit                          0x08000161   Thumb Code     0  entry11a.o(.ARM.Collect$$$$0000000F)
    Reset_Handler                            0x08000165   Thumb Code     8  startup_stm32f105xc.o(.text)
    ADC1_2_IRQHandler                        0x0800017f   Thumb Code     0  startup_stm32f105xc.o(.text)
    CAN1_RX1_IRQHandler                      0x0800017f   Thumb Code     0  startup_stm32f105xc.o(.text)
    CAN1_SCE_IRQHandler                      0x0800017f   Thumb Code     0  startup_stm32f105xc.o(.text)
    CAN2_RX1_IRQHandler                      0x0800017f   Thumb Code     0  startup_stm32f105xc.o(.text)
    CAN2_SCE_IRQHandler                      0x0800017f   Thumb Code     0  startup_stm32f105xc.o(.text)
    CAN2_TX_IRQHandler                       0x0800017f   Thumb Code     0  startup_stm32f105xc.o(.text)
    DMA1_Channel1_IRQHandler                 0x0800017f   Thumb Code     0  startup_stm32f105xc.o(.text)
    DMA1_Channel4_IRQHandler                 0x0800017f   Thumb Code     0  startup_stm32f105xc.o(.text)
    DMA1_Channel5_IRQHandler                 0x0800017f   Thumb Code     0  startup_stm32f105xc.o(.text)
    DMA1_Channel6_IRQHandler                 0x0800017f   Thumb Code     0  startup_stm32f105xc.o(.text)
    DMA1_Channel7_IRQHandler                 0x0800017f   Thumb Code     0  startup_stm32f105xc.o(.text)
    DMA2_Channel1_IRQHandler                 0x0800017f   Thumb Code     0  startup_stm32f105xc.o(.text)
    DMA2_Channel2_IRQHandler                 0x0800017f   Thumb Code     0  startup_stm32f105xc.o(.text)
    DMA2_Channel4_IRQHandler                 0x0800017f   Thumb Code     0  startup_stm32f105xc.o(.text)
    DMA2_Channel5_IRQHandler                 0x0800017f   Thumb Code     0  startup_stm32f105xc.o(.text)
    EXTI15_10_IRQHandler                     0x0800017f   Thumb Code     0  startup_stm32f105xc.o(.text)
    EXTI3_IRQHandler                         0x0800017f   Thumb Code     0  startup_stm32f105xc.o(.text)
    EXTI4_IRQHandler                         0x0800017f   Thumb Code     0  startup_stm32f105xc.o(.text)
    EXTI9_5_IRQHandler                       0x0800017f   Thumb Code     0  startup_stm32f105xc.o(.text)
    FLASH_IRQHandler                         0x0800017f   Thumb Code     0  startup_stm32f105xc.o(.text)
    I2C1_ER_IRQHandler                       0x0800017f   Thumb Code     0  startup_stm32f105xc.o(.text)
    I2C1_EV_IRQHandler                       0x0800017f   Thumb Code     0  startup_stm32f105xc.o(.text)
    I2C2_ER_IRQHandler                       0x0800017f   Thumb Code     0  startup_stm32f105xc.o(.text)
    I2C2_EV_IRQHandler                       0x0800017f   Thumb Code     0  startup_stm32f105xc.o(.text)
    OTG_FS_IRQHandler                        0x0800017f   Thumb Code     0  startup_stm32f105xc.o(.text)
    OTG_FS_WKUP_IRQHandler                   0x0800017f   Thumb Code     0  startup_stm32f105xc.o(.text)
    PVD_IRQHandler                           0x0800017f   Thumb Code     0  startup_stm32f105xc.o(.text)
    RCC_IRQHandler                           0x0800017f   Thumb Code     0  startup_stm32f105xc.o(.text)
    RTC_Alarm_IRQHandler                     0x0800017f   Thumb Code     0  startup_stm32f105xc.o(.text)
    RTC_IRQHandler                           0x0800017f   Thumb Code     0  startup_stm32f105xc.o(.text)
    SPI1_IRQHandler                          0x0800017f   Thumb Code     0  startup_stm32f105xc.o(.text)
    SPI2_IRQHandler                          0x0800017f   Thumb Code     0  startup_stm32f105xc.o(.text)
    SPI3_IRQHandler                          0x0800017f   Thumb Code     0  startup_stm32f105xc.o(.text)
    TAMPER_IRQHandler                        0x0800017f   Thumb Code     0  startup_stm32f105xc.o(.text)
    TIM1_BRK_IRQHandler                      0x0800017f   Thumb Code     0  startup_stm32f105xc.o(.text)
    TIM1_CC_IRQHandler                       0x0800017f   Thumb Code     0  startup_stm32f105xc.o(.text)
    TIM1_TRG_COM_IRQHandler                  0x0800017f   Thumb Code     0  startup_stm32f105xc.o(.text)
    TIM1_UP_IRQHandler                       0x0800017f   Thumb Code     0  startup_stm32f105xc.o(.text)
    TIM2_IRQHandler                          0x0800017f   Thumb Code     0  startup_stm32f105xc.o(.text)
    TIM6_IRQHandler                          0x0800017f   Thumb Code     0  startup_stm32f105xc.o(.text)
    TIM7_IRQHandler                          0x0800017f   Thumb Code     0  startup_stm32f105xc.o(.text)
    UART5_IRQHandler                         0x0800017f   Thumb Code     0  startup_stm32f105xc.o(.text)
    USART1_IRQHandler                        0x0800017f   Thumb Code     0  startup_stm32f105xc.o(.text)
    USART2_IRQHandler                        0x0800017f   Thumb Code     0  startup_stm32f105xc.o(.text)
    WWDG_IRQHandler                          0x0800017f   Thumb Code     0  startup_stm32f105xc.o(.text)
    __aeabi_llsr                             0x08000189   Thumb Code    32  llushr.o(.text)
    _ll_ushift_r                             0x08000189   Thumb Code     0  llushr.o(.text)
    __aeabi_memcpy                           0x080001a9   Thumb Code    36  memcpya.o(.text)
    __aeabi_memcpy4                          0x080001a9   Thumb Code     0  memcpya.o(.text)
    __aeabi_memcpy8                          0x080001a9   Thumb Code     0  memcpya.o(.text)
    __aeabi_fadd                             0x080001cd   Thumb Code   164  fadd.o(.text)
    __aeabi_fsub                             0x08000271   Thumb Code     6  fadd.o(.text)
    __aeabi_frsub                            0x08000277   Thumb Code     6  fadd.o(.text)
    __aeabi_fmul                             0x0800027d   Thumb Code   100  fmul.o(.text)
    __aeabi_fdiv                             0x080002e1   Thumb Code   124  fdiv.o(.text)
    __ARM_scalbnf                            0x0800035d   Thumb Code    24  fscalb.o(.text)
    scalbnf                                  0x0800035d   Thumb Code     0  fscalb.o(.text)
    __aeabi_dadd                             0x08000375   Thumb Code   322  dadd.o(.text)
    __aeabi_dsub                             0x080004b7   Thumb Code     6  dadd.o(.text)
    __aeabi_drsub                            0x080004bd   Thumb Code     6  dadd.o(.text)
    __aeabi_dmul                             0x080004c3   Thumb Code   228  dmul.o(.text)
    __aeabi_ddiv                             0x080005a7   Thumb Code   222  ddiv.o(.text)
    __aeabi_i2f                              0x08000685   Thumb Code    18  fflti.o(.text)
    __aeabi_ui2f                             0x08000697   Thumb Code    10  ffltui.o(.text)
    __aeabi_ui2d                             0x080006a1   Thumb Code    26  dfltui.o(.text)
    __aeabi_f2iz                             0x080006bb   Thumb Code    50  ffixi.o(.text)
    __aeabi_f2d                              0x080006ed   Thumb Code    38  f2d.o(.text)
    __aeabi_d2f                              0x08000713   Thumb Code    56  d2f.o(.text)
    __aeabi_cfcmpeq                          0x0800074d   Thumb Code     0  cfcmple.o(.text)
    __aeabi_cfcmple                          0x0800074d   Thumb Code    20  cfcmple.o(.text)
    __aeabi_cfrcmple                         0x08000761   Thumb Code    20  cfrcmple.o(.text)
    __aeabi_llsl                             0x08000775   Thumb Code    30  llshl.o(.text)
    _ll_shift_l                              0x08000775   Thumb Code     0  llshl.o(.text)
    __aeabi_lasr                             0x08000793   Thumb Code    36  llsshr.o(.text)
    _ll_sshift_r                             0x08000793   Thumb Code     0  llsshr.o(.text)
    __I$use$fp                               0x080007b7   Thumb Code     0  iusefp.o(.text)
    _float_round                             0x080007b7   Thumb Code    18  fepilogue.o(.text)
    _float_epilogue                          0x080007c9   Thumb Code    92  fepilogue.o(.text)
    _double_round                            0x08000825   Thumb Code    30  depilogue.o(.text)
    _double_epilogue                         0x08000843   Thumb Code   156  depilogue.o(.text)
    __scatterload                            0x080008e1   Thumb Code    28  init.o(.text)
    __scatterload_rt2                        0x080008e1   Thumb Code     0  init.o(.text)
    ABSLimit                                 0x08000927   Thumb Code    34  pid.o(i.ABSLimit)
    BusFault_Handler                         0x08000949   Thumb Code     2  stm32f1xx_it.o(i.BusFault_Handler)
    CAN1_RX0_IRQHandler                      0x0800094d   Thumb Code     6  stm32f1xx_it.o(i.CAN1_RX0_IRQHandler)
    CAN1_TX_IRQHandler                       0x08000959   Thumb Code     6  stm32f1xx_it.o(i.CAN1_TX_IRQHandler)
    CAN2_RX0_IRQHandler                      0x08000965   Thumb Code     6  stm32f1xx_it.o(i.CAN2_RX0_IRQHandler)
    CAN_Filter_Init_Recv_ALL                 0x08000971   Thumb Code    76  can.o(i.CAN_Filter_Init_Recv_ALL)
    DMA1_Channel2_IRQHandler                 0x08000ae9   Thumb Code     6  stm32f1xx_it.o(i.DMA1_Channel2_IRQHandler)
    DMA1_Channel3_IRQHandler                 0x08000af5   Thumb Code     6  stm32f1xx_it.o(i.DMA1_Channel3_IRQHandler)
    DMA2_Channel3_IRQHandler                 0x08000b01   Thumb Code     6  stm32f1xx_it.o(i.DMA2_Channel3_IRQHandler)
    DebugMon_Handler                         0x08000b37   Thumb Code     2  stm32f1xx_it.o(i.DebugMon_Handler)
    EXTI0_IRQHandler                         0x08000b39   Thumb Code     6  stm32f1xx_it.o(i.EXTI0_IRQHandler)
    EXTI1_IRQHandler                         0x08000b3f   Thumb Code     6  stm32f1xx_it.o(i.EXTI1_IRQHandler)
    EXTI2_IRQHandler                         0x08000b45   Thumb Code     6  stm32f1xx_it.o(i.EXTI2_IRQHandler)
    GenerallySetChassisSpeed                 0x08000b4d   Thumb Code   134  robodata.o(i.GenerallySetChassisSpeed)
    GenerallySetTripodControl                0x08000bdd   Thumb Code   116  robodata.o(i.GenerallySetTripodControl)
    Get17HeatControlData                     0x08000c61   Thumb Code    72  robodata.o(i.Get17HeatControlData)
    Get42HeatControlData                     0x08000cad   Thumb Code   108  robodata.o(i.Get42HeatControlData)
    GetAmmunition42ControlStatus             0x08000d1d   Thumb Code   224  robodata.o(i.GetAmmunition42ControlStatus)
    GetBToADataVal                           0x08000e05   Thumb Code    84  m_transmit.o(i.GetBToADataVal)
    GetChassisControlStatus                  0x08000e59   Thumb Code    60  robodata.o(i.GetChassisControlStatus)
    GetDJIControlData                        0x08000e9d   Thumb Code     2  robodata.o(i.GetDJIControlData)
    GetEncoderMeasure                        0x08000e9f   Thumb Code   198  moto_encoder.o(i.GetEncoderMeasure)
    GetIntergralPitch                        0x08000f65   Thumb Code    36  tripod.o(i.GetIntergralPitch)
    GetIntergralYaw                          0x08000f8d   Thumb Code    36  tripod.o(i.GetIntergralYaw)
    GetPitchAngle1000Hz                      0x08000fb5   Thumb Code   210  tripod.o(i.GetPitchAngle1000Hz)
    GetRemoteControlData                     0x0800109d   Thumb Code   104  robodata.o(i.GetRemoteControlData)
    GetYawAngle1000Hz                        0x08001109   Thumb Code   276  tripod.o(i.GetYawAngle1000Hz)
    GyroMonitor                              0x08001239   Thumb Code    90  tripod.o(i.GyroMonitor)
    HAL_CAN_ConfigFilter                     0x0800129d   Thumb Code   242  stm32f1xx_hal_can.o(i.HAL_CAN_ConfigFilter)
    HAL_CAN_ErrorCallback                    0x0800138f   Thumb Code     2  stm32f1xx_hal_can.o(i.HAL_CAN_ErrorCallback)
    HAL_CAN_IRQHandler                       0x08001391   Thumb Code   548  stm32f1xx_hal_can.o(i.HAL_CAN_IRQHandler)
    HAL_CAN_Init                             0x080015c5   Thumb Code   300  stm32f1xx_hal_can.o(i.HAL_CAN_Init)
    HAL_CAN_MspInit                          0x080016f1   Thumb Code   286  can.o(i.HAL_CAN_MspInit)
    HAL_CAN_Receive_IT                       0x08001829   Thumb Code   180  stm32f1xx_hal_can.o(i.HAL_CAN_Receive_IT)
    HAL_CAN_RxCpltCallback                   0x080018dd   Thumb Code   478  can_callback.o(i.HAL_CAN_RxCpltCallback)
    HAL_CAN_Transmit                         0x08001b09   Thumb Code   446  stm32f1xx_hal_can.o(i.HAL_CAN_Transmit)
    HAL_CAN_TxCpltCallback                   0x08001cd5   Thumb Code     2  stm32f1xx_hal_can.o(i.HAL_CAN_TxCpltCallback)
    HAL_DMA_Abort_IT                         0x08001cd9   Thumb Code   296  stm32f1xx_hal_dma.o(i.HAL_DMA_Abort_IT)
    HAL_DMA_IRQHandler                       0x08001e09   Thumb Code   552  stm32f1xx_hal_dma.o(i.HAL_DMA_IRQHandler)
    HAL_DMA_Init                             0x08002051   Thumb Code   120  stm32f1xx_hal_dma.o(i.HAL_DMA_Init)
    HAL_DMA_Start_IT                         0x080020d5   Thumb Code   112  stm32f1xx_hal_dma.o(i.HAL_DMA_Start_IT)
    HAL_GPIO_EXTI_Callback                   0x08002145   Thumb Code    22  gpio_callback.o(i.HAL_GPIO_EXTI_Callback)
    HAL_GPIO_EXTI_IRQHandler                 0x08002161   Thumb Code    18  stm32f1xx_hal_gpio.o(i.HAL_GPIO_EXTI_IRQHandler)
    HAL_GPIO_Init                            0x08002179   Thumb Code   408  stm32f1xx_hal_gpio.o(i.HAL_GPIO_Init)
    HAL_GPIO_ReadPin                         0x08002335   Thumb Code    10  stm32f1xx_hal_gpio.o(i.HAL_GPIO_ReadPin)
    HAL_GPIO_WritePin                        0x0800233f   Thumb Code    10  stm32f1xx_hal_gpio.o(i.HAL_GPIO_WritePin)
    HAL_GetTick                              0x08002349   Thumb Code     6  stm32f1xx_hal.o(i.HAL_GetTick)
    HAL_IncTick                              0x08002355   Thumb Code    10  stm32f1xx_hal.o(i.HAL_IncTick)
    HAL_Init                                 0x08002365   Thumb Code    32  stm32f1xx_hal.o(i.HAL_Init)
    HAL_InitTick                             0x08002389   Thumb Code    34  stm32f1xx_hal.o(i.HAL_InitTick)
    HAL_MspInit                              0x080023b1   Thumb Code   138  stm32f1xx_hal_msp.o(i.HAL_MspInit)
    HAL_MultiProcessor_Init                  0x08002445   Thumb Code   130  stm32f1xx_hal_uart.o(i.HAL_MultiProcessor_Init)
    HAL_NVIC_EnableIRQ                       0x080024c7   Thumb Code    22  stm32f1xx_hal_cortex.o(i.HAL_NVIC_EnableIRQ)
    HAL_NVIC_SetPriority                     0x080024dd   Thumb Code    60  stm32f1xx_hal_cortex.o(i.HAL_NVIC_SetPriority)
    HAL_NVIC_SetPriorityGrouping             0x0800251d   Thumb Code    26  stm32f1xx_hal_cortex.o(i.HAL_NVIC_SetPriorityGrouping)
    HAL_RCC_ClockConfig                      0x08002541   Thumb Code   322  stm32f1xx_hal_rcc.o(i.HAL_RCC_ClockConfig)
    HAL_RCC_GetHCLKFreq                      0x08002695   Thumb Code     6  stm32f1xx_hal_rcc.o(i.HAL_RCC_GetHCLKFreq)
    HAL_RCC_GetPCLK1Freq                     0x080026a1   Thumb Code    20  stm32f1xx_hal_rcc.o(i.HAL_RCC_GetPCLK1Freq)
    HAL_RCC_GetPCLK2Freq                     0x080026c1   Thumb Code    20  stm32f1xx_hal_rcc.o(i.HAL_RCC_GetPCLK2Freq)
    HAL_RCC_GetSysClockFreq                  0x080026e1   Thumb Code   116  stm32f1xx_hal_rcc.o(i.HAL_RCC_GetSysClockFreq)
    HAL_RCC_OscConfig                        0x08002781   Thumb Code   946  stm32f1xx_hal_rcc.o(i.HAL_RCC_OscConfig)
    HAL_SYSTICK_CLKSourceConfig              0x08002b49   Thumb Code    24  stm32f1xx_hal_cortex.o(i.HAL_SYSTICK_CLKSourceConfig)
    HAL_SYSTICK_Callback                     0x08002b61   Thumb Code     2  stm32f1xx_hal_cortex.o(i.HAL_SYSTICK_Callback)
    HAL_SYSTICK_Config                       0x08002b63   Thumb Code    40  stm32f1xx_hal_cortex.o(i.HAL_SYSTICK_Config)
    HAL_SYSTICK_IRQHandler                   0x08002b8b   Thumb Code     8  stm32f1xx_hal_cortex.o(i.HAL_SYSTICK_IRQHandler)
    HAL_TIMEx_BreakCallback                  0x08002b93   Thumb Code     2  stm32f1xx_hal_tim_ex.o(i.HAL_TIMEx_BreakCallback)
    HAL_TIMEx_CommutationCallback            0x08002b95   Thumb Code     2  stm32f1xx_hal_tim_ex.o(i.HAL_TIMEx_CommutationCallback)
    HAL_TIMEx_ConfigBreakDeadTime            0x08002b97   Thumb Code    90  stm32f1xx_hal_tim_ex.o(i.HAL_TIMEx_ConfigBreakDeadTime)
    HAL_TIMEx_MasterConfigSynchronization    0x08002bf1   Thumb Code    80  stm32f1xx_hal_tim_ex.o(i.HAL_TIMEx_MasterConfigSynchronization)
    HAL_TIM_Base_Init                        0x08002c41   Thumb Code    54  stm32f1xx_hal_tim.o(i.HAL_TIM_Base_Init)
    HAL_TIM_Base_MspInit                     0x08002c79   Thumb Code   144  tim.o(i.HAL_TIM_Base_MspInit)
    HAL_TIM_Base_Start_IT                    0x08002d1d   Thumb Code    24  stm32f1xx_hal_tim.o(i.HAL_TIM_Base_Start_IT)
    HAL_TIM_ConfigClockSource                0x08002d35   Thumb Code   242  stm32f1xx_hal_tim.o(i.HAL_TIM_ConfigClockSource)
    HAL_TIM_IC_CaptureCallback               0x08002e27   Thumb Code     2  stm32f1xx_hal_tim.o(i.HAL_TIM_IC_CaptureCallback)
    HAL_TIM_IRQHandler                       0x08002e29   Thumb Code   358  stm32f1xx_hal_tim.o(i.HAL_TIM_IRQHandler)
    HAL_TIM_MspPostInit                      0x08002f91   Thumb Code    32  tim.o(i.HAL_TIM_MspPostInit)
    HAL_TIM_OC_DelayElapsedCallback          0x08002fb9   Thumb Code     2  stm32f1xx_hal_tim.o(i.HAL_TIM_OC_DelayElapsedCallback)
    HAL_TIM_PWM_ConfigChannel                0x08002fbb   Thumb Code   208  stm32f1xx_hal_tim.o(i.HAL_TIM_PWM_ConfigChannel)
    HAL_TIM_PWM_Init                         0x0800308b   Thumb Code    54  stm32f1xx_hal_tim.o(i.HAL_TIM_PWM_Init)
    HAL_TIM_PWM_MspInit                      0x080030c1   Thumb Code     2  stm32f1xx_hal_tim.o(i.HAL_TIM_PWM_MspInit)
    HAL_TIM_PWM_PulseFinishedCallback        0x080030c3   Thumb Code     2  stm32f1xx_hal_tim.o(i.HAL_TIM_PWM_PulseFinishedCallback)
    HAL_TIM_PWM_Start                        0x080030c5   Thumb Code    42  stm32f1xx_hal_tim.o(i.HAL_TIM_PWM_Start)
    HAL_TIM_PeriodElapsedCallback            0x080030f5   Thumb Code   104  tim_callback.o(i.HAL_TIM_PeriodElapsedCallback)
    HAL_TIM_TriggerCallback                  0x08003179   Thumb Code     2  stm32f1xx_hal_tim.o(i.HAL_TIM_TriggerCallback)
    HAL_UART_ErrorCallback                   0x0800317b   Thumb Code     2  stm32f1xx_hal_uart.o(i.HAL_UART_ErrorCallback)
    HAL_UART_IRQHandler                      0x0800317d   Thumb Code   266  stm32f1xx_hal_uart.o(i.HAL_UART_IRQHandler)
    HAL_UART_MspInit                         0x0800328d   Thumb Code   290  usart.o(i.HAL_UART_MspInit)
    HAL_UART_Receive_DMA                     0x080033e1   Thumb Code   138  stm32f1xx_hal_uart.o(i.HAL_UART_Receive_DMA)
    HAL_UART_RxCpltCallback                  0x08003479   Thumb Code    52  usart_callback.o(i.HAL_UART_RxCpltCallback)
    HAL_UART_RxHalfCpltCallback              0x080034c5   Thumb Code     2  stm32f1xx_hal_uart.o(i.HAL_UART_RxHalfCpltCallback)
    HAL_UART_Transmit                        0x080034c7   Thumb Code   186  stm32f1xx_hal_uart.o(i.HAL_UART_Transmit)
    HAL_UART_TxCpltCallback                  0x08003581   Thumb Code     2  stm32f1xx_hal_uart.o(i.HAL_UART_TxCpltCallback)
    HardFault_Handler                        0x08003583   Thumb Code     2  stm32f1xx_it.o(i.HardFault_Handler)
    InitRoboData                             0x08003585   Thumb Code   100  robodata.o(i.InitRoboData)
    MX_CAN1_Init                             0x08003619   Thumb Code    62  can.o(i.MX_CAN1_Init)
    MX_CAN2_Init                             0x08003671   Thumb Code    62  can.o(i.MX_CAN2_Init)
    MX_DMA_Init                              0x080036c9   Thumb Code    88  dma.o(i.MX_DMA_Init)
    MX_GPIO_Init                             0x08003725   Thumb Code   242  gpio.o(i.MX_GPIO_Init)
    MX_TIM1_Init                             0x08003831   Thumb Code   248  tim.o(i.MX_TIM1_Init)
    MX_TIM3_Init                             0x08003941   Thumb Code    98  tim.o(i.MX_TIM3_Init)
    MX_TIM4_Init                             0x080039bd   Thumb Code    96  tim.o(i.MX_TIM4_Init)
    MX_TIM5_Init                             0x08003a35   Thumb Code    98  tim.o(i.MX_TIM5_Init)
    MX_UART4_Init                            0x08003ab1   Thumb Code    56  usart.o(i.MX_UART4_Init)
    MX_USART3_UART_Init                      0x08003b05   Thumb Code    54  usart.o(i.MX_USART3_UART_Init)
    MemManage_Handler                        0x08003b55   Thumb Code     2  stm32f1xx_it.o(i.MemManage_Handler)
    MonitorParaInit                          0x08003b59   Thumb Code    54  t_monitor.o(i.MonitorParaInit)
    NMI_Handler                              0x08003ba5   Thumb Code     2  stm32f1xx_it.o(i.NMI_Handler)
    PendSV_Handler                           0x08003bc7   Thumb Code     2  stm32f1xx_it.o(i.PendSV_Handler)
    PidCalc                                  0x08003bc9   Thumb Code   688  pid.o(i.PidCalc)
    PidPITransfer                            0x08003e85   Thumb Code    24  pid.o(i.PidPITransfer)
    PidSet_all                               0x08003e9d   Thumb Code   150  pid.o(i.PidSet_all)
    Pitch_Init                               0x08003f35   Thumb Code   168  tripod.o(i.Pitch_Init)
    Pitch_SetAngle                           0x08004029   Thumb Code   306  tripod.o(i.Pitch_SetAngle)
    Pitch_SetSpeed                           0x0800416d   Thumb Code    30  tripod.o(i.Pitch_SetSpeed)
    RCDataParaInit                           0x08004191   Thumb Code    42  m_remote.o(i.RCDataParaInit)
    RCReadKey                                0x080041bb   Thumb Code   100  m_remote.o(i.RCReadKey)
    RemoteDataProcess                        0x0800421f   Thumb Code   224  m_remote.o(i.RemoteDataProcess)
    SVC_Handler                              0x080042ff   Thumb Code     2  stm32f1xx_it.o(i.SVC_Handler)
    SetMotoCurrent                           0x08004301   Thumb Code    74  m_moto.o(i.SetMotoCurrent)
    SetRoboControlMode                       0x0800434b   Thumb Code    52  robodata.o(i.SetRoboControlMode)
    Strike_Init                              0x08004381   Thumb Code   152  strike.o(i.Strike_Init)
    SysTick_Handler                          0x08004455   Thumb Code    14  stm32f1xx_it.o(i.SysTick_Handler)
    SystemClock_Config                       0x08004465   Thumb Code   106  main.o(i.SystemClock_Config)
    SystemInit                               0x080044d5   Thumb Code    68  system_stm32f1xx.o(i.SystemInit)
    TIM3_IRQHandler                          0x08004529   Thumb Code     6  stm32f1xx_it.o(i.TIM3_IRQHandler)
    TIM4_IRQHandler                          0x08004535   Thumb Code     6  stm32f1xx_it.o(i.TIM4_IRQHandler)
    TIM5_IRQHandler                          0x08004541   Thumb Code     6  stm32f1xx_it.o(i.TIM5_IRQHandler)
    TIM_Base_SetConfig                       0x0800454d   Thumb Code   106  stm32f1xx_hal_tim.o(i.TIM_Base_SetConfig)
    TIM_CCxChannelCmd                        0x080045c9   Thumb Code    22  stm32f1xx_hal_tim.o(i.TIM_CCxChannelCmd)
    TIM_OC2_SetConfig                        0x08004655   Thumb Code    84  stm32f1xx_hal_tim.o(i.TIM_OC2_SetConfig)
    TX_DATA_CLOUDDECK1_ID                    0x08004791   Thumb Code   134  m_transmit.o(i.TX_DATA_CLOUDDECK1_ID)
    TX_DATA_CLOUDDECK2_ID                    0x08004825   Thumb Code   230  m_transmit.o(i.TX_DATA_CLOUDDECK2_ID)
    Tripode_Fun                              0x0800491d   Thumb Code   478  tripod.o(i.Tripode_Fun)
    Tripode_Init                             0x08004b25   Thumb Code    36  tripod.o(i.Tripode_Init)
    UART4_IRQHandler                         0x08004b4d   Thumb Code     6  stm32f1xx_it.o(i.UART4_IRQHandler)
    USART3_IRQHandler                        0x08004ef5   Thumb Code     6  stm32f1xx_it.o(i.USART3_IRQHandler)
    UsageFault_Handler                       0x08004f01   Thumb Code     2  stm32f1xx_it.o(i.UsageFault_Handler)
    Yaw_Init                                 0x08004f05   Thumb Code   148  tripod.o(i.Yaw_Init)
    Yaw_SetAngle                             0x08004fd5   Thumb Code   190  tripod.o(i.Yaw_SetAngle)
    Yaw_SetSpeed                             0x080050a1   Thumb Code    34  tripod.o(i.Yaw_SetSpeed)
    _Error_Handler                           0x080050cd   Thumb Code     2  main.o(i._Error_Handler)
    __scatterload_copy                       0x080050cf   Thumb Code    14  handlers.o(i.__scatterload_copy)
    __scatterload_null                       0x080050dd   Thumb Code     2  handlers.o(i.__scatterload_null)
    __scatterload_zeroinit                   0x080050df   Thumb Code    14  handlers.o(i.__scatterload_zeroinit)
    all_bsp_init                             0x080050ed   Thumb Code   172  main.o(i.all_bsp_init)
    all_pid_init                             0x080051b5   Thumb Code   378  main.o(i.all_pid_init)
    main                                     0x08005391   Thumb Code   244  main.o(i.main)
    mode360                                  0x080054b9   Thumb Code    32  tripod.o(i.mode360)
    monitor_JY901_process                    0x080054e1   Thumb Code    34  t_monitor.o(i.monitor_JY901_process)
    monitor_can_power_process                0x0800550d   Thumb Code    34  t_monitor.o(i.monitor_can_power_process)
    monitor_remote_process                   0x08005535   Thumb Code    26  t_monitor.o(i.monitor_remote_process)
    monitor_tx2_process                      0x08005555   Thumb Code    34  t_monitor.o(i.monitor_tx2_process)
    vcan_sendware                            0x08005581   Thumb Code    60  main.o(i.vcan_sendware)
    AHBPrescTable                            0x080055c8   Data          16  system_stm32f1xx.o(.constdata)
    APBPrescTable                            0x080055d8   Data           8  system_stm32f1xx.o(.constdata)
    Region$$Table$$Base                      0x080055e0   Number         0  anon$$obj.o(Region$$Table)
    Region$$Table$$Limit                     0x08005600   Number         0  anon$$obj.o(Region$$Table)
    var_time_count                           0x20000000   Data           4  main.o(.data)
    RoboData                                 0x2000000c   Data         168  robodata.o(.data)
    time_piece                               0x200000b4   Data           4  tim_callback.o(.data)
    uwTick                                   0x200000e4   Data           4  stm32f1xx_hal.o(.data)
    SystemCoreClock                          0x200000e8   Data           4  system_stm32f1xx.o(.data)
    var                                      0x200000ec   Data          32  main.o(.bss)
    hcan1                                    0x2000018c   Data          68  can.o(.bss)
    hcan2                                    0x200001d0   Data          68  can.o(.bss)
    htim1                                    0x20000214   Data          64  tim.o(.bss)
    htim3                                    0x20000254   Data          64  tim.o(.bss)
    htim5                                    0x20000294   Data          64  tim.o(.bss)
    htim4                                    0x200002d4   Data          64  tim.o(.bss)
    huart4                                   0x20000314   Data          64  usart.o(.bss)
    huart3                                   0x20000354   Data          64  usart.o(.bss)
    hdma_uart4_rx                            0x20000394   Data          68  usart.o(.bss)
    hdma_usart3_rx                           0x200003d8   Data          68  usart.o(.bss)
    hdma_usart3_tx                           0x2000041c   Data          68  usart.o(.bss)
    uart4_rx_buff                            0x20000460   Data          36  usart.o(.bss)
    uart3_rx_buff                            0x20000484   Data          44  usart.o(.bss)
    monitor_remote                           0x200004b0   Data          20  t_monitor.o(.bss)
    monitor_tx2                              0x200004c4   Data          20  t_monitor.o(.bss)
    monitor_can_power                        0x200004d8   Data          20  t_monitor.o(.bss)
    monitor_JY901                            0x200004ec   Data          20  t_monitor.o(.bss)
    Tripod                                   0x20000510   Data         948  tripod.o(.bss)
    Strike                                   0x20000b30   Data         512  strike.o(.bss)
    angular_velocity_history                 0x20000d30   Data         204  strike.o(.bss)
    gyro                                     0x20000dfc   Data          16  can_callback.o(.bss)
    Chassis_MOTO                             0x20000e0c   Data        1904  m_moto.o(.bss)
    TG_MOTO                                  0x2000157c   Data         952  m_moto.o(.bss)
    Yaw_MOTO6020                             0x20001934   Data         476  m_moto.o(.bss)
    Pitch_MOTO6020                           0x20001b10   Data         476  m_moto.o(.bss)
    Fricition_MOTO                           0x20001cec   Data         952  m_moto.o(.bss)
    RC_CtrlData                              0x200020a4   Data          56  m_remote.o(.bss)
    BToATest                                 0x200020dc   Data          32  m_transmit.o(.bss)
    BtoADataBit                              0x200020fc   Data           9  m_transmit.o(.bss)
    TX2_Data                                 0x20002108   Data          16  tx2_protocol.o(.bss)
    __initial_sp                             0x20002918   Data           0  startup_stm32f105xc.o(STACK)



==============================================================================

Memory Map of the image

  Image Entry point : 0x08000151

  Load Region LR_IROM1 (Base: 0x08000000, Size: 0x000056ec, Max: 0x00010000, ABSOLUTE)

    Execution Region ER_IROM1 (Exec base: 0x08000000, Load base: 0x08000000, Size: 0x00005600, Max: 0x00010000, ABSOLUTE)

    Exec Addr    Load Addr    Size         Type   Attr      Idx    E Section Name        Object

    0x08000000   0x08000000   0x00000150   Data   RO            3    RESET               startup_stm32f105xc.o
    0x08000150   0x08000150   0x00000000   Code   RO         3916  * .ARM.Collect$$$$00000000  mc_w.l(entry.o)
    0x08000150   0x08000150   0x00000004   Code   RO         3985    .ARM.Collect$$$$00000001  mc_w.l(entry2.o)
    0x08000154   0x08000154   0x00000004   Code   RO         3988    .ARM.Collect$$$$00000004  mc_w.l(entry5.o)
    0x08000158   0x08000158   0x00000000   Code   RO         3990    .ARM.Collect$$$$00000008  mc_w.l(entry7b.o)
    0x08000158   0x08000158   0x00000000   Code   RO         3992    .ARM.Collect$$$$0000000A  mc_w.l(entry8b.o)
    0x08000158   0x08000158   0x00000008   Code   RO         3993    .ARM.Collect$$$$0000000B  mc_w.l(entry9a.o)
    0x08000160   0x08000160   0x00000000   Code   RO         3995    .ARM.Collect$$$$0000000D  mc_w.l(entry10a.o)
    0x08000160   0x08000160   0x00000000   Code   RO         3997    .ARM.Collect$$$$0000000F  mc_w.l(entry11a.o)
    0x08000160   0x08000160   0x00000004   Code   RO         3986    .ARM.Collect$$$$00002712  mc_w.l(entry2.o)
    0x08000164   0x08000164   0x00000024   Code   RO            4    .text               startup_stm32f105xc.o
    0x08000188   0x08000188   0x00000020   Code   RO         3921    .text               mc_w.l(llushr.o)
    0x080001a8   0x080001a8   0x00000024   Code   RO         3923    .text               mc_w.l(memcpya.o)
    0x080001cc   0x080001cc   0x000000b0   Code   RO         3927    .text               mf_w.l(fadd.o)
    0x0800027c   0x0800027c   0x00000064   Code   RO         3929    .text               mf_w.l(fmul.o)
    0x080002e0   0x080002e0   0x0000007c   Code   RO         3931    .text               mf_w.l(fdiv.o)
    0x0800035c   0x0800035c   0x00000018   Code   RO         3933    .text               mf_w.l(fscalb.o)
    0x08000374   0x08000374   0x0000014e   Code   RO         3935    .text               mf_w.l(dadd.o)
    0x080004c2   0x080004c2   0x000000e4   Code   RO         3937    .text               mf_w.l(dmul.o)
    0x080005a6   0x080005a6   0x000000de   Code   RO         3939    .text               mf_w.l(ddiv.o)
    0x08000684   0x08000684   0x00000012   Code   RO         3941    .text               mf_w.l(fflti.o)
    0x08000696   0x08000696   0x0000000a   Code   RO         3943    .text               mf_w.l(ffltui.o)
    0x080006a0   0x080006a0   0x0000001a   Code   RO         3945    .text               mf_w.l(dfltui.o)
    0x080006ba   0x080006ba   0x00000032   Code   RO         3947    .text               mf_w.l(ffixi.o)
    0x080006ec   0x080006ec   0x00000026   Code   RO         3949    .text               mf_w.l(f2d.o)
    0x08000712   0x08000712   0x00000038   Code   RO         3951    .text               mf_w.l(d2f.o)
    0x0800074a   0x0800074a   0x00000002   PAD
    0x0800074c   0x0800074c   0x00000014   Code   RO         3953    .text               mf_w.l(cfcmple.o)
    0x08000760   0x08000760   0x00000014   Code   RO         3955    .text               mf_w.l(cfrcmple.o)
    0x08000774   0x08000774   0x0000001e   Code   RO         3999    .text               mc_w.l(llshl.o)
    0x08000792   0x08000792   0x00000024   Code   RO         4001    .text               mc_w.l(llsshr.o)
    0x080007b6   0x080007b6   0x00000000   Code   RO         4010    .text               mc_w.l(iusefp.o)
    0x080007b6   0x080007b6   0x0000006e   Code   RO         4011    .text               mf_w.l(fepilogue.o)
    0x08000824   0x08000824   0x000000ba   Code   RO         4013    .text               mf_w.l(depilogue.o)
    0x080008de   0x080008de   0x00000002   PAD
    0x080008e0   0x080008e0   0x00000024   Code   RO         4023    .text               mc_w.l(init.o)
    0x08000904   0x08000904   0x00000022   Code   RO          850    i.ABSLimit          tripod.o
    0x08000926   0x08000926   0x00000022   Code   RO         3706    i.ABSLimit          pid.o
    0x08000948   0x08000948   0x00000002   Code   RO          431    i.BusFault_Handler  stm32f1xx_it.o
    0x0800094a   0x0800094a   0x00000002   PAD
    0x0800094c   0x0800094c   0x0000000c   Code   RO          432    i.CAN1_RX0_IRQHandler  stm32f1xx_it.o
    0x08000958   0x08000958   0x0000000c   Code   RO          433    i.CAN1_TX_IRQHandler  stm32f1xx_it.o
    0x08000964   0x08000964   0x0000000c   Code   RO          434    i.CAN2_RX0_IRQHandler  stm32f1xx_it.o
    0x08000970   0x08000970   0x00000050   Code   RO          252    i.CAN_Filter_Init_Recv_ALL  can.o
    0x080009c0   0x080009c0   0x00000126   Code   RO         1147    i.CAN_Receive_IT    stm32f1xx_hal_can.o
    0x08000ae6   0x08000ae6   0x00000002   PAD
    0x08000ae8   0x08000ae8   0x0000000c   Code   RO          435    i.DMA1_Channel2_IRQHandler  stm32f1xx_it.o
    0x08000af4   0x08000af4   0x0000000c   Code   RO          436    i.DMA1_Channel3_IRQHandler  stm32f1xx_it.o
    0x08000b00   0x08000b00   0x0000000c   Code   RO          437    i.DMA2_Channel3_IRQHandler  stm32f1xx_it.o
    0x08000b0c   0x08000b0c   0x0000002a   Code   RO         2831    i.DMA_SetConfig     stm32f1xx_hal_dma.o
    0x08000b36   0x08000b36   0x00000002   Code   RO          438    i.DebugMon_Handler  stm32f1xx_it.o
    0x08000b38   0x08000b38   0x00000006   Code   RO          439    i.EXTI0_IRQHandler  stm32f1xx_it.o
    0x08000b3e   0x08000b3e   0x00000006   Code   RO          440    i.EXTI1_IRQHandler  stm32f1xx_it.o
    0x08000b44   0x08000b44   0x00000006   Code   RO          441    i.EXTI2_IRQHandler  stm32f1xx_it.o
    0x08000b4a   0x08000b4a   0x00000002   PAD
    0x08000b4c   0x08000b4c   0x00000090   Code   RO          665    i.GenerallySetChassisSpeed  robodata.o
    0x08000bdc   0x08000bdc   0x00000084   Code   RO          667    i.GenerallySetTripodControl  robodata.o
    0x08000c60   0x08000c60   0x0000004c   Code   RO          668    i.Get17HeatControlData  robodata.o
    0x08000cac   0x08000cac   0x00000070   Code   RO          669    i.Get42HeatControlData  robodata.o
    0x08000d1c   0x08000d1c   0x000000e8   Code   RO          670    i.GetAmmunition42ControlStatus  robodata.o
    0x08000e04   0x08000e04   0x00000054   Code   RO         3627    i.GetBToADataVal    m_transmit.o
    0x08000e58   0x08000e58   0x00000044   Code   RO          671    i.GetChassisControlStatus  robodata.o
    0x08000e9c   0x08000e9c   0x00000002   Code   RO          672    i.GetDJIControlData  robodata.o
    0x08000e9e   0x08000e9e   0x000000c6   Code   RO         3677    i.GetEncoderMeasure  moto_encoder.o
    0x08000f64   0x08000f64   0x00000028   Code   RO          852    i.GetIntergralPitch  tripod.o
    0x08000f8c   0x08000f8c   0x00000028   Code   RO          853    i.GetIntergralYaw   tripod.o
    0x08000fb4   0x08000fb4   0x000000e8   Code   RO          854    i.GetPitchAngle1000Hz  tripod.o
    0x0800109c   0x0800109c   0x0000006c   Code   RO          673    i.GetRemoteControlData  robodata.o
    0x08001108   0x08001108   0x00000130   Code   RO          855    i.GetYawAngle1000Hz  tripod.o
    0x08001238   0x08001238   0x00000064   Code   RO          856    i.GyroMonitor       tripod.o
    0x0800129c   0x0800129c   0x000000f2   Code   RO         1148    i.HAL_CAN_ConfigFilter  stm32f1xx_hal_can.o
    0x0800138e   0x0800138e   0x00000002   Code   RO         1150    i.HAL_CAN_ErrorCallback  stm32f1xx_hal_can.o
    0x08001390   0x08001390   0x00000234   Code   RO         1153    i.HAL_CAN_IRQHandler  stm32f1xx_hal_can.o
    0x080015c4   0x080015c4   0x0000012c   Code   RO         1154    i.HAL_CAN_Init      stm32f1xx_hal_can.o
    0x080016f0   0x080016f0   0x00000138   Code   RO          255    i.HAL_CAN_MspInit   can.o
    0x08001828   0x08001828   0x000000b4   Code   RO         1158    i.HAL_CAN_Receive_IT  stm32f1xx_hal_can.o
    0x080018dc   0x080018dc   0x0000022c   Code   RO         3394    i.HAL_CAN_RxCpltCallback  can_callback.o
    0x08001b08   0x08001b08   0x000001cc   Code   RO         1161    i.HAL_CAN_Transmit  stm32f1xx_hal_can.o
    0x08001cd4   0x08001cd4   0x00000002   Code   RO         1163    i.HAL_CAN_TxCpltCallback  stm32f1xx_hal_can.o
    0x08001cd6   0x08001cd6   0x00000002   PAD
    0x08001cd8   0x08001cd8   0x00000130   Code   RO         2833    i.HAL_DMA_Abort_IT  stm32f1xx_hal_dma.o
    0x08001e08   0x08001e08   0x00000248   Code   RO         2837    i.HAL_DMA_IRQHandler  stm32f1xx_hal_dma.o
    0x08002050   0x08002050   0x00000084   Code   RO         2838    i.HAL_DMA_Init      stm32f1xx_hal_dma.o
    0x080020d4   0x080020d4   0x00000070   Code   RO         2842    i.HAL_DMA_Start_IT  stm32f1xx_hal_dma.o
    0x08002144   0x08002144   0x0000001c   Code   RO         3496    i.HAL_GPIO_EXTI_Callback  gpio_callback.o
    0x08002160   0x08002160   0x00000018   Code   RO         2767    i.HAL_GPIO_EXTI_IRQHandler  stm32f1xx_hal_gpio.o
    0x08002178   0x08002178   0x000001bc   Code   RO         2768    i.HAL_GPIO_Init     stm32f1xx_hal_gpio.o
    0x08002334   0x08002334   0x0000000a   Code   RO         2770    i.HAL_GPIO_ReadPin  stm32f1xx_hal_gpio.o
    0x0800233e   0x0800233e   0x0000000a   Code   RO         2772    i.HAL_GPIO_WritePin  stm32f1xx_hal_gpio.o
    0x08002348   0x08002348   0x0000000c   Code   RO         2473    i.HAL_GetTick       stm32f1xx_hal.o
    0x08002354   0x08002354   0x00000010   Code   RO         2475    i.HAL_IncTick       stm32f1xx_hal.o
    0x08002364   0x08002364   0x00000024   Code   RO         2476    i.HAL_Init          stm32f1xx_hal.o
    0x08002388   0x08002388   0x00000028   Code   RO         2477    i.HAL_InitTick      stm32f1xx_hal.o
    0x080023b0   0x080023b0   0x00000094   Code   RO          641    i.HAL_MspInit       stm32f1xx_hal_msp.o
    0x08002444   0x08002444   0x00000082   Code   RO         2143    i.HAL_MultiProcessor_Init  stm32f1xx_hal_uart.o
    0x080024c6   0x080024c6   0x00000016   Code   RO         2928    i.HAL_NVIC_EnableIRQ  stm32f1xx_hal_cortex.o
    0x080024dc   0x080024dc   0x00000040   Code   RO         2934    i.HAL_NVIC_SetPriority  stm32f1xx_hal_cortex.o
    0x0800251c   0x0800251c   0x00000024   Code   RO         2935    i.HAL_NVIC_SetPriorityGrouping  stm32f1xx_hal_cortex.o
    0x08002540   0x08002540   0x00000154   Code   RO         2604    i.HAL_RCC_ClockConfig  stm32f1xx_hal_rcc.o
    0x08002694   0x08002694   0x0000000c   Code   RO         2609    i.HAL_RCC_GetHCLKFreq  stm32f1xx_hal_rcc.o
    0x080026a0   0x080026a0   0x00000020   Code   RO         2611    i.HAL_RCC_GetPCLK1Freq  stm32f1xx_hal_rcc.o
    0x080026c0   0x080026c0   0x00000020   Code   RO         2612    i.HAL_RCC_GetPCLK2Freq  stm32f1xx_hal_rcc.o
    0x080026e0   0x080026e0   0x000000a0   Code   RO         2613    i.HAL_RCC_GetSysClockFreq  stm32f1xx_hal_rcc.o
    0x08002780   0x08002780   0x000003c8   Code   RO         2616    i.HAL_RCC_OscConfig  stm32f1xx_hal_rcc.o
    0x08002b48   0x08002b48   0x00000018   Code   RO         2937    i.HAL_SYSTICK_CLKSourceConfig  stm32f1xx_hal_cortex.o
    0x08002b60   0x08002b60   0x00000002   Code   RO         2938    i.HAL_SYSTICK_Callback  stm32f1xx_hal_cortex.o
    0x08002b62   0x08002b62   0x00000028   Code   RO         2939    i.HAL_SYSTICK_Config  stm32f1xx_hal_cortex.o
    0x08002b8a   0x08002b8a   0x00000008   Code   RO         2940    i.HAL_SYSTICK_IRQHandler  stm32f1xx_hal_cortex.o
    0x08002b92   0x08002b92   0x00000002   Code   RO         1903    i.HAL_TIMEx_BreakCallback  stm32f1xx_hal_tim_ex.o
    0x08002b94   0x08002b94   0x00000002   Code   RO         1904    i.HAL_TIMEx_CommutationCallback  stm32f1xx_hal_tim_ex.o
    0x08002b96   0x08002b96   0x0000005a   Code   RO         1905    i.HAL_TIMEx_ConfigBreakDeadTime  stm32f1xx_hal_tim_ex.o
    0x08002bf0   0x08002bf0   0x00000050   Code   RO         1920    i.HAL_TIMEx_MasterConfigSynchronization  stm32f1xx_hal_tim_ex.o
    0x08002c40   0x08002c40   0x00000036   Code   RO         1274    i.HAL_TIM_Base_Init  stm32f1xx_hal_tim.o
    0x08002c76   0x08002c76   0x00000002   PAD
    0x08002c78   0x08002c78   0x000000a4   Code   RO          366    i.HAL_TIM_Base_MspInit  tim.o
    0x08002d1c   0x08002d1c   0x00000018   Code   RO         1279    i.HAL_TIM_Base_Start_IT  stm32f1xx_hal_tim.o
    0x08002d34   0x08002d34   0x000000f2   Code   RO         1283    i.HAL_TIM_ConfigClockSource  stm32f1xx_hal_tim.o
    0x08002e26   0x08002e26   0x00000002   Code   RO         1303    i.HAL_TIM_IC_CaptureCallback  stm32f1xx_hal_tim.o
    0x08002e28   0x08002e28   0x00000166   Code   RO         1316    i.HAL_TIM_IRQHandler  stm32f1xx_hal_tim.o
    0x08002f8e   0x08002f8e   0x00000002   PAD
    0x08002f90   0x08002f90   0x00000028   Code   RO          367    i.HAL_TIM_MspPostInit  tim.o
    0x08002fb8   0x08002fb8   0x00000002   Code   RO         1319    i.HAL_TIM_OC_DelayElapsedCallback  stm32f1xx_hal_tim.o
    0x08002fba   0x08002fba   0x000000d0   Code   RO         1340    i.HAL_TIM_PWM_ConfigChannel  stm32f1xx_hal_tim.o
    0x0800308a   0x0800308a   0x00000036   Code   RO         1343    i.HAL_TIM_PWM_Init  stm32f1xx_hal_tim.o
    0x080030c0   0x080030c0   0x00000002   Code   RO         1345    i.HAL_TIM_PWM_MspInit  stm32f1xx_hal_tim.o
    0x080030c2   0x080030c2   0x00000002   Code   RO         1346    i.HAL_TIM_PWM_PulseFinishedCallback  stm32f1xx_hal_tim.o
    0x080030c4   0x080030c4   0x00000030   Code   RO         1347    i.HAL_TIM_PWM_Start  stm32f1xx_hal_tim.o
    0x080030f4   0x080030f4   0x00000084   Code   RO          814    i.HAL_TIM_PeriodElapsedCallback  tim_callback.o
    0x08003178   0x08003178   0x00000002   Code   RO         1357    i.HAL_TIM_TriggerCallback  stm32f1xx_hal_tim.o
    0x0800317a   0x0800317a   0x00000002   Code   RO         2157    i.HAL_UART_ErrorCallback  stm32f1xx_hal_uart.o
    0x0800317c   0x0800317c   0x00000110   Code   RO         2160    i.HAL_UART_IRQHandler  stm32f1xx_hal_uart.o
    0x0800328c   0x0800328c   0x00000154   Code   RO          592    i.HAL_UART_MspInit  usart.o
    0x080033e0   0x080033e0   0x00000098   Code   RO         2165    i.HAL_UART_Receive_DMA  stm32f1xx_hal_uart.o
    0x08003478   0x08003478   0x0000004c   Code   RO         3809    i.HAL_UART_RxCpltCallback  usart_callback.o
    0x080034c4   0x080034c4   0x00000002   Code   RO         2168    i.HAL_UART_RxHalfCpltCallback  stm32f1xx_hal_uart.o
    0x080034c6   0x080034c6   0x000000ba   Code   RO         2169    i.HAL_UART_Transmit  stm32f1xx_hal_uart.o
    0x08003580   0x08003580   0x00000002   Code   RO         2172    i.HAL_UART_TxCpltCallback  stm32f1xx_hal_uart.o
    0x08003582   0x08003582   0x00000002   Code   RO          442    i.HardFault_Handler  stm32f1xx_it.o
    0x08003584   0x08003584   0x00000094   Code   RO          674    i.InitRoboData      robodata.o
    0x08003618   0x08003618   0x00000058   Code   RO          256    i.MX_CAN1_Init      can.o
    0x08003670   0x08003670   0x00000058   Code   RO          257    i.MX_CAN2_Init      can.o
    0x080036c8   0x080036c8   0x0000005c   Code   RO          317    i.MX_DMA_Init       dma.o
    0x08003724   0x08003724   0x0000010c   Code   RO          341    i.MX_GPIO_Init      gpio.o
    0x08003830   0x08003830   0x00000110   Code   RO          368    i.MX_TIM1_Init      tim.o
    0x08003940   0x08003940   0x0000007c   Code   RO          369    i.MX_TIM3_Init      tim.o
    0x080039bc   0x080039bc   0x00000078   Code   RO          370    i.MX_TIM4_Init      tim.o
    0x08003a34   0x08003a34   0x0000007c   Code   RO          371    i.MX_TIM5_Init      tim.o
    0x08003ab0   0x08003ab0   0x00000054   Code   RO          593    i.MX_UART4_Init     usart.o
    0x08003b04   0x08003b04   0x00000050   Code   RO          594    i.MX_USART3_UART_Init  usart.o
    0x08003b54   0x08003b54   0x00000002   Code   RO          443    i.MemManage_Handler  stm32f1xx_it.o
    0x08003b56   0x08003b56   0x00000002   PAD
    0x08003b58   0x08003b58   0x0000004c   Code   RO          760    i.MonitorParaInit   t_monitor.o
    0x08003ba4   0x08003ba4   0x00000002   Code   RO          444    i.NMI_Handler       stm32f1xx_it.o
    0x08003ba6   0x08003ba6   0x00000020   Code   RO         2941    i.NVIC_SetPriority  stm32f1xx_hal_cortex.o
    0x08003bc6   0x08003bc6   0x00000002   Code   RO          445    i.PendSV_Handler    stm32f1xx_it.o
    0x08003bc8   0x08003bc8   0x000002bc   Code   RO         3709    i.PidCalc           pid.o
    0x08003e84   0x08003e84   0x00000018   Code   RO         3710    i.PidPITransfer     pid.o
    0x08003e9c   0x08003e9c   0x00000096   Code   RO         3711    i.PidSet_all        pid.o
    0x08003f32   0x08003f32   0x00000002   PAD
    0x08003f34   0x08003f34   0x000000f4   Code   RO          857    i.Pitch_Init        tripod.o
    0x08004028   0x08004028   0x00000144   Code   RO          858    i.Pitch_SetAngle    tripod.o
    0x0800416c   0x0800416c   0x00000024   Code   RO          859    i.Pitch_SetSpeed    tripod.o
    0x08004190   0x08004190   0x0000002a   Code   RO         3584    i.RCDataParaInit    m_remote.o
    0x080041ba   0x080041ba   0x00000064   Code   RO         3585    i.RCReadKey         m_remote.o
    0x0800421e   0x0800421e   0x000000e0   Code   RO         3586    i.RemoteDataProcess  m_remote.o
    0x080042fe   0x080042fe   0x00000002   Code   RO          446    i.SVC_Handler       stm32f1xx_it.o
    0x08004300   0x08004300   0x0000004a   Code   RO         3550    i.SetMotoCurrent    m_moto.o
    0x0800434a   0x0800434a   0x00000034   Code   RO          675    i.SetRoboControlMode  robodata.o
    0x0800437e   0x0800437e   0x00000002   PAD
    0x08004380   0x08004380   0x000000d4   Code   RO          983    i.Strike_Init       strike.o
    0x08004454   0x08004454   0x0000000e   Code   RO          447    i.SysTick_Handler   stm32f1xx_it.o
    0x08004462   0x08004462   0x00000002   PAD
    0x08004464   0x08004464   0x00000070   Code   RO           14    i.SystemClock_Config  main.o
    0x080044d4   0x080044d4   0x00000054   Code   RO         3357    i.SystemInit        system_stm32f1xx.o
    0x08004528   0x08004528   0x0000000c   Code   RO          448    i.TIM3_IRQHandler   stm32f1xx_it.o
    0x08004534   0x08004534   0x0000000c   Code   RO          449    i.TIM4_IRQHandler   stm32f1xx_it.o
    0x08004540   0x08004540   0x0000000c   Code   RO          450    i.TIM5_IRQHandler   stm32f1xx_it.o
    0x0800454c   0x0800454c   0x0000007c   Code   RO         1358    i.TIM_Base_SetConfig  stm32f1xx_hal_tim.o
    0x080045c8   0x080045c8   0x00000016   Code   RO         1359    i.TIM_CCxChannelCmd  stm32f1xx_hal_tim.o
    0x080045de   0x080045de   0x00000014   Code   RO         1365    i.TIM_ETR_SetConfig  stm32f1xx_hal_tim.o
    0x080045f2   0x080045f2   0x00000010   Code   RO         1366    i.TIM_ITRx_SetConfig  stm32f1xx_hal_tim.o
    0x08004602   0x08004602   0x00000002   PAD
    0x08004604   0x08004604   0x00000050   Code   RO         1367    i.TIM_OC1_SetConfig  stm32f1xx_hal_tim.o
    0x08004654   0x08004654   0x00000058   Code   RO         1368    i.TIM_OC2_SetConfig  stm32f1xx_hal_tim.o
    0x080046ac   0x080046ac   0x00000058   Code   RO         1369    i.TIM_OC3_SetConfig  stm32f1xx_hal_tim.o
    0x08004704   0x08004704   0x00000044   Code   RO         1370    i.TIM_OC4_SetConfig  stm32f1xx_hal_tim.o
    0x08004748   0x08004748   0x00000022   Code   RO         1372    i.TIM_TI1_ConfigInputStage  stm32f1xx_hal_tim.o
    0x0800476a   0x0800476a   0x00000024   Code   RO         1374    i.TIM_TI2_ConfigInputStage  stm32f1xx_hal_tim.o
    0x0800478e   0x0800478e   0x00000002   PAD
    0x08004790   0x08004790   0x00000094   Code   RO         3628    i.TX_DATA_CLOUDDECK1_ID  m_transmit.o
    0x08004824   0x08004824   0x000000f8   Code   RO         3629    i.TX_DATA_CLOUDDECK2_ID  m_transmit.o
    0x0800491c   0x0800491c   0x00000208   Code   RO          860    i.Tripode_Fun       tripod.o
    0x08004b24   0x08004b24   0x00000028   Code   RO          861    i.Tripode_Init      tripod.o
    0x08004b4c   0x08004b4c   0x0000000c   Code   RO          451    i.UART4_IRQHandler  stm32f1xx_it.o
    0x08004b58   0x08004b58   0x00000010   Code   RO         2174    i.UART_DMAAbortOnError  stm32f1xx_hal_uart.o
    0x08004b68   0x08004b68   0x0000004a   Code   RO         2175    i.UART_DMAError     stm32f1xx_hal_uart.o
    0x08004bb2   0x08004bb2   0x0000003c   Code   RO         2176    i.UART_DMAReceiveCplt  stm32f1xx_hal_uart.o
    0x08004bee   0x08004bee   0x0000000a   Code   RO         2178    i.UART_DMARxHalfCplt  stm32f1xx_hal_uart.o
    0x08004bf8   0x08004bf8   0x0000001c   Code   RO         2184    i.UART_EndRxTransfer  stm32f1xx_hal_uart.o
    0x08004c14   0x08004c14   0x00000012   Code   RO         2185    i.UART_EndTxTransfer  stm32f1xx_hal_uart.o
    0x08004c26   0x08004c26   0x00000096   Code   RO         2186    i.UART_Receive_IT   stm32f1xx_hal_uart.o
    0x08004cbc   0x08004cbc   0x00000170   Code   RO         2187    i.UART_SetConfig    stm32f1xx_hal_uart.o
    0x08004e2c   0x08004e2c   0x00000062   Code   RO         2188    i.UART_Transmit_IT  stm32f1xx_hal_uart.o
    0x08004e8e   0x08004e8e   0x00000064   Code   RO         2189    i.UART_WaitOnFlagUntilTimeout  stm32f1xx_hal_uart.o
    0x08004ef2   0x08004ef2   0x00000002   PAD
    0x08004ef4   0x08004ef4   0x0000000c   Code   RO          452    i.USART3_IRQHandler  stm32f1xx_it.o
    0x08004f00   0x08004f00   0x00000002   Code   RO          453    i.UsageFault_Handler  stm32f1xx_it.o
    0x08004f02   0x08004f02   0x00000002   PAD
    0x08004f04   0x08004f04   0x000000d0   Code   RO          862    i.Yaw_Init          tripod.o
    0x08004fd4   0x08004fd4   0x000000cc   Code   RO          863    i.Yaw_SetAngle      tripod.o
    0x080050a0   0x080050a0   0x0000002c   Code   RO          864    i.Yaw_SetSpeed      tripod.o
    0x080050cc   0x080050cc   0x00000002   Code   RO           15    i._Error_Handler    main.o
    0x080050ce   0x080050ce   0x0000000e   Code   RO         4033    i.__scatterload_copy  mc_w.l(handlers.o)
    0x080050dc   0x080050dc   0x00000002   Code   RO         4034    i.__scatterload_null  mc_w.l(handlers.o)
    0x080050de   0x080050de   0x0000000e   Code   RO         4035    i.__scatterload_zeroinit  mc_w.l(handlers.o)
    0x080050ec   0x080050ec   0x000000c8   Code   RO           16    i.all_bsp_init      main.o
    0x080051b4   0x080051b4   0x000001dc   Code   RO           17    i.all_pid_init      main.o
    0x08005390   0x08005390   0x00000128   Code   RO           18    i.main              main.o
    0x080054b8   0x080054b8   0x00000028   Code   RO          865    i.mode360           tripod.o
    0x080054e0   0x080054e0   0x0000002c   Code   RO          761    i.monitor_JY901_process  t_monitor.o
    0x0800550c   0x0800550c   0x00000028   Code   RO          762    i.monitor_can_power_process  t_monitor.o
    0x08005534   0x08005534   0x00000020   Code   RO          763    i.monitor_remote_process  t_monitor.o
    0x08005554   0x08005554   0x0000002c   Code   RO          764    i.monitor_tx2_process  t_monitor.o
    0x08005580   0x08005580   0x00000048   Code   RO           19    i.vcan_sendware     main.o
    0x080055c8   0x080055c8   0x00000010   Data   RO         3358    .constdata          system_stm32f1xx.o
    0x080055d8   0x080055d8   0x00000008   Data   RO         3359    .constdata          system_stm32f1xx.o
    0x080055e0   0x080055e0   0x00000020   Data   RO         4031    Region$$Table       anon$$obj.o


    Execution Region RW_IRAM1 (Exec base: 0x20000000, Load base: 0x08005600, Size: 0x00002918, Max: 0x00010000, ABSOLUTE)

    Exec Addr    Load Addr    Size         Type   Attr      Idx    E Section Name        Object

    0x20000000   0x08005600   0x00000008   Data   RW           21    .data               main.o
    0x20000008   0x08005608   0x00000004   Data   RW          259    .data               can.o
    0x2000000c   0x0800560c   0x000000a8   Data   RW          677    .data               robodata.o
    0x200000b4   0x080056b4   0x00000004   Data   RW          815    .data               tim_callback.o
    0x200000b8   0x080056b8   0x0000002c   Data   RW          867    .data               tripod.o
    0x200000e4   0x080056e4   0x00000004   Data   RW         2482    .data               stm32f1xx_hal.o
    0x200000e8   0x080056e8   0x00000004   Data   RW         3360    .data               system_stm32f1xx.o
    0x200000ec        -       0x00000020   Zero   RW           20    .bss                main.o
    0x2000010c        -       0x00000108   Zero   RW          258    .bss                can.o
    0x20000214        -       0x00000100   Zero   RW          372    .bss                tim.o
    0x20000314        -       0x0000014c   Zero   RW          595    .bss                usart.o
    0x20000460        -       0x00000024   Zero   RW          596    .bss                usart.o
    0x20000484        -       0x0000002c   Zero   RW          597    .bss                usart.o
    0x200004b0        -       0x00000050   Zero   RW          765    .bss                t_monitor.o
    0x20000500        -       0x000003c4   Zero   RW          866    .bss                tripod.o
    0x200008c4   0x080056ec   0x00000004   PAD
    0x200008c8        -       0x00000534   Zero   RW          990    .bss                strike.o
    0x20000dfc        -       0x00000010   Zero   RW         3395    .bss                can_callback.o
    0x20000e0c        -       0x00000770   Zero   RW         3551    .bss                m_moto.o
    0x2000157c        -       0x000003b8   Zero   RW         3552    .bss                m_moto.o
    0x20001934        -       0x000001dc   Zero   RW         3553    .bss                m_moto.o
    0x20001b10        -       0x000001dc   Zero   RW         3554    .bss                m_moto.o
    0x20001cec        -       0x000003b8   Zero   RW         3555    .bss                m_moto.o
    0x200020a4        -       0x00000038   Zero   RW         3587    .bss                m_remote.o
    0x200020dc        -       0x00000029   Zero   RW         3630    .bss                m_transmit.o
    0x20002105   0x080056ec   0x00000003   PAD
    0x20002108        -       0x00000010   Zero   RW         3779    .bss                tx2_protocol.o
    0x20002118        -       0x00000800   Zero   RW            1    STACK               startup_stm32f105xc.o


==============================================================================

Image component sizes


      Code (inc. data)   RO Data    RW Data    ZI Data      Debug   Object Name

       568         82          0          4        264       3257   can.o
       556         78          0          0         16       1678   can_callback.o
        92          4          0          0          0        858   dma.o
       268         26          0          0          0       1059   gpio.o
        28          6          0          0          0        553   gpio_callback.o
        74          0          0          0       4760       2075   m_moto.o
       366          0          0          0         56       3731   m_remote.o
       480         32          0          0         41       3413   m_transmit.o
      1158        196          0          8         32     630060   main.o
       198          0          0          0          0       1088   moto_encoder.o
       908         12          0          0          0       4098   pid.o
      1074        102          0        168          0       9883   robodata.o
        36          8        336          0       2048        824   startup_stm32f105xc.o
       104         22          0          4          0       3299   stm32f1xx_hal.o
      2044         30          0          0          0       7828   stm32f1xx_hal_can.o
       228         14          0          0          0      27713   stm32f1xx_hal_cortex.o
      1174         52          0          0          0       4666   stm32f1xx_hal_dma.o
       488         42          0          0          0       4270   stm32f1xx_hal_gpio.o
       148         10          0          0          0        954   stm32f1xx_hal_msp.o
      1544        114          0          0          0       6136   stm32f1xx_hal_rcc.o
      1574         44          0          0          0      16268   stm32f1xx_hal_tim.o
       174          0          0          0          0       3298   stm32f1xx_hal_tim_ex.o
      1668         24          0          0          0      12908   stm32f1xx_hal_uart.o
       180         66          0          0          0      10638   stm32f1xx_it.o
       212         60          0          0       1332       7985   strike.o
        84         16         24          4          0       1275   system_stm32f1xx.o
       236         54          0          0         80       4162   t_monitor.o
       844        128          0          0        256       4547   tim.o
       132         28          0          4          0       1427   tim_callback.o
      2410        306          0         44        964      12019   tripod.o
         0          0          0          0         16       1043   tx2_protocol.o
       504        104          0          0        412       2773   usart.o
        76         24          0          0          0       1114   usart_callback.o

    ----------------------------------------------------------------------
     19658       1684        392        236      10284     796900   Object Totals
         0          0         32          0          0          0   (incl. Generated)
        28          0          0          0          7          0   (incl. Padding)

    ----------------------------------------------------------------------

      Code (inc. data)   RO Data    RW Data    ZI Data      Debug   Library Member Name

         0          0          0          0          0          0   entry.o
         0          0          0          0          0          0   entry10a.o
         0          0          0          0          0          0   entry11a.o
         8          4          0          0          0          0   entry2.o
         4          0          0          0          0          0   entry5.o
         0          0          0          0          0          0   entry7b.o
         0          0          0          0          0          0   entry8b.o
         8          4          0          0          0          0   entry9a.o
        30          0          0          0          0          0   handlers.o
        36          8          0          0          0         68   init.o
         0          0          0          0          0          0   iusefp.o
        30          0          0          0          0         68   llshl.o
        36          0          0          0          0         68   llsshr.o
        32          0          0          0          0         68   llushr.o
        36          0          0          0          0         68   memcpya.o
        20          0          0          0          0         68   cfcmple.o
        20          0          0          0          0         68   cfrcmple.o
        56          0          0          0          0         88   d2f.o
       334          0          0          0          0        148   dadd.o
       222          0          0          0          0        100   ddiv.o
       186          0          0          0          0        176   depilogue.o
        26          0          0          0          0         76   dfltui.o
       228          0          0          0          0         96   dmul.o
        38          0          0          0          0         68   f2d.o
       176          0          0          0          0        140   fadd.o
       124          0          0          0          0         88   fdiv.o
       110          0          0          0          0        168   fepilogue.o
        50          0          0          0          0         68   ffixi.o
        18          0          0          0          0         68   fflti.o
        10          0          0          0          0         68   ffltui.o
       100          0          0          0          0         76   fmul.o
        24          0          0          0          0         68   fscalb.o

    ----------------------------------------------------------------------
      1966         16          0          0          0       1972   Library Totals
         4          0          0          0          0          0   (incl. Padding)

    ----------------------------------------------------------------------

      Code (inc. data)   RO Data    RW Data    ZI Data      Debug   Library Name

       220         16          0          0          0        340   mc_w.l
      1742          0          0          0          0       1632   mf_w.l

    ----------------------------------------------------------------------
      1966         16          0          0          0       1972   Library Totals

    ----------------------------------------------------------------------

==============================================================================


      Code (inc. data)   RO Data    RW Data    ZI Data      Debug   

     21624       1700        392        236      10284     789300   Grand Totals
     21624       1700        392        236      10284     789300   ELF Image Totals
     21624       1700        392        236          0          0   ROM Totals

==============================================================================

    Total RO  Size (Code + RO Data)                22016 (  21.50kB)
    Total RW  Size (RW Data + ZI Data)             10520 (  10.27kB)
    Total ROM Size (Code + RO Data + RW Data)      22252 (  21.73kB)

==============================================================================

