Component: ARM Compiler 5.06 update 6 (build 750) Tool: armlink [4d35ed]

==============================================================================

Section Cross References

    startup_stm32f427xx.o(RESET) refers to startup_stm32f427xx.o(STACK) for __initial_sp
    startup_stm32f427xx.o(RESET) refers to startup_stm32f427xx.o(.text) for Reset_Handler
    startup_stm32f427xx.o(RESET) refers to stm32f4xx_it.o(i.NMI_Handler) for NMI_Handler
    startup_stm32f427xx.o(RESET) refers to stm32f4xx_it.o(i.HardFault_Handler) for HardFault_Handler
    startup_stm32f427xx.o(RESET) refers to stm32f4xx_it.o(i.MemManage_Handler) for MemManage_Handler
    startup_stm32f427xx.o(RESET) refers to stm32f4xx_it.o(i.BusFault_Handler) for BusFault_Handler
    startup_stm32f427xx.o(RESET) refers to stm32f4xx_it.o(i.UsageFault_Handler) for UsageFault_Handler
    startup_stm32f427xx.o(RESET) refers to stm32f4xx_it.o(i.SVC_Handler) for SVC_Handler
    startup_stm32f427xx.o(RESET) refers to stm32f4xx_it.o(i.DebugMon_Handler) for DebugMon_Handler
    startup_stm32f427xx.o(RESET) refers to stm32f4xx_it.o(i.PendSV_Handler) for PendSV_Handler
    startup_stm32f427xx.o(RESET) refers to stm32f4xx_it.o(i.SysTick_Handler) for SysTick_Handler
    startup_stm32f427xx.o(RESET) refers to stm32f4xx_it.o(i.EXTI1_IRQHandler) for EXTI1_IRQHandler
    startup_stm32f427xx.o(RESET) refers to stm32f4xx_it.o(i.EXTI2_IRQHandler) for EXTI2_IRQHandler
    startup_stm32f427xx.o(RESET) refers to dma.o(i.DMA1_Stream1_IRQHandler) for DMA1_Stream1_IRQHandler
    startup_stm32f427xx.o(RESET) refers to dma.o(i.DMA1_Stream3_IRQHandler) for DMA1_Stream3_IRQHandler
    startup_stm32f427xx.o(RESET) refers to dma.o(i.DMA1_Stream5_IRQHandler) for DMA1_Stream5_IRQHandler
    startup_stm32f427xx.o(RESET) refers to dma.o(i.DMA1_Stream6_IRQHandler) for DMA1_Stream6_IRQHandler
    startup_stm32f427xx.o(RESET) refers to stm32f4xx_it.o(i.CAN1_TX_IRQHandler) for CAN1_TX_IRQHandler
    startup_stm32f427xx.o(RESET) refers to stm32f4xx_it.o(i.CAN1_RX0_IRQHandler) for CAN1_RX0_IRQHandler
    startup_stm32f427xx.o(RESET) refers to tim.o(i.TIM2_IRQHandler) for TIM2_IRQHandler
    startup_stm32f427xx.o(RESET) refers to tim.o(i.TIM3_IRQHandler) for TIM3_IRQHandler
    startup_stm32f427xx.o(RESET) refers to tim.o(i.TIM4_IRQHandler) for TIM4_IRQHandler
    startup_stm32f427xx.o(RESET) refers to usart.o(i.USART1_IRQHandler) for USART1_IRQHandler
    startup_stm32f427xx.o(RESET) refers to tim.o(i.TIM5_IRQHandler) for TIM5_IRQHandler
    startup_stm32f427xx.o(RESET) refers to dma.o(i.DMA2_Stream1_IRQHandler) for DMA2_Stream1_IRQHandler
    startup_stm32f427xx.o(RESET) refers to dma.o(i.DMA2_Stream2_IRQHandler) for DMA2_Stream2_IRQHandler
    startup_stm32f427xx.o(RESET) refers to stm32f4xx_it.o(i.CAN2_TX_IRQHandler) for CAN2_TX_IRQHandler
    startup_stm32f427xx.o(RESET) refers to stm32f4xx_it.o(i.CAN2_RX0_IRQHandler) for CAN2_RX0_IRQHandler
    startup_stm32f427xx.o(RESET) refers to stm32f4xx_it.o(i.OTG_FS_IRQHandler) for OTG_FS_IRQHandler
    startup_stm32f427xx.o(RESET) refers to usart.o(i.UART8_IRQHandler) for UART8_IRQHandler
    startup_stm32f427xx.o(.text) refers to system_stm32f4xx.o(i.SystemInit) for SystemInit
    startup_stm32f427xx.o(.text) refers to entry.o(.ARM.Collect$$$$00000000) for __main
    stm32f4xx_hal_pcd.o(i.HAL_PCD_DeInit) refers to stm32f4xx_hal_pcd.o(i.HAL_PCD_Stop) for HAL_PCD_Stop
    stm32f4xx_hal_pcd.o(i.HAL_PCD_DeInit) refers to usbd_conf.o(i.HAL_PCD_MspDeInit) for HAL_PCD_MspDeInit
    stm32f4xx_hal_pcd.o(i.HAL_PCD_DevConnect) refers to stm32f4xx_ll_usb.o(i.USB_DevConnect) for USB_DevConnect
    stm32f4xx_hal_pcd.o(i.HAL_PCD_DevDisconnect) refers to stm32f4xx_ll_usb.o(i.USB_DevDisconnect) for USB_DevDisconnect
    stm32f4xx_hal_pcd.o(i.HAL_PCD_EP_Close) refers to stm32f4xx_ll_usb.o(i.USB_DeactivateEndpoint) for USB_DeactivateEndpoint
    stm32f4xx_hal_pcd.o(i.HAL_PCD_EP_ClrStall) refers to stm32f4xx_ll_usb.o(i.USB_EPClearStall) for USB_EPClearStall
    stm32f4xx_hal_pcd.o(i.HAL_PCD_EP_Flush) refers to stm32f4xx_ll_usb.o(i.USB_FlushTxFifo) for USB_FlushTxFifo
    stm32f4xx_hal_pcd.o(i.HAL_PCD_EP_Flush) refers to stm32f4xx_ll_usb.o(i.USB_FlushRxFifo) for USB_FlushRxFifo
    stm32f4xx_hal_pcd.o(i.HAL_PCD_EP_Open) refers to stm32f4xx_ll_usb.o(i.USB_ActivateEndpoint) for USB_ActivateEndpoint
    stm32f4xx_hal_pcd.o(i.HAL_PCD_EP_Receive) refers to stm32f4xx_ll_usb.o(i.USB_EP0StartXfer) for USB_EP0StartXfer
    stm32f4xx_hal_pcd.o(i.HAL_PCD_EP_Receive) refers to stm32f4xx_ll_usb.o(i.USB_EPStartXfer) for USB_EPStartXfer
    stm32f4xx_hal_pcd.o(i.HAL_PCD_EP_SetStall) refers to stm32f4xx_ll_usb.o(i.USB_EPSetStall) for USB_EPSetStall
    stm32f4xx_hal_pcd.o(i.HAL_PCD_EP_SetStall) refers to stm32f4xx_ll_usb.o(i.USB_EP0_OutStart) for USB_EP0_OutStart
    stm32f4xx_hal_pcd.o(i.HAL_PCD_EP_Transmit) refers to stm32f4xx_ll_usb.o(i.USB_EP0StartXfer) for USB_EP0StartXfer
[...]
    WWDG_IRQHandler                          0x080001db   Thumb Code     0  startup_stm32f427xx.o(.text)
    __aeabi_memcpy                           0x080001e5   Thumb Code    36  memcpya.o(.text)
    __aeabi_memcpy4                          0x080001e5   Thumb Code     0  memcpya.o(.text)
    __aeabi_memcpy8                          0x080001e5   Thumb Code     0  memcpya.o(.text)
    __aeabi_memset                           0x08000209   Thumb Code    14  memseta.o(.text)
    __aeabi_memset4                          0x08000209   Thumb Code     0  memseta.o(.text)
    __aeabi_memset8                          0x08000209   Thumb Code     0  memseta.o(.text)
    __aeabi_memclr                           0x08000217   Thumb Code     4  memseta.o(.text)
    __aeabi_memclr4                          0x08000217   Thumb Code     0  memseta.o(.text)
    __aeabi_memclr8                          0x08000217   Thumb Code     0  memseta.o(.text)
    _memset$wrapper                          0x0800021b   Thumb Code    18  memseta.o(.text)
    __aeabi_dadd                             0x0800022d   Thumb Code   322  dadd.o(.text)
    __aeabi_dsub                             0x0800036f   Thumb Code     6  dadd.o(.text)
    __aeabi_drsub                            0x08000375   Thumb Code     6  dadd.o(.text)
    __aeabi_dmul                             0x0800037b   Thumb Code   228  dmul.o(.text)
    __aeabi_ddiv                             0x0800045f   Thumb Code   222  ddiv.o(.text)
    __aeabi_i2d                              0x0800053d   Thumb Code    34  dflti.o(.text)
    __aeabi_ui2d                             0x0800055f   Thumb Code    26  dfltui.o(.text)
    __aeabi_d2iz                             0x08000579   Thumb Code    62  dfixi.o(.text)
    __aeabi_d2uiz                            0x080005b7   Thumb Code    50  dfixui.o(.text)
    __aeabi_f2d                              0x080005e9   Thumb Code    38  f2d.o(.text)
    __aeabi_cdcmpeq                          0x08000611   Thumb Code     0  cdcmple.o(.text)
    __aeabi_cdcmple                          0x08000611   Thumb Code    48  cdcmple.o(.text)
    __aeabi_cdrcmple                         0x08000641   Thumb Code    48  cdrcmple.o(.text)
    __aeabi_d2f                              0x08000671   Thumb Code    56  d2f.o(.text)
    __aeabi_llsl                             0x080006a9   Thumb Code    30  llshl.o(.text)
    _ll_shift_l                              0x080006a9   Thumb Code     0  llshl.o(.text)
    __aeabi_llsr                             0x080006c7   Thumb Code    32  llushr.o(.text)
    _ll_ushift_r                             0x080006c7   Thumb Code     0  llushr.o(.text)
    __aeabi_lasr                             0x080006e7   Thumb Code    36  llsshr.o(.text)
    _ll_sshift_r                             0x080006e7   Thumb Code     0  llsshr.o(.text)
    __I$use$fp                               0x0800070b   Thumb Code     0  iusefp.o(.text)
    _float_round                             0x0800070b   Thumb Code    18  fepilogue.o(.text)
    _float_epilogue                          0x0800071d   Thumb Code    92  fepilogue.o(.text)
    _double_round                            0x08000779   Thumb Code    30  depilogue.o(.text)
    _double_epilogue                         0x08000797   Thumb Code   156  depilogue.o(.text)
    __scatterload                            0x08000835   Thumb Code    28  init.o(.text)
    __scatterload_rt2                        0x08000835   Thumb Code     0  init.o(.text)
    __decompress                             0x08000859   Thumb Code     0  __dczerorl2.o(.text)
    __decompress1                            0x08000859   Thumb Code    86  __dczerorl2.o(.text)
    ABSLimit                                 0x080008af   Thumb Code    46  pid.o(i.ABSLimit)
    BEEP_Set                                 0x080008dd   Thumb Code   108  t_monitor.o(i.BEEP_Set)
    BusFault_Handler                         0x08000961   Thumb Code     4  stm32f4xx_it.o(i.BusFault_Handler)
    CAN1_RX0_IRQHandler                      0x08000965   Thumb Code    10  stm32f4xx_it.o(i.CAN1_RX0_IRQHandler)
    CAN1_TX_IRQHandler                       0x08000975   Thumb Code    10  stm32f4xx_it.o(i.CAN1_TX_IRQHandler)
    CAN2_RX0_IRQHandler                      0x08000985   Thumb Code    10  stm32f4xx_it.o(i.CAN2_RX0_IRQHandler)
    CAN2_TX_IRQHandler                       0x08000995   Thumb Code    10  stm32f4xx_it.o(i.CAN2_TX_IRQHandler)
    CAN_Filter_Init_Recv_All                 0x080009a5   Thumb Code    78  can.o(i.CAN_Filter_Init_Recv_All)
    ChassisSetSpeed                          0x08000c2d   Thumb Code  2360  chassis.o(i.ChassisSetSpeed)
    Chassis_Fun                              0x0800156d   Thumb Code   480  chassis.o(i.Chassis_Fun)
    Chassis_Init                             0x08001779   Thumb Code   300  chassis.o(i.Chassis_Init)
    Chassis_PowerControl                     0x080018e1   Thumb Code  1572  chassis.o(i.Chassis_PowerControl)
    Chassis_SetModeFromControl               0x08001f35   Thumb Code  1108  chassis.o(i.Chassis_SetModeFromControl)
    ChassissFollow                           0x0800239d   Thumb Code   274  chassis.o(i.ChassissFollow)
    CommonPidCalc                            0x080024c1   Thumb Code   248  pid.o(i.CommonPidCalc)
    CommonPidSet                             0x080025bd   Thumb Code    88  pid.o(i.CommonPidSet)
    CustomSend                               0x08002615   Thumb Code   584  dji_protocol.o(i.CustomSend)
    CustomShapeTransmit                      0x080028c1   Thumb Code   370  dji_protocol.o(i.CustomShapeTransmit)
    CustomTransmit                           0x08002a45   Thumb Code   228  dji_protocol.o(i.CustomTransmit)
    DMA1_Stream1_IRQHandler                  0x08002b39   Thumb Code    10  dma.o(i.DMA1_Stream1_IRQHandler)
    DMA1_Stream3_IRQHandler                  0x08002b49   Thumb Code    16  dma.o(i.DMA1_Stream3_IRQHandler)
    DMA1_Stream5_IRQHandler                  0x08002b61   Thumb Code    10  dma.o(i.DMA1_Stream5_IRQHandler)
    DMA1_Stream6_IRQHandler                  0x08002b71   Thumb Code    10  dma.o(i.DMA1_Stream6_IRQHandler)
    DMA2_Stream1_IRQHandler                  0x08002b81   Thumb Code    10  dma.o(i.DMA2_Stream1_IRQHandler)
    DMA2_Stream2_IRQHandler                  0x08002b91   Thumb Code    10  dma.o(i.DMA2_Stream2_IRQHandler)
    DebugMon_Handler                         0x08002cbb   Thumb Code     2  stm32f4xx_it.o(i.DebugMon_Handler)
    EXTI1_IRQHandler                         0x08002cbd   Thumb Code    10  stm32f4xx_it.o(i.EXTI1_IRQHandler)
    EXTI2_IRQHandler                         0x08002cc7   Thumb Code    10  stm32f4xx_it.o(i.EXTI2_IRQHandler)
    EncoderParaInit                          0x08002cd1   Thumb Code    30  moto_encoder.o(i.EncoderParaInit)
    Error_Handler                            0x08002cf9   Thumb Code     4  main.o(i.Error_Handler)
    Get17HeatControlData                     0x08002cfd   Thumb Code   132  robodata.o(i.Get17HeatControlData)
    Get42HeatControlData                     0x08002d85   Thumb Code   132  robodata.o(i.Get42HeatControlData)
    GetAmmunition17ControlStatus             0x08002e0d   Thumb Code   316  robodata.o(i.GetAmmunition17ControlStatus)
    GetAmmunition42ControlStatus             0x08002f51   Thumb Code   316  robodata.o(i.GetAmmunition42ControlStatus)
    GetBToADataBit                           0x08003095   Thumb Code    64  m_transmit.o(i.GetBToADataBit)
    GetChassisControlStatus                  0x080030d5   Thumb Code    90  robodata.o(i.GetChassisControlStatus)
    GetDJIControlData                        0x08003139   Thumb Code   180  robodata.o(i.GetDJIControlData)
    GetDataBit                               0x08003201   Thumb Code    66  dji_protocol.o(i.GetDataBit)
    GetEncoderMeasure                        0x08003245   Thumb Code   334  moto_encoder.o(i.GetEncoderMeasure)
    GetRemoteControlData                     0x080033a1   Thumb Code    12  robodata.o(i.GetRemoteControlData)
    Get_CRC16_Check_Sum                      0x080033b1   Thumb Code    46  dji_protocol.o(i.Get_CRC16_Check_Sum)
    Get_CRC8_Check_Sum                       0x080033e5   Thumb Code    30  dji_protocol.o(i.Get_CRC8_Check_Sum)
    HAL_CAN_ConfigFilter                     0x08003409   Thumb Code   294  stm32f4xx_hal_can.o(i.HAL_CAN_ConfigFilter)
    HAL_CAN_ErrorCallback                    0x08003535   Thumb Code     2  stm32f4xx_hal_can.o(i.HAL_CAN_ErrorCallback)
    HAL_CAN_IRQHandler                       0x08003539   Thumb Code   446  stm32f4xx_hal_can.o(i.HAL_CAN_IRQHandler)
    HAL_CAN_Init                             0x08003705   Thumb Code   448  stm32f4xx_hal_can.o(i.HAL_CAN_Init)
    HAL_CAN_MspInit                          0x080038c5   Thumb Code   282  can.o(i.HAL_CAN_MspInit)
    HAL_CAN_Receive_IT                       0x080039f9   Thumb Code   174  stm32f4xx_hal_can.o(i.HAL_CAN_Receive_IT)
    HAL_CAN_RxCpltCallback                   0x08003aa9   Thumb Code  1076  can_callback.o(i.HAL_CAN_RxCpltCallback)
    HAL_CAN_Transmit                         0x08003edd   Thumb Code   594  stm32f4xx_hal_can.o(i.HAL_CAN_Transmit)
    HAL_CAN_TxCpltCallback                   0x0800413d   Thumb Code     2  stm32f4xx_hal_can.o(i.HAL_CAN_TxCpltCallback)
    HAL_DMA_Abort_IT                         0x0800413f   Thumb Code    40  stm32f4xx_hal_dma.o(i.HAL_DMA_Abort_IT)
    HAL_DMA_DeInit                           0x08004167   Thumb Code    98  stm32f4xx_hal_dma.o(i.HAL_DMA_DeInit)
    HAL_DMA_IRQHandler                       0x080041c9   Thumb Code   574  stm32f4xx_hal_dma.o(i.HAL_DMA_IRQHandler)
    HAL_DMA_Init                             0x08004411   Thumb Code   228  stm32f4xx_hal_dma.o(i.HAL_DMA_Init)
    HAL_DMA_Start_IT                         0x080044f9   Thumb Code   158  stm32f4xx_hal_dma.o(i.HAL_DMA_Start_IT)
    HAL_Delay                                0x08004597   Thumb Code    26  stm32f4xx_hal.o(i.HAL_Delay)
    HAL_GPIO_EXTI_Callback                   0x080045b1   Thumb Code     8  gpio_callback.o(i.HAL_GPIO_EXTI_Callback)
    HAL_GPIO_EXTI_IRQHandler                 0x080045b9   Thumb Code    24  stm32f4xx_hal_gpio.o(i.HAL_GPIO_EXTI_IRQHandler)
    HAL_GPIO_Init                            0x080045d5   Thumb Code   486  stm32f4xx_hal_gpio.o(i.HAL_GPIO_Init)
    HAL_GPIO_ReadPin                         0x080047f1   Thumb Code    16  stm32f4xx_hal_gpio.o(i.HAL_GPIO_ReadPin)
    HAL_GPIO_WritePin                        0x08004801   Thumb Code    12  stm32f4xx_hal_gpio.o(i.HAL_GPIO_WritePin)
    HAL_GetTick                              0x0800480d   Thumb Code     6  stm32f4xx_hal.o(i.HAL_GetTick)
    HAL_IncTick                              0x08004819   Thumb Code    12  stm32f4xx_hal.o(i.HAL_IncTick)
    HAL_Init                                 0x08004829   Thumb Code    54  stm32f4xx_hal.o(i.HAL_Init)
    HAL_InitTick                             0x08004865   Thumb Code    36  stm32f4xx_hal.o(i.HAL_InitTick)
    HAL_MspInit                              0x0800488d   Thumb Code    86  stm32f4xx_hal_msp.o(i.HAL_MspInit)
    HAL_MultiProcessor_Init                  0x080048e3   Thumb Code   154  stm32f4xx_hal_uart.o(i.HAL_MultiProcessor_Init)
    HAL_NVIC_EnableIRQ                       0x0800497d   Thumb Code    26  stm32f4xx_hal_cortex.o(i.HAL_NVIC_EnableIRQ)
    HAL_NVIC_SetPriority                     0x08004997   Thumb Code   124  stm32f4xx_hal_cortex.o(i.HAL_NVIC_SetPriority)
    HAL_NVIC_SetPriorityGrouping             0x08004a15   Thumb Code    32  stm32f4xx_hal_cortex.o(i.HAL_NVIC_SetPriorityGrouping)
    HAL_PCD_ConnectCallback                  0x08004a3d   Thumb Code    14  usbd_conf.o(i.HAL_PCD_ConnectCallback)
    HAL_PCD_DataInStageCallback              0x08004a4b   Thumb Code    32  usbd_conf.o(i.HAL_PCD_DataInStageCallback)
    HAL_PCD_DataOutStageCallback             0x08004a6b   Thumb Code    32  usbd_conf.o(i.HAL_PCD_DataOutStageCallback)
    HAL_PCD_DisconnectCallback               0x08004a8b   Thumb Code    14  usbd_conf.o(i.HAL_PCD_DisconnectCallback)
    HAL_PCD_EP_ClrStall                      0x08004a99   Thumb Code   104  stm32f4xx_hal_pcd.o(i.HAL_PCD_EP_ClrStall)
    HAL_PCD_EP_Open                          0x08004b01   Thumb Code   140  stm32f4xx_hal_pcd.o(i.HAL_PCD_EP_Open)
    HAL_PCD_EP_Receive                       0x08004b8d   Thumb Code   120  stm32f4xx_hal_pcd.o(i.HAL_PCD_EP_Receive)
    HAL_PCD_EP_SetStall                      0x08004c05   Thumb Code   122  stm32f4xx_hal_pcd.o(i.HAL_PCD_EP_SetStall)
    HAL_PCD_EP_Transmit                      0x08004c7f   Thumb Code   122  stm32f4xx_hal_pcd.o(i.HAL_PCD_EP_Transmit)
    HAL_PCD_IRQHandler                       0x08004cf9   Thumb Code  1642  stm32f4xx_hal_pcd.o(i.HAL_PCD_IRQHandler)
    HAL_PCD_ISOINIncompleteCallback          0x0800538d   Thumb Code    18  usbd_conf.o(i.HAL_PCD_ISOINIncompleteCallback)
    HAL_PCD_ISOOUTIncompleteCallback         0x0800539f   Thumb Code    18  usbd_conf.o(i.HAL_PCD_ISOOUTIncompleteCallback)
    HAL_PCD_ResetCallback                    0x080053b1   Thumb Code    50  usbd_conf.o(i.HAL_PCD_ResetCallback)
    HAL_PCD_ResumeCallback                   0x080053e3   Thumb Code    14  usbd_conf.o(i.HAL_PCD_ResumeCallback)
    HAL_PCD_SOFCallback                      0x080053f1   Thumb Code    14  usbd_conf.o(i.HAL_PCD_SOFCallback)
    HAL_PCD_SetAddress                       0x080053ff   Thumb Code    50  stm32f4xx_hal_pcd.o(i.HAL_PCD_SetAddress)
    HAL_PCD_SetupStageCallback               0x08005431   Thumb Code    18  usbd_conf.o(i.HAL_PCD_SetupStageCallback)
    HAL_PCD_SuspendCallback                  0x08005445   Thumb Code    46  usbd_conf.o(i.HAL_PCD_SuspendCallback)
    HAL_RCC_ClockConfig                      0x08005479   Thumb Code   446  stm32f4xx_hal_rcc.o(i.HAL_RCC_ClockConfig)
    HAL_RCC_GetHCLKFreq                      0x08005649   Thumb Code     6  stm32f4xx_hal_rcc.o(i.HAL_RCC_GetHCLKFreq)
    HAL_RCC_GetPCLK1Freq                     0x08005655   Thumb Code    36  stm32f4xx_hal_rcc.o(i.HAL_RCC_GetPCLK1Freq)
    HAL_RCC_GetPCLK2Freq                     0x08005681   Thumb Code    36  stm32f4xx_hal_rcc.o(i.HAL_RCC_GetPCLK2Freq)
    HAL_RCC_GetSysClockFreq                  0x080056ad   Thumb Code   168  stm32f4xx_hal_rcc.o(i.HAL_RCC_GetSysClockFreq)
    HAL_RCC_OscConfig                        0x08005761   Thumb Code   906  stm32f4xx_hal_rcc.o(i.HAL_RCC_OscConfig)
    HAL_SPI_Init                             0x08005afd   Thumb Code   140  stm32f4xx_hal_spi.o(i.HAL_SPI_Init)
    HAL_SPI_MspInit                          0x08005b89   Thumb Code    80  spi.o(i.HAL_SPI_MspInit)
    HAL_SPI_TransmitReceive                  0x08005be5   Thumb Code   542  stm32f4xx_hal_spi.o(i.HAL_SPI_TransmitReceive)
    HAL_SYSTICK_CLKSourceConfig              0x08005e03   Thumb Code    40  stm32f4xx_hal_cortex.o(i.HAL_SYSTICK_CLKSourceConfig)
    HAL_SYSTICK_Callback                     0x08005e2b   Thumb Code     2  stm32f4xx_hal_cortex.o(i.HAL_SYSTICK_Callback)
    HAL_SYSTICK_Config                       0x08005e2d   Thumb Code    52  stm32f4xx_hal_cortex.o(i.HAL_SYSTICK_Config)
    HAL_SYSTICK_IRQHandler                   0x08005e61   Thumb Code     8  stm32f4xx_hal_cortex.o(i.HAL_SYSTICK_IRQHandler)
    HAL_TIMEx_BreakCallback                  0x08005e69   Thumb Code     2  stm32f4xx_hal_tim_ex.o(i.HAL_TIMEx_BreakCallback)
    HAL_TIMEx_CommutationCallback            0x08005e6b   Thumb Code     2  stm32f4xx_hal_tim_ex.o(i.HAL_TIMEx_CommutationCallback)
    HAL_TIMEx_ConfigBreakDeadTime            0x08005e6d   Thumb Code    80  stm32f4xx_hal_tim_ex.o(i.HAL_TIMEx_ConfigBreakDeadTime)
    HAL_TIMEx_MasterConfigSynchronization    0x08005ebd   Thumb Code    98  stm32f4xx_hal_tim_ex.o(i.HAL_TIMEx_MasterConfigSynchronization)
    HAL_TIM_Base_Init                        0x08005f1f   Thumb Code    52  stm32f4xx_hal_tim.o(i.HAL_TIM_Base_Init)
    HAL_TIM_Base_MspInit                     0x08005f55   Thumb Code   404  tim.o(i.HAL_TIM_Base_MspInit)
    HAL_TIM_Base_Start_IT                    0x0800610d   Thumb Code    30  stm32f4xx_hal_tim.o(i.HAL_TIM_Base_Start_IT)
    HAL_TIM_ConfigClockSource                0x0800612b   Thumb Code   306  stm32f4xx_hal_tim.o(i.HAL_TIM_ConfigClockSource)
    HAL_TIM_IC_CaptureCallback               0x0800625d   Thumb Code     2  stm32f4xx_hal_tim.o(i.HAL_TIM_IC_CaptureCallback)
    HAL_TIM_IRQHandler                       0x0800625f   Thumb Code   406  stm32f4xx_hal_tim.o(i.HAL_TIM_IRQHandler)
    HAL_TIM_OC_ConfigChannel                 0x080063f5   Thumb Code   116  stm32f4xx_hal_tim.o(i.HAL_TIM_OC_ConfigChannel)
    HAL_TIM_OC_DelayElapsedCallback          0x08006469   Thumb Code    54  tim_callback.o(i.HAL_TIM_OC_DelayElapsedCallback)
    HAL_TIM_OC_Start                         0x080064a9   Thumb Code    68  stm32f4xx_hal_tim.o(i.HAL_TIM_OC_Start)
    HAL_TIM_PWM_ConfigChannel                0x080064f5   Thumb Code   264  stm32f4xx_hal_tim.o(i.HAL_TIM_PWM_ConfigChannel)
    HAL_TIM_PWM_Init                         0x080065fd   Thumb Code    52  stm32f4xx_hal_tim.o(i.HAL_TIM_PWM_Init)
    HAL_TIM_PWM_MspInit                      0x08006631   Thumb Code     2  stm32f4xx_hal_tim.o(i.HAL_TIM_PWM_MspInit)
    HAL_TIM_PWM_PulseFinishedCallback        0x08006633   Thumb Code     2  stm32f4xx_hal_tim.o(i.HAL_TIM_PWM_PulseFinishedCallback)
    HAL_TIM_PWM_Start                        0x08006635   Thumb Code    68  stm32f4xx_hal_tim.o(i.HAL_TIM_PWM_Start)
    HAL_TIM_PeriodElapsedCallback            0x08006681   Thumb Code   322  tim_callback.o(i.HAL_TIM_PeriodElapsedCallback)
    HAL_TIM_TriggerCallback                  0x0800680d   Thumb Code     2  stm32f4xx_hal_tim.o(i.HAL_TIM_TriggerCallback)
    HAL_UART_ErrorCallback                   0x0800680f   Thumb Code     2  stm32f4xx_hal_uart.o(i.HAL_UART_ErrorCallback)
    HAL_UART_IRQHandler                      0x08006811   Thumb Code   326  stm32f4xx_hal_uart.o(i.HAL_UART_IRQHandler)
    HAL_UART_MspInit                         0x0800695d   Thumb Code   482  usart.o(i.HAL_UART_MspInit)
    HAL_UART_Receive_DMA                     0x08006b71   Thumb Code   154  stm32f4xx_hal_uart.o(i.HAL_UART_Receive_DMA)
    HAL_UART_Receive_IT                      0x08006c19   Thumb Code   100  stm32f4xx_hal_uart.o(i.HAL_UART_Receive_IT)
    HAL_UART_RxCpltCallback                  0x08006c7d   Thumb Code   288  usart_callback.o(i.HAL_UART_RxCpltCallback)
    HAL_UART_RxHalfCpltCallback              0x08006df5   Thumb Code     2  stm32f4xx_hal_uart.o(i.HAL_UART_RxHalfCpltCallback)
    HAL_UART_Transmit                        0x08006df7   Thumb Code   214  stm32f4xx_hal_uart.o(i.HAL_UART_Transmit)
    HAL_UART_TxCpltCallback                  0x08006ecd   Thumb Code     2  stm32f4xx_hal_uart.o(i.HAL_UART_TxCpltCallback)
    HardFault_Handler                        0x08006ecf   Thumb Code     4  stm32f4xx_it.o(i.HardFault_Handler)
    IMU_Get_Data                             0x08006ed5   Thumb Code   468  m_imu.o(i.IMU_Get_Data)
    InitRoboData                             0x080070c1   Thumb Code   288  robodata.o(i.InitRoboData)
    KEY_GPIO_Init                            0x08007239   Thumb Code    76  t_monitor.o(i.KEY_GPIO_Init)
    LED_CTRL                                 0x08007291   Thumb Code   104  t_monitor.o(i.LED_CTRL)
    LED_GPIO_Init                            0x080072fd   Thumb Code    78  t_monitor.o(i.LED_GPIO_Init)
    MPU6500_Init                             0x08007355   Thumb Code    74  m_imu.o(i.MPU6500_Init)
    MPU6500_Read_Reg                         0x080073a9   Thumb Code    68  m_imu.o(i.MPU6500_Read_Reg)
    MPU6500_Read_Regs                        0x080073fd   Thumb Code    80  m_imu.o(i.MPU6500_Read_Regs)
    MPU6500_Write_Reg                        0x08007461   Thumb Code    72  m_imu.o(i.MPU6500_Write_Reg)
    MX_CAN1_Init                             0x080074b9   Thumb Code    60  can.o(i.MX_CAN1_Init)
    MX_CAN2_Init                             0x080074fd   Thumb Code    60  can.o(i.MX_CAN2_Init)
    MX_GPIO_Init                             0x08007541   Thumb Code   414  gpio.o(i.MX_GPIO_Init)
    MX_SPI5_Init                             0x080076fd   Thumb Code    60  spi.o(i.MX_SPI5_Init)
    MX_USART1_UART_Init                      0x08007741   Thumb Code    52  usart.o(i.MX_USART1_UART_Init)
    MX_USART2_UART_Init                      0x08007781   Thumb Code    50  usart.o(i.MX_USART2_UART_Init)
    MX_USART3_UART_Init                      0x080077bd   Thumb Code    50  usart.o(i.MX_USART3_UART_Init)
    MX_USART6_UART_Init                      0x080077f9   Thumb Code    50  usart.o(i.MX_USART6_UART_Init)
    MX_USART7_UART_Init                      0x08007835   Thumb Code    50  usart.o(i.MX_USART7_UART_Init)
    MX_USART8_UART_Init                      0x08007871   Thumb Code    50  usart.o(i.MX_USART8_UART_Init)
    MYDMA_Config                             0x080078ad   Thumb Code   528  dma.o(i.MYDMA_Config)
    MemManage_Handler                        0x08007b01   Thumb Code     4  stm32f4xx_it.o(i.MemManage_Handler)
    MonitorParaInit                          0x08007b05   Thumb Code    42  t_monitor.o(i.MonitorParaInit)
    Monitor_LED_Display                      0x08007b49   Thumb Code   982  t_monitor.o(i.Monitor_LED_Display)
    Monitor_Motor                            0x08007f4d   Thumb Code    78  t_monitor.o(i.Monitor_Motor)
    MotoParaInit                             0x08007fa1   Thumb Code    66  m_moto.o(i.MotoParaInit)
    NMI_Handler                              0x08007fed   Thumb Code     2  stm32f4xx_it.o(i.NMI_Handler)
    OTG_FS_IRQHandler                        0x08008029   Thumb Code    10  stm32f4xx_it.o(i.OTG_FS_IRQHandler)
    PendSV_Handler                           0x080080db   Thumb Code     2  stm32f4xx_it.o(i.PendSV_Handler)
    PidCalc                                  0x080080dd   Thumb Code  1026  pid.o(i.PidCalc)
    PidParaInit                              0x080084e5   Thumb Code    32  pid.o(i.PidParaInit)
    PidSet_all                               0x08008519   Thumb Code   240  pid.o(i.PidSet_all)
    PidSet_errband                           0x08008609   Thumb Code   122  pid.o(i.PidSet_errband)
    PidSet_limit                             0x08008683   Thumb Code   102  pid.o(i.PidSet_limit)
    PidSet_pidf                              0x080086e9   Thumb Code    18  pid.o(i.PidSet_pidf)
    RCDataParaInit                           0x080086fd   Thumb Code    48  m_remote.o(i.RCDataParaInit)
    RCReadKey                                0x0800872d   Thumb Code   184  m_remote.o(i.RCReadKey)
    RemoteDataProcess                        0x080087e5   Thumb Code   350  m_remote.o(i.RemoteDataProcess)
    SVC_Handler                              0x08008a15   Thumb Code     2  stm32f4xx_it.o(i.SVC_Handler)
    SetMotoCurrent                           0x08008a17   Thumb Code    94  m_moto.o(i.SetMotoCurrent)
    SysTick_Handler                          0x08008a75   Thumb Code    12  stm32f4xx_it.o(i.SysTick_Handler)
    SystemClock_Config                       0x08008a81   Thumb Code   188  main.o(i.SystemClock_Config)
    SystemInit                               0x08008b45   Thumb Code    82  system_stm32f4xx.o(i.SystemInit)
    TIM12_Init                               0x08008ba9   Thumb Code   250  t_monitor.o(i.TIM12_Init)
    TIM2_IRQHandler                          0x08008cb5   Thumb Code    10  tim.o(i.TIM2_IRQHandler)
    TIM3_IRQHandler                          0x08008cc5   Thumb Code    10  tim.o(i.TIM3_IRQHandler)
    TIM3_Init                                0x08008cd5   Thumb Code    32  tim.o(i.TIM3_Init)
    TIM4_IRQHandler                          0x08008cfd   Thumb Code    10  tim.o(i.TIM4_IRQHandler)
    TIM5_IRQHandler                          0x08008d0d   Thumb Code    10  tim.o(i.TIM5_IRQHandler)
    TIM5_Init                                0x08008d1d   Thumb Code    32  tim.o(i.TIM5_Init)
    TIM_Base_SetConfig                       0x08008d45   Thumb Code   184  stm32f4xx_hal_tim.o(i.TIM_Base_SetConfig)
    TIM_CCxChannelCmd                        0x08008e29   Thumb Code    28  stm32f4xx_hal_tim.o(i.TIM_CCxChannelCmd)
    TIM_OC2_SetConfig                        0x08008ee1   Thumb Code   112  stm32f4xx_hal_tim.o(i.TIM_OC2_SetConfig)
    TX2_DataProcess                          0x08009089   Thumb Code   356  tx2_protocol.o(i.TX2_DataProcess)
    TX2_SetMode                              0x080091fd   Thumb Code   168  tx2_protocol.o(i.TX2_SetMode)
    TX_DATA_CHASSIS1_ID                      0x080092b1   Thumb Code   178  m_transmit.o(i.TX_DATA_CHASSIS1_ID)
    TX_DATA_CHASSIS2_ID                      0x08009371   Thumb Code   196  m_transmit.o(i.TX_DATA_CHASSIS2_ID)
    TX_DATA_CHASSIS3_ID                      0x08009449   Thumb Code    28  m_transmit.o(i.TX_DATA_CHASSIS3_ID)
    UART8_IRQHandler                         0x08009465   Thumb Code    16  usart.o(i.UART8_IRQHandler)
    USART1_IRQHandler                        0x08009a5d   Thumb Code    16  usart.o(i.USART1_IRQHandler)
    USBD_ClrClassConfig                      0x08009a71   Thumb Code    22  usbd_core.o(i.USBD_ClrClassConfig)
    USBD_CtlContinueRx                       0x08009acb   Thumb Code    24  usbd_ioreq.o(i.USBD_CtlContinueRx)
    USBD_CtlContinueSendData                 0x08009ae3   Thumb Code    24  usbd_ioreq.o(i.USBD_CtlContinueSendData)
    USBD_CtlError                            0x08009afb   Thumb Code    24  usbd_ctlreq.o(i.USBD_CtlError)
    USBD_CtlReceiveStatus                    0x08009b13   Thumb Code    26  usbd_ioreq.o(i.USBD_CtlReceiveStatus)
    USBD_CtlSendData                         0x08009b2d   Thumb Code    34  usbd_ioreq.o(i.USBD_CtlSendData)
    USBD_CtlSendStatus                       0x08009b4f   Thumb Code    26  usbd_ioreq.o(i.USBD_CtlSendStatus)
    USBD_LL_ClearStallEP                     0x08009d45   Thumb Code    20  usbd_conf.o(i.USBD_LL_ClearStallEP)
    USBD_LL_DataInStage                      0x08009d59   Thumb Code   218  usbd_core.o(i.USBD_LL_DataInStage)
    USBD_LL_DataOutStage                     0x08009e33   Thumb Code   134  usbd_core.o(i.USBD_LL_DataOutStage)
    USBD_LL_DevConnected                     0x08009eb9   Thumb Code     6  usbd_core.o(i.USBD_LL_DevConnected)
    USBD_LL_DevDisconnected                  0x08009ebf   Thumb Code    26  usbd_core.o(i.USBD_LL_DevDisconnected)
    USBD_LL_IsStallEP                        0x08009ed9   Thumb Code    56  usbd_conf.o(i.USBD_LL_IsStallEP)
    USBD_LL_IsoINIncomplete                  0x08009f11   Thumb Code     6  usbd_core.o(i.USBD_LL_IsoINIncomplete)
    USBD_LL_IsoOUTIncomplete                 0x08009f17   Thumb Code     6  usbd_core.o(i.USBD_LL_IsoOUTIncomplete)
    USBD_LL_OpenEP                           0x08009f1d   Thumb Code    32  usbd_conf.o(i.USBD_LL_OpenEP)
    USBD_LL_PrepareReceive                   0x08009f3d   Thumb Code    32  usbd_conf.o(i.USBD_LL_PrepareReceive)
    USBD_LL_Reset                            0x08009f5d   Thumb Code    68  usbd_core.o(i.USBD_LL_Reset)
    USBD_LL_Resume                           0x08009fa1   Thumb Code    14  usbd_core.o(i.USBD_LL_Resume)
    USBD_LL_SOF                              0x08009faf   Thumb Code    34  usbd_core.o(i.USBD_LL_SOF)
    USBD_LL_SetSpeed                         0x08009fd1   Thumb Code     8  usbd_core.o(i.USBD_LL_SetSpeed)
    USBD_LL_SetUSBAddress                    0x08009fd9   Thumb Code    20  usbd_conf.o(i.USBD_LL_SetUSBAddress)
    USBD_LL_SetupStage                       0x08009fed   Thumb Code   110  usbd_core.o(i.USBD_LL_SetupStage)
    USBD_LL_StallEP                          0x0800a05b   Thumb Code    20  usbd_conf.o(i.USBD_LL_StallEP)
    USBD_LL_Suspend                          0x0800a06f   Thumb Code    20  usbd_core.o(i.USBD_LL_Suspend)
    USBD_LL_Transmit                         0x0800a083   Thumb Code    32  usbd_conf.o(i.USBD_LL_Transmit)
    USBD_ParseSetupRequest                   0x0800a0a3   Thumb Code    40  usbd_ctlreq.o(i.USBD_ParseSetupRequest)
    USBD_RunTestMode                         0x0800a0cb   Thumb Code     6  usbd_core.o(i.USBD_RunTestMode)
    USBD_SetClassConfig                      0x0800a125   Thumb Code    34  usbd_core.o(i.USBD_SetClassConfig)
    USBD_StdDevReq                           0x0800a24d   Thumb Code   114  usbd_ctlreq.o(i.USBD_StdDevReq)
    USBD_StdEPReq                            0x0800a2bf   Thumb Code   342  usbd_ctlreq.o(i.USBD_StdEPReq)
    USBD_StdItfReq                           0x0800a415   Thumb Code    74  usbd_ctlreq.o(i.USBD_StdItfReq)
    USB_ActivateEndpoint                     0x0800a461   Thumb Code   192  stm32f4xx_ll_usb.o(i.USB_ActivateEndpoint)
    USB_ActivateSetup                        0x0800a525   Thumb Code    68  stm32f4xx_ll_usb.o(i.USB_ActivateSetup)
    USB_EP0StartXfer                         0x0800a569   Thumb Code   426  stm32f4xx_ll_usb.o(i.USB_EP0StartXfer)
    USB_EP0_OutStart                         0x0800a719   Thumb Code    68  stm32f4xx_ll_usb.o(i.USB_EP0_OutStart)
    USB_EPClearStall                         0x0800a75d   Thumb Code   136  stm32f4xx_ll_usb.o(i.USB_EPClearStall)
    USB_EPSetStall                           0x0800a7e5   Thumb Code   140  stm32f4xx_ll_usb.o(i.USB_EPSetStall)
    USB_EPStartXfer                          0x0800a871   Thumb Code   714  stm32f4xx_ll_usb.o(i.USB_EPStartXfer)
    USB_FlushTxFifo                          0x0800ab41   Thumb Code    44  stm32f4xx_ll_usb.o(i.USB_FlushTxFifo)
    USB_GetDevSpeed                          0x0800ab71   Thumb Code    68  stm32f4xx_ll_usb.o(i.USB_GetDevSpeed)
    USB_GetMode                              0x0800abb5   Thumb Code    10  stm32f4xx_ll_usb.o(i.USB_GetMode)
    USB_ReadDevAllInEpInterrupt              0x0800abbf   Thumb Code    18  stm32f4xx_ll_usb.o(i.USB_ReadDevAllInEpInterrupt)
    USB_ReadDevAllOutEpInterrupt             0x0800abd1   Thumb Code    18  stm32f4xx_ll_usb.o(i.USB_ReadDevAllOutEpInterrupt)
    USB_ReadDevInEPInterrupt                 0x0800abe3   Thumb Code    44  stm32f4xx_ll_usb.o(i.USB_ReadDevInEPInterrupt)
    USB_ReadDevOutEPInterrupt                0x0800ac0f   Thumb Code    22  stm32f4xx_ll_usb.o(i.USB_ReadDevOutEPInterrupt)
    USB_ReadInterrupts                       0x0800ac25   Thumb Code    12  stm32f4xx_ll_usb.o(i.USB_ReadInterrupts)
    USB_ReadPacket                           0x0800ac31   Thumb Code    34  stm32f4xx_ll_usb.o(i.USB_ReadPacket)
    USB_SetDevAddress                        0x0800ac53   Thumb Code    36  stm32f4xx_ll_usb.o(i.USB_SetDevAddress)
    USB_WritePacket                          0x0800ac77   Thumb Code    48  stm32f4xx_ll_usb.o(i.USB_WritePacket)
    UsageFault_Handler                       0x0800aca7   Thumb Code     4  stm32f4xx_it.o(i.UsageFault_Handler)
    Verify_CRC16_Check_Sum                   0x0800acad   Thumb Code    60  dji_protocol.o(i.Verify_CRC16_Check_Sum)
    Verify_CRC8_Check_Sum                    0x0800aced   Thumb Code    46  dji_protocol.o(i.Verify_CRC8_Check_Sum)
    __ARM_fpclassify                         0x0800ad1b   Thumb Code    48  fpclassify.o(i.__ARM_fpclassify)
    __hardfp_atan                            0x0800ad51   Thumb Code   622  atan.o(i.__hardfp_atan)
    __hardfp_cos                             0x0800b029   Thumb Code   180  cos.o(i.__hardfp_cos)
    __hardfp_fabs                            0x0800b0f1   Thumb Code    20  fabs.o(i.__hardfp_fabs)
    __hardfp_sin                             0x0800b109   Thumb Code   180  sin.o(i.__hardfp_sin)
    __ieee754_rem_pio2                       0x0800b1d1   Thumb Code   938  rred.o(i.__ieee754_rem_pio2)
    __kernel_cos                             0x0800b609   Thumb Code   322  cos_i.o(i.__kernel_cos)
    __kernel_poly                            0x0800b779   Thumb Code   248  poly.o(i.__kernel_poly)
    __kernel_sin                             0x0800b871   Thumb Code   280  sin_i.o(i.__kernel_sin)
    __mathlib_dbl_infnan                     0x0800b9a1   Thumb Code    20  dunder.o(i.__mathlib_dbl_infnan)
    __mathlib_dbl_invalid                    0x0800b9b9   Thumb Code    24  dunder.o(i.__mathlib_dbl_invalid)
    __mathlib_dbl_underflow                  0x0800b9d9   Thumb Code    24  dunder.o(i.__mathlib_dbl_underflow)
    __scatterload_copy                       0x0800b9f9   Thumb Code    14  handlers.o(i.__scatterload_copy)
    __scatterload_null                       0x0800ba07   Thumb Code     2  handlers.o(i.__scatterload_null)
    __scatterload_zeroinit                   0x0800ba09   Thumb Code    14  handlers.o(i.__scatterload_zeroinit)
    __set_errno                              0x0800ba19   Thumb Code     6  errno.o(i.__set_errno)
    all_bsp_init                             0x0800ba25   Thumb Code   308  main.o(i.all_bsp_init)
    all_pid_init                             0x0800bbb9   Thumb Code   634  main.o(i.all_pid_init)
    dji_DataProcess                          0x0800be8d   Thumb Code   364  dji_protocol.o(i.dji_DataProcess)
    fabs                                     0x0800bffd   Thumb Code    24  fabs.o(i.fabs)
    main                                     0x0800c015   Thumb Code   174  main.o(i.main)
    monitor_can_power_process                0x0800c0d9   Thumb Code    52  t_monitor.o(i.monitor_can_power_process)
    monitor_dji_process                      0x0800c119   Thumb Code    34  t_monitor.o(i.monitor_dji_process)
    monitor_remote_process                   0x0800c13d   Thumb Code    44  t_monitor.o(i.monitor_remote_process)
    monitor_tx2_process                      0x0800c16d   Thumb Code    60  t_monitor.o(i.monitor_tx2_process)
    monitor_tx2_valid_process                0x0800c1b1   Thumb Code    72  t_monitor.o(i.monitor_tx2_valid_process)
    uart_receive_handler                     0x0800c201   Thumb Code    96  idle_interrupt.o(i.uart_receive_handler)
    uart_rx_idle_callback                    0x0800c261   Thumb Code    42  usart_callback.o(i.uart_rx_idle_callback)
    APBAHBPrescTable                         0x0800c29c   Data          16  stm32f4xx_hal_rcc.o(.constdata)
    CRC8_INIT                                0x0800c2c8   Data           1  dji_protocol.o(.constdata)
    CRC8_TAB                                 0x0800c2c9   Data         256  dji_protocol.o(.constdata)
    wCRC_Table                               0x0800c3ca   Data         512  dji_protocol.o(.constdata)
    Region$$Table$$Base                      0x0800c788   Number         0  anon$$obj.o(Region$$Table)
    Region$$Table$$Limit                     0x0800c7a8   Number         0  anon$$obj.o(Region$$Table)
    uwTick                                   0x20000000   Data           4  stm32f4xx_hal.o(.data)
    SystemCoreClock                          0x20000008   Data           4  system_stm32f4xx.o(.data)
    RoboData                                 0x20000048   Data         160  robodata.o(.data)
    time_piece                               0x200000e8   Data           4  tim_callback.o(.data)
    divider                                  0x200000ec   Data           4  tim_callback.o(.data)
    k                                        0x200000f0   Data           4  tim_callback.o(.data)
    beep_off                                 0x200000f8   Data           1  t_monitor.o(.data)
    MPU_id                                   0x20000101   Data           1  m_imu.o(.data)
    beat                                     0x20000118   Data           2  dji_protocol.o(.data)
    test                                     0x2000011c   Data           4  dji_protocol.o(.data)
    aimleft_1                                0x20000120   Data          55  dji_protocol.o(.data)
    aimleft_2                                0x20000157   Data          55  dji_protocol.o(.data)
    aimleft_3                                0x2000018e   Data          55  dji_protocol.o(.data)
    aimleft_4                                0x200001c5   Data          55  dji_protocol.o(.data)
    aimleft_5                                0x200001fc   Data          55  dji_protocol.o(.data)
    aimright_1                               0x20000233   Data          55  dji_protocol.o(.data)
    aimright_2                               0x2000026a   Data          55  dji_protocol.o(.data)
    aimright_3                               0x200002a1   Data          55  dji_protocol.o(.data)
    aimright_4                               0x200002d8   Data          55  dji_protocol.o(.data)
    aimright_5                               0x2000030f   Data          55  dji_protocol.o(.data)
    aimshu_1                                 0x20000346   Data          55  dji_protocol.o(.data)
    aimshu_2                                 0x2000037d   Data          55  dji_protocol.o(.data)
    rect_1                                   0x200003b4   Data          55  dji_protocol.o(.data)
    circle_1                                 0x200003eb   Data          55  dji_protocol.o(.data)
    ellipse_1                                0x20000422   Data          55  dji_protocol.o(.data)
    text_1                                   0x20000459   Data          55  dji_protocol.o(.data)
    CRC16_INIT                               0x20000490   Data           2  dji_protocol.o(.data)
    shoottime                                0x20000494   Data           4  dji_protocol.o(.data)
    bulletspeed                              0x2000049c   Data           4  usart_callback.o(.data)
    shootflag                                0x200004a0   Data           1  usart_callback.o(.data)
    counter                                  0x200004a4   Data           4  usart_callback.o(.data)
    uart8_rx_buff                            0x200004ac   Data           1  usart.o(.data)
    Chassis                                  0x200004b4   Data         440  chassis.o(.bss)
    var                                      0x2000067c   Data          32  main.o(.bss)
    monitor_remote                           0x2000069c   Data          20  t_monitor.o(.bss)
    monitor_tx2                              0x200006b0   Data          20  t_monitor.o(.bss)
    monitor_tx2_valid                        0x200006c4   Data          20  t_monitor.o(.bss)
    monitor_dji                              0x200006d8   Data          20  t_monitor.o(.bss)
    monitor_can_power                        0x200006ec   Data          20  t_monitor.o(.bss)
    monitor_motor                            0x20000700   Data          80  t_monitor.o(.bss)
    RC_CtrlData                              0x20000750   Data          56  m_remote.o(.bss)
    imu_data                                 0x20000788   Data          64  m_imu.o(.bss)
    imu_data_offest                          0x200007c8   Data          64  m_imu.o(.bss)
    testdata                                 0x20000808   Data          32  can_callback.o(.bss)
    Chassis_MOTO                             0x20000828   Data        2176  m_moto.o(.bss)
    TG_MOTO                                  0x200010a8   Data        1088  m_moto.o(.bss)
    Pitch_MOTO6623                           0x200014e8   Data         544  m_moto.o(.bss)
    Fricition_MOTO                           0x20001708   Data        1088  m_moto.o(.bss)
    Yaw_MOTO6020                             0x20001b48   Data         544  m_moto.o(.bss)
    Pitch_MOTO6020                           0x20001d68   Data         544  m_moto.o(.bss)
    power_pid                                0x20001f88   Data         144  pid.o(.bss)
    DJI_ReadData                             0x20002018   Data          98  dji_protocol.o(.bss)
    customdata                               0x2000207c   Data          20  dji_protocol.o(.bss)
    Frame                                    0x20002090   Data          25  dji_protocol.o(.bss)
    FrameAllMessage                          0x200020a9   Data          28  dji_protocol.o(.bss)
    CustomShapeMessage                       0x200020c5   Data          70  dji_protocol.o(.bss)
    TX2_Data                                 0x2000210c   Data          20  tx2_protocol.o(.bss)
    BtoADataBit                              0x20002120   Data           9  m_transmit.o(.bss)
    AtoBDataBit                              0x20002129   Data           9  m_transmit.o(.bss)
    dbus_buf                                 0x20002132   Data          18  idle_interrupt.o(.bss)
    hcan1                                    0x20002144   Data          64  can.o(.bss)
    hcan2                                    0x20002184   Data          64  can.o(.bss)
    hdma_usart1_rx                           0x200022c4   Data          96  dma.o(.bss)
    hdma_usart2_rx                           0x20002324   Data          96  dma.o(.bss)
    hdma_usart3_rx                           0x20002384   Data          96  dma.o(.bss)
    hdma_usart3_tx                           0x200023e4   Data          96  dma.o(.bss)
    hdma_usart6_rx                           0x20002444   Data          96  dma.o(.bss)
    hdma_usart6_tx                           0x200024a4   Data          96  dma.o(.bss)
    hdma_usart7_rx                           0x20002504   Data          96  dma.o(.bss)
    hdma_usart8_rx                           0x20002564   Data          96  dma.o(.bss)
    hdma_usart8_tx                           0x200025c4   Data          96  dma.o(.bss)
    htim2                                    0x20002624   Data          60  tim.o(.bss)
    htim3                                    0x20002660   Data          60  tim.o(.bss)
    htim4                                    0x2000269c   Data          60  tim.o(.bss)
    htim5                                    0x200026d8   Data          60  tim.o(.bss)
    htim8                                    0x20002714   Data          60  tim.o(.bss)
    htim12                                   0x20002750   Data          60  tim.o(.bss)
    huart1                                   0x2000278c   Data          64  usart.o(.bss)
    huart2                                   0x200027cc   Data          64  usart.o(.bss)
    huart3                                   0x2000280c   Data          64  usart.o(.bss)
    huart6                                   0x2000284c   Data          64  usart.o(.bss)
    huart7                                   0x2000288c   Data          64  usart.o(.bss)
    huart8                                   0x200028cc   Data          64  usart.o(.bss)
    uart1_rx_buff                            0x2000290c   Data          36  usart.o(.bss)
    uart2_rx_buff                            0x20002930   Data          22  usart.o(.bss)
    uart3_rx_buff                            0x20002946   Data          20  usart.o(.bss)
    uart6_rx_buff                            0x2000295a   Data          62  usart.o(.bss)
    uart7_rx_buff                            0x20002998   Data          20  usart.o(.bss)
    hpcd_USB_OTG_FS                          0x200029ac   Data         952  usbd_conf.o(.bss)
    hspi5                                    0x20002d64   Data          88  spi.o(.bss)
    __initial_sp                             0x200031c0   Data           0  startup_stm32f427xx.o(STACK)



==============================================================================

Memory Map of the image

  Image Entry point : 0x080001ad

  Load Region LR_IROM1 (Base: 0x08000000, Size: 0x0000cc5c, Max: 0x00200000, ABSOLUTE, COMPRESSED[0x0000c890])

    Execution Region ER_IROM1 (Exec base: 0x08000000, Load base: 0x08000000, Size: 0x0000c7a8, Max: 0x00200000, ABSOLUTE)

    Exec Addr    Load Addr    Size         Type   Attr      Idx    E Section Name        Object

    0x08000000   0x08000000   0x000001ac   Data   RO            3    RESET               startup_stm32f427xx.o
    0x080001ac   0x080001ac   0x00000000   Code   RO         5774  * .ARM.Collect$$$$00000000  mc_w.l(entry.o)
    0x080001ac   0x080001ac   0x00000004   Code   RO         5865    .ARM.Collect$$$$00000001  mc_w.l(entry2.o)
    0x080001b0   0x080001b0   0x00000004   Code   RO         5868    .ARM.Collect$$$$00000004  mc_w.l(entry5.o)
    0x080001b4   0x080001b4   0x00000000   Code   RO         5870    .ARM.Collect$$$$00000008  mc_w.l(entry7b.o)
    0x080001b4   0x080001b4   0x00000000   Code   RO         5872    .ARM.Collect$$$$0000000A  mc_w.l(entry8b.o)
    0x080001b4   0x080001b4   0x00000008   Code   RO         5873    .ARM.Collect$$$$0000000B  mc_w.l(entry9a.o)
    0x080001bc   0x080001bc   0x00000000   Code   RO         5875    .ARM.Collect$$$$0000000D  mc_w.l(entry10a.o)
    0x080001bc   0x080001bc   0x00000000   Code   RO         5877    .ARM.Collect$$$$0000000F  mc_w.l(entry11a.o)
    0x080001bc   0x080001bc   0x00000004   Code   RO         5866    .ARM.Collect$$$$00002712  mc_w.l(entry2.o)
    0x080001c0   0x080001c0   0x00000024   Code   RO            4    .text               startup_stm32f427xx.o
    0x080001e4   0x080001e4   0x00000024   Code   RO         5777    .text               mc_w.l(memcpya.o)
    0x08000208   0x08000208   0x00000024   Code   RO         5779    .text               mc_w.l(memseta.o)
    0x0800022c   0x0800022c   0x0000014e   Code   RO         5811    .text               mf_w.l(dadd.o)
    0x0800037a   0x0800037a   0x000000e4   Code   RO         5813    .text               mf_w.l(dmul.o)
    0x0800045e   0x0800045e   0x000000de   Code   RO         5815    .text               mf_w.l(ddiv.o)
    0x0800053c   0x0800053c   0x00000022   Code   RO         5817    .text               mf_w.l(dflti.o)
    0x0800055e   0x0800055e   0x0000001a   Code   RO         5819    .text               mf_w.l(dfltui.o)
    0x08000578   0x08000578   0x0000003e   Code   RO         5821    .text               mf_w.l(dfixi.o)
    0x080005b6   0x080005b6   0x00000032   Code   RO         5823    .text               mf_w.l(dfixui.o)
    0x080005e8   0x080005e8   0x00000026   Code   RO         5825    .text               mf_w.l(f2d.o)
    0x0800060e   0x0800060e   0x00000002   PAD
    0x08000610   0x08000610   0x00000030   Code   RO         5827    .text               mf_w.l(cdcmple.o)
    0x08000640   0x08000640   0x00000030   Code   RO         5829    .text               mf_w.l(cdrcmple.o)
    0x08000670   0x08000670   0x00000038   Code   RO         5831    .text               mf_w.l(d2f.o)
    0x080006a8   0x080006a8   0x0000001e   Code   RO         5879    .text               mc_w.l(llshl.o)
    0x080006c6   0x080006c6   0x00000020   Code   RO         5881    .text               mc_w.l(llushr.o)
    0x080006e6   0x080006e6   0x00000024   Code   RO         5883    .text               mc_w.l(llsshr.o)
    0x0800070a   0x0800070a   0x00000000   Code   RO         5894    .text               mc_w.l(iusefp.o)
    0x0800070a   0x0800070a   0x0000006e   Code   RO         5895    .text               mf_w.l(fepilogue.o)
    0x08000778   0x08000778   0x000000ba   Code   RO         5897    .text               mf_w.l(depilogue.o)
    0x08000832   0x08000832   0x00000002   PAD
    0x08000834   0x08000834   0x00000024   Code   RO         5901    .text               mc_w.l(init.o)
    0x08000858   0x08000858   0x00000056   Code   RO         5911    .text               mc_w.l(__dczerorl2.o)
    0x080008ae   0x080008ae   0x0000002e   Code   RO         4559    i.ABSLimit          pid.o
    0x080008dc   0x080008dc   0x00000084   Code   RO         4251    i.BEEP_Set          t_monitor.o
    0x08000960   0x08000960   0x00000004   Code   RO         4003    i.BusFault_Handler  stm32f4xx_it.o
    0x08000964   0x08000964   0x00000010   Code   RO         4004    i.CAN1_RX0_IRQHandler  stm32f4xx_it.o
    0x08000974   0x08000974   0x00000010   Code   RO         4005    i.CAN1_TX_IRQHandler  stm32f4xx_it.o
    0x08000984   0x08000984   0x00000010   Code   RO         4006    i.CAN2_RX0_IRQHandler  stm32f4xx_it.o
    0x08000994   0x08000994   0x00000010   Code   RO         4007    i.CAN2_TX_IRQHandler  stm32f4xx_it.o
    0x080009a4   0x080009a4   0x00000068   Code   RO         4999    i.CAN_Filter_Init_Recv_All  can.o
    0x08000a0c   0x08000a0c   0x000001ac   Code   RO          699    i.CAN_Receive_IT    stm32f4xx_hal_can.o
    0x08000bb8   0x08000bb8   0x00000074   Code   RO          700    i.CAN_Transmit_IT   stm32f4xx_hal_can.o
    0x08000c2c   0x08000c2c   0x00000940   Code   RO         3780    i.ChassisSetSpeed   chassis.o
    0x0800156c   0x0800156c   0x0000020c   Code   RO         3781    i.Chassis_Fun       chassis.o
    0x08001778   0x08001778   0x00000168   Code   RO         3782    i.Chassis_Init      chassis.o
    0x080018e0   0x080018e0   0x00000654   Code   RO         3783    i.Chassis_PowerControl  chassis.o
    0x08001f34   0x08001f34   0x00000468   Code   RO         3784    i.Chassis_SetModeFromControl  chassis.o
    0x0800239c   0x0800239c   0x00000124   Code   RO         3785    i.ChassissFollow    chassis.o
    0x080024c0   0x080024c0   0x000000fc   Code   RO         4560    i.CommonPidCalc     pid.o
    0x080025bc   0x080025bc   0x00000058   Code   RO         4561    i.CommonPidSet      pid.o
    0x08002614   0x08002614   0x000002ac   Code   RO         4669    i.CustomSend        dji_protocol.o
    0x080028c0   0x080028c0   0x00000184   Code   RO         4670    i.CustomShapeTransmit  dji_protocol.o
    0x08002a44   0x08002a44   0x000000f4   Code   RO         4671    i.CustomTransmit    dji_protocol.o
    0x08002b38   0x08002b38   0x00000010   Code   RO         5066    i.DMA1_Stream1_IRQHandler  dma.o
    0x08002b48   0x08002b48   0x00000018   Code   RO         5067    i.DMA1_Stream3_IRQHandler  dma.o
    0x08002b60   0x08002b60   0x00000010   Code   RO         5068    i.DMA1_Stream5_IRQHandler  dma.o
    0x08002b70   0x08002b70   0x00000010   Code   RO         5069    i.DMA1_Stream6_IRQHandler  dma.o
    0x08002b80   0x08002b80   0x00000010   Code   RO         5070    i.DMA2_Stream1_IRQHandler  dma.o
    0x08002b90   0x08002b90   0x00000010   Code   RO         5071    i.DMA2_Stream2_IRQHandler  dma.o
    0x08002ba0   0x08002ba0   0x00000034   Code   RO         1108    i.DMA_CalcBaseAndBitshift  stm32f4xx_hal_dma.o
    0x08002bd4   0x08002bd4   0x000000ba   Code   RO         1109    i.DMA_CheckFifoParam  stm32f4xx_hal_dma.o
    0x08002c8e   0x08002c8e   0x0000002c   Code   RO         1110    i.DMA_SetConfig     stm32f4xx_hal_dma.o
    0x08002cba   0x08002cba   0x00000002   Code   RO         4008    i.DebugMon_Handler  stm32f4xx_it.o
    0x08002cbc   0x08002cbc   0x0000000a   Code   RO         4009    i.EXTI1_IRQHandler  stm32f4xx_it.o
    0x08002cc6   0x08002cc6   0x0000000a   Code   RO         4010    i.EXTI2_IRQHandler  stm32f4xx_it.o
    0x08002cd0   0x08002cd0   0x00000028   Code   RO         4637    i.EncoderParaInit   moto_encoder.o
    0x08002cf8   0x08002cf8   0x00000004   Code   RO         3921    i.Error_Handler     main.o
    0x08002cfc   0x08002cfc   0x00000088   Code   RO         4122    i.Get17HeatControlData  robodata.o
    0x08002d84   0x08002d84   0x00000088   Code   RO         4123    i.Get42HeatControlData  robodata.o
    0x08002e0c   0x08002e0c   0x00000144   Code   RO         4124    i.GetAmmunition17ControlStatus  robodata.o
    0x08002f50   0x08002f50   0x00000144   Code   RO         4125    i.GetAmmunition42ControlStatus  robodata.o
    0x08003094   0x08003094   0x00000040   Code   RO         4860    i.GetBToADataBit    m_transmit.o
    0x080030d4   0x080030d4   0x00000064   Code   RO         4126    i.GetChassisControlStatus  robodata.o
    0x08003138   0x08003138   0x000000c8   Code   RO         4127    i.GetDJIControlData  robodata.o
    0x08003200   0x08003200   0x00000042   Code   RO         4672    i.GetDataBit        dji_protocol.o
    0x08003242   0x08003242   0x00000002   PAD
    0x08003244   0x08003244   0x0000015c   Code   RO         4638    i.GetEncoderMeasure  moto_encoder.o
    0x080033a0   0x080033a0   0x00000010   Code   RO         4128    i.GetRemoteControlData  robodata.o
    0x080033b0   0x080033b0   0x00000034   Code   RO         4673    i.Get_CRC16_Check_Sum  dji_protocol.o
    0x080033e4   0x080033e4   0x00000024   Code   RO         4674    i.Get_CRC8_Check_Sum  dji_protocol.o
    0x08003408   0x08003408   0x0000012c   Code   RO          701    i.HAL_CAN_ConfigFilter  stm32f4xx_hal_can.o
    0x08003534   0x08003534   0x00000002   Code   RO          703    i.HAL_CAN_ErrorCallback  stm32f4xx_hal_can.o
    0x08003536   0x08003536   0x00000002   PAD
    0x08003538   0x08003538   0x000001cc   Code   RO          706    i.HAL_CAN_IRQHandler  stm32f4xx_hal_can.o
    0x08003704   0x08003704   0x000001c0   Code   RO          707    i.HAL_CAN_Init      stm32f4xx_hal_can.o
    0x080038c4   0x080038c4   0x00000134   Code   RO         5001    i.HAL_CAN_MspInit   can.o
    0x080039f8   0x080039f8   0x000000ae   Code   RO          711    i.HAL_CAN_Receive_IT  stm32f4xx_hal_can.o
    0x08003aa6   0x08003aa6   0x00000002   PAD
    0x08003aa8   0x08003aa8   0x00000434   Code   RO         4491    i.HAL_CAN_RxCpltCallback  can_callback.o
    0x08003edc   0x08003edc   0x00000260   Code   RO          714    i.HAL_CAN_Transmit  stm32f4xx_hal_can.o
    0x0800413c   0x0800413c   0x00000002   Code   RO          716    i.HAL_CAN_TxCpltCallback  stm32f4xx_hal_can.o
    0x0800413e   0x0800413e   0x00000028   Code   RO         1112    i.HAL_DMA_Abort_IT  stm32f4xx_hal_dma.o
    0x08004166   0x08004166   0x00000062   Code   RO         1113    i.HAL_DMA_DeInit    stm32f4xx_hal_dma.o
    0x080041c8   0x080041c8   0x00000248   Code   RO         1116    i.HAL_DMA_IRQHandler  stm32f4xx_hal_dma.o
    0x08004410   0x08004410   0x000000e8   Code   RO         1117    i.HAL_DMA_Init      stm32f4xx_hal_dma.o
    0x080044f8   0x080044f8   0x0000009e   Code   RO         1121    i.HAL_DMA_Start_IT  stm32f4xx_hal_dma.o
    0x08004596   0x08004596   0x0000001a   Code   RO         2545    i.HAL_Delay         stm32f4xx_hal.o
    0x080045b0   0x080045b0   0x00000008   Code   RO         4799    i.HAL_GPIO_EXTI_Callback  gpio_callback.o
    0x080045b8   0x080045b8   0x0000001c   Code   RO         2079    i.HAL_GPIO_EXTI_IRQHandler  stm32f4xx_hal_gpio.o
    0x080045d4   0x080045d4   0x0000021c   Code   RO         2080    i.HAL_GPIO_Init     stm32f4xx_hal_gpio.o
    0x080047f0   0x080047f0   0x00000010   Code   RO         2082    i.HAL_GPIO_ReadPin  stm32f4xx_hal_gpio.o
    0x08004800   0x08004800   0x0000000c   Code   RO         2084    i.HAL_GPIO_WritePin  stm32f4xx_hal_gpio.o
    0x0800480c   0x0800480c   0x0000000c   Code   RO         2553    i.HAL_GetTick       stm32f4xx_hal.o
    0x08004818   0x08004818   0x00000010   Code   RO         2554    i.HAL_IncTick       stm32f4xx_hal.o
    0x08004828   0x08004828   0x0000003c   Code   RO         2555    i.HAL_Init          stm32f4xx_hal.o
    0x08004864   0x08004864   0x00000028   Code   RO         2556    i.HAL_InitTick      stm32f4xx_hal.o
    0x0800488c   0x0800488c   0x00000056   Code   RO         5144    i.HAL_MspInit       stm32f4xx_hal_msp.o
    0x080048e2   0x080048e2   0x0000009a   Code   RO          449    i.HAL_MultiProcessor_Init  stm32f4xx_hal_uart.o
    0x0800497c   0x0800497c   0x0000001a   Code   RO         3136    i.HAL_NVIC_EnableIRQ  stm32f4xx_hal_cortex.o
    0x08004996   0x08004996   0x0000007c   Code   RO         3142    i.HAL_NVIC_SetPriority  stm32f4xx_hal_cortex.o
    0x08004a12   0x08004a12   0x00000002   PAD
    0x08004a14   0x08004a14   0x00000028   Code   RO         3143    i.HAL_NVIC_SetPriorityGrouping  stm32f4xx_hal_cortex.o
    0x08004a3c   0x08004a3c   0x0000000e   Code   RO         5426    i.HAL_PCD_ConnectCallback  usbd_conf.o
    0x08004a4a   0x08004a4a   0x00000020   Code   RO         5427    i.HAL_PCD_DataInStageCallback  usbd_conf.o
    0x08004a6a   0x08004a6a   0x00000020   Code   RO         5428    i.HAL_PCD_DataOutStageCallback  usbd_conf.o
    0x08004a8a   0x08004a8a   0x0000000e   Code   RO         5429    i.HAL_PCD_DisconnectCallback  usbd_conf.o
    0x08004a98   0x08004a98   0x00000068   Code   RO           23    i.HAL_PCD_EP_ClrStall  stm32f4xx_hal_pcd.o
    0x08004b00   0x08004b00   0x0000008c   Code   RO           26    i.HAL_PCD_EP_Open   stm32f4xx_hal_pcd.o
    0x08004b8c   0x08004b8c   0x00000078   Code   RO           27    i.HAL_PCD_EP_Receive  stm32f4xx_hal_pcd.o
    0x08004c04   0x08004c04   0x0000007a   Code   RO           28    i.HAL_PCD_EP_SetStall  stm32f4xx_hal_pcd.o
    0x08004c7e   0x08004c7e   0x0000007a   Code   RO           29    i.HAL_PCD_EP_Transmit  stm32f4xx_hal_pcd.o
    0x08004cf8   0x08004cf8   0x00000694   Code   RO           31    i.HAL_PCD_IRQHandler  stm32f4xx_hal_pcd.o
    0x0800538c   0x0800538c   0x00000012   Code   RO         5430    i.HAL_PCD_ISOINIncompleteCallback  usbd_conf.o
    0x0800539e   0x0800539e   0x00000012   Code   RO         5431    i.HAL_PCD_ISOOUTIncompleteCallback  usbd_conf.o
    0x080053b0   0x080053b0   0x00000032   Code   RO         5434    i.HAL_PCD_ResetCallback  usbd_conf.o
    0x080053e2   0x080053e2   0x0000000e   Code   RO         5435    i.HAL_PCD_ResumeCallback  usbd_conf.o
    0x080053f0   0x080053f0   0x0000000e   Code   RO         5436    i.HAL_PCD_SOFCallback  usbd_conf.o
    0x080053fe   0x080053fe   0x00000032   Code   RO           40    i.HAL_PCD_SetAddress  stm32f4xx_hal_pcd.o
    0x08005430   0x08005430   0x00000012   Code   RO         5437    i.HAL_PCD_SetupStageCallback  usbd_conf.o
    0x08005442   0x08005442   0x00000002   PAD
    0x08005444   0x08005444   0x00000034   Code   RO         5438    i.HAL_PCD_SuspendCallback  usbd_conf.o
    0x08005478   0x08005478   0x000001d0   Code   RO          338    i.HAL_RCC_ClockConfig  stm32f4xx_hal_rcc.o
    0x08005648   0x08005648   0x0000000c   Code   RO          343    i.HAL_RCC_GetHCLKFreq  stm32f4xx_hal_rcc.o
    0x08005654   0x08005654   0x0000002c   Code   RO          345    i.HAL_RCC_GetPCLK1Freq  stm32f4xx_hal_rcc.o
    0x08005680   0x08005680   0x0000002c   Code   RO          346    i.HAL_RCC_GetPCLK2Freq  stm32f4xx_hal_rcc.o
    0x080056ac   0x080056ac   0x000000b4   Code   RO          347    i.HAL_RCC_GetSysClockFreq  stm32f4xx_hal_rcc.o
    0x08005760   0x08005760   0x0000039c   Code   RO          350    i.HAL_RCC_OscConfig  stm32f4xx_hal_rcc.o
    0x08005afc   0x08005afc   0x0000008c   Code   RO          837    i.HAL_SPI_Init      stm32f4xx_hal_spi.o
    0x08005b88   0x08005b88   0x0000005c   Code   RO         5683    i.HAL_SPI_MspInit   spi.o
    0x08005be4   0x08005be4   0x0000021e   Code   RO          846    i.HAL_SPI_TransmitReceive  stm32f4xx_hal_spi.o
    0x08005e02   0x08005e02   0x00000028   Code   RO         3145    i.HAL_SYSTICK_CLKSourceConfig  stm32f4xx_hal_cortex.o
    0x08005e2a   0x08005e2a   0x00000002   Code   RO         3146    i.HAL_SYSTICK_Callback  stm32f4xx_hal_cortex.o
    0x08005e2c   0x08005e2c   0x00000034   Code   RO         3147    i.HAL_SYSTICK_Config  stm32f4xx_hal_cortex.o
    0x08005e60   0x08005e60   0x00000008   Code   RO         3148    i.HAL_SYSTICK_IRQHandler  stm32f4xx_hal_cortex.o
    0x08005e68   0x08005e68   0x00000002   Code   RO         2143    i.HAL_TIMEx_BreakCallback  stm32f4xx_hal_tim_ex.o
    0x08005e6a   0x08005e6a   0x00000002   Code   RO         2144    i.HAL_TIMEx_CommutationCallback  stm32f4xx_hal_tim_ex.o
    0x08005e6c   0x08005e6c   0x00000050   Code   RO         2145    i.HAL_TIMEx_ConfigBreakDeadTime  stm32f4xx_hal_tim_ex.o
    0x08005ebc   0x08005ebc   0x00000062   Code   RO         2160    i.HAL_TIMEx_MasterConfigSynchronization  stm32f4xx_hal_tim_ex.o
    0x08005f1e   0x08005f1e   0x00000034   Code   RO         1288    i.HAL_TIM_Base_Init  stm32f4xx_hal_tim.o
    0x08005f52   0x08005f52   0x00000002   PAD
    0x08005f54   0x08005f54   0x000001b8   Code   RO         5169    i.HAL_TIM_Base_MspInit  tim.o
    0x0800610c   0x0800610c   0x0000001e   Code   RO         1293    i.HAL_TIM_Base_Start_IT  stm32f4xx_hal_tim.o
    0x0800612a   0x0800612a   0x00000132   Code   RO         1297    i.HAL_TIM_ConfigClockSource  stm32f4xx_hal_tim.o
    0x0800625c   0x0800625c   0x00000002   Code   RO         1317    i.HAL_TIM_IC_CaptureCallback  stm32f4xx_hal_tim.o
    0x0800625e   0x0800625e   0x00000196   Code   RO         1330    i.HAL_TIM_IRQHandler  stm32f4xx_hal_tim.o
    0x080063f4   0x080063f4   0x00000074   Code   RO         1331    i.HAL_TIM_OC_ConfigChannel  stm32f4xx_hal_tim.o
    0x08006468   0x08006468   0x00000040   Code   RO         4205    i.HAL_TIM_OC_DelayElapsedCallback  tim_callback.o
    0x080064a8   0x080064a8   0x0000004c   Code   RO         1338    i.HAL_TIM_OC_Start  stm32f4xx_hal_tim.o
    0x080064f4   0x080064f4   0x00000108   Code   RO         1354    i.HAL_TIM_PWM_ConfigChannel  stm32f4xx_hal_tim.o
    0x080065fc   0x080065fc   0x00000034   Code   RO         1357    i.HAL_TIM_PWM_Init  stm32f4xx_hal_tim.o
    0x08006630   0x08006630   0x00000002   Code   RO         1359    i.HAL_TIM_PWM_MspInit  stm32f4xx_hal_tim.o
    0x08006632   0x08006632   0x00000002   Code   RO         1360    i.HAL_TIM_PWM_PulseFinishedCallback  stm32f4xx_hal_tim.o
    0x08006634   0x08006634   0x0000004c   Code   RO         1361    i.HAL_TIM_PWM_Start  stm32f4xx_hal_tim.o
    0x08006680   0x08006680   0x0000018c   Code   RO         4206    i.HAL_TIM_PeriodElapsedCallback  tim_callback.o
    0x0800680c   0x0800680c   0x00000002   Code   RO         1371    i.HAL_TIM_TriggerCallback  stm32f4xx_hal_tim.o
    0x0800680e   0x0800680e   0x00000002   Code   RO          454    i.HAL_UART_ErrorCallback  stm32f4xx_hal_uart.o
    0x08006810   0x08006810   0x0000014c   Code   RO          457    i.HAL_UART_IRQHandler  stm32f4xx_hal_uart.o
    0x0800695c   0x0800695c   0x00000214   Code   RO         5253    i.HAL_UART_MspInit  usart.o
    0x08006b70   0x08006b70   0x000000a8   Code   RO          462    i.HAL_UART_Receive_DMA  stm32f4xx_hal_uart.o
    0x08006c18   0x08006c18   0x00000064   Code   RO          463    i.HAL_UART_Receive_IT  stm32f4xx_hal_uart.o
    0x08006c7c   0x08006c7c   0x00000178   Code   RO         4760    i.HAL_UART_RxCpltCallback  usart_callback.o
    0x08006df4   0x08006df4   0x00000002   Code   RO          465    i.HAL_UART_RxHalfCpltCallback  stm32f4xx_hal_uart.o
    0x08006df6   0x08006df6   0x000000d6   Code   RO          466    i.HAL_UART_Transmit  stm32f4xx_hal_uart.o
    0x08006ecc   0x08006ecc   0x00000002   Code   RO          469    i.HAL_UART_TxCpltCallback  stm32f4xx_hal_uart.o
    0x08006ece   0x08006ece   0x00000004   Code   RO         4011    i.HardFault_Handler  stm32f4xx_it.o
    0x08006ed2   0x08006ed2   0x00000002   PAD
    0x08006ed4   0x08006ed4   0x000001ec   Code   RO         4396    i.IMU_Get_Data      m_imu.o
    0x080070c0   0x080070c0   0x00000178   Code   RO         4129    i.InitRoboData      robodata.o
    0x08007238   0x08007238   0x00000058   Code   RO         4252    i.KEY_GPIO_Init     t_monitor.o
    0x08007290   0x08007290   0x0000006c   Code   RO         4253    i.LED_CTRL          t_monitor.o
    0x080072fc   0x080072fc   0x00000058   Code   RO         4254    i.LED_GPIO_Init     t_monitor.o
    0x08007354   0x08007354   0x00000054   Code   RO         4400    i.MPU6500_Init      m_imu.o
    0x080073a8   0x080073a8   0x00000054   Code   RO         4401    i.MPU6500_Read_Reg  m_imu.o
    0x080073fc   0x080073fc   0x00000064   Code   RO         4402    i.MPU6500_Read_Regs  m_imu.o
    0x08007460   0x08007460   0x00000058   Code   RO         4405    i.MPU6500_Write_Reg  m_imu.o
    0x080074b8   0x080074b8   0x00000044   Code   RO         5002    i.MX_CAN1_Init      can.o
    0x080074fc   0x080074fc   0x00000044   Code   RO         5003    i.MX_CAN2_Init      can.o
    0x08007540   0x08007540   0x000001bc   Code   RO         4975    i.MX_GPIO_Init      gpio.o
    0x080076fc   0x080076fc   0x00000044   Code   RO         5684    i.MX_SPI5_Init      spi.o
    0x08007740   0x08007740   0x00000040   Code   RO         5254    i.MX_USART1_UART_Init  usart.o
    0x08007780   0x08007780   0x0000003c   Code   RO         5255    i.MX_USART2_UART_Init  usart.o
    0x080077bc   0x080077bc   0x0000003c   Code   RO         5256    i.MX_USART3_UART_Init  usart.o
    0x080077f8   0x080077f8   0x0000003c   Code   RO         5257    i.MX_USART6_UART_Init  usart.o
    0x08007834   0x08007834   0x0000003c   Code   RO         5258    i.MX_USART7_UART_Init  usart.o
    0x08007870   0x08007870   0x0000003c   Code   RO         5259    i.MX_USART8_UART_Init  usart.o
    0x080078ac   0x080078ac   0x00000254   Code   RO         5072    i.MYDMA_Config      dma.o
    0x08007b00   0x08007b00   0x00000004   Code   RO         4012    i.MemManage_Handler  stm32f4xx_it.o
    0x08007b04   0x08007b04   0x00000044   Code   RO         4255    i.MonitorParaInit   t_monitor.o
    0x08007b48   0x08007b48   0x00000404   Code   RO         4256    i.Monitor_LED_Display  t_monitor.o
    0x08007f4c   0x08007f4c   0x00000054   Code   RO         4257    i.Monitor_Motor     t_monitor.o
    0x08007fa0   0x08007fa0   0x0000004c   Code   RO         4523    i.MotoParaInit      m_moto.o
    0x08007fec   0x08007fec   0x00000002   Code   RO         4013    i.NMI_Handler       stm32f4xx_it.o
    0x08007fee   0x08007fee   0x00000002   PAD
    0x08007ff0   0x08007ff0   0x00000010   Code   RO         3149    i.NVIC_GetPriorityGrouping  stm32f4xx_hal_cortex.o
    0x08008000   0x08008000   0x00000028   Code   RO         3150    i.NVIC_SetPriority  stm32f4xx_hal_cortex.o
    0x08008028   0x08008028   0x00000010   Code   RO         4014    i.OTG_FS_IRQHandler  stm32f4xx_it.o
    0x08008038   0x08008038   0x000000a2   Code   RO           45    i.PCD_WriteEmptyTxFifo  stm32f4xx_hal_pcd.o
    0x080080da   0x080080da   0x00000002   Code   RO         4015    i.PendSV_Handler    stm32f4xx_it.o
    0x080080dc   0x080080dc   0x00000408   Code   RO         4562    i.PidCalc           pid.o
    0x080084e4   0x080084e4   0x00000034   Code   RO         4563    i.PidParaInit       pid.o
    0x08008518   0x08008518   0x000000f0   Code   RO         4564    i.PidSet_all        pid.o
    0x08008608   0x08008608   0x0000007a   Code   RO         4565    i.PidSet_errband    pid.o
    0x08008682   0x08008682   0x00000066   Code   RO         4566    i.PidSet_limit      pid.o
    0x080086e8   0x080086e8   0x00000012   Code   RO         4567    i.PidSet_pidf       pid.o
    0x080086fa   0x080086fa   0x00000002   PAD
    0x080086fc   0x080086fc   0x00000030   Code   RO         4354    i.RCDataParaInit    m_remote.o
    0x0800872c   0x0800872c   0x000000b8   Code   RO         4355    i.RCReadKey         m_remote.o
    0x080087e4   0x080087e4   0x0000015e   Code   RO         4356    i.RemoteDataProcess  m_remote.o
    0x08008942   0x08008942   0x00000028   Code   RO          859    i.SPI_CheckFlag_BSY  stm32f4xx_hal_spi.o
    0x0800896a   0x0800896a   0x000000aa   Code   RO          875    i.SPI_WaitFlagStateUntilTimeout  stm32f4xx_hal_spi.o
    0x08008a14   0x08008a14   0x00000002   Code   RO         4016    i.SVC_Handler       stm32f4xx_it.o
    0x08008a16   0x08008a16   0x0000005e   Code   RO         4524    i.SetMotoCurrent    m_moto.o
    0x08008a74   0x08008a74   0x0000000c   Code   RO         4017    i.SysTick_Handler   stm32f4xx_it.o
    0x08008a80   0x08008a80   0x000000c4   Code   RO         3922    i.SystemClock_Config  main.o
    0x08008b44   0x08008b44   0x00000064   Code   RO         3744    i.SystemInit        system_stm32f4xx.o
    0x08008ba8   0x08008ba8   0x0000010c   Code   RO         4258    i.TIM12_Init        t_monitor.o
    0x08008cb4   0x08008cb4   0x00000010   Code   RO         5170    i.TIM2_IRQHandler   tim.o
    0x08008cc4   0x08008cc4   0x00000010   Code   RO         5172    i.TIM3_IRQHandler   tim.o
    0x08008cd4   0x08008cd4   0x00000028   Code   RO         5173    i.TIM3_Init         tim.o
    0x08008cfc   0x08008cfc   0x00000010   Code   RO         5174    i.TIM4_IRQHandler   tim.o
    0x08008d0c   0x08008d0c   0x00000010   Code   RO         5176    i.TIM5_IRQHandler   tim.o
    0x08008d1c   0x08008d1c   0x00000028   Code   RO         5177    i.TIM5_Init         tim.o
    0x08008d44   0x08008d44   0x000000e4   Code   RO         1372    i.TIM_Base_SetConfig  stm32f4xx_hal_tim.o
    0x08008e28   0x08008e28   0x0000001c   Code   RO         1373    i.TIM_CCxChannelCmd  stm32f4xx_hal_tim.o
    0x08008e44   0x08008e44   0x00000018   Code   RO         1379    i.TIM_ETR_SetConfig  stm32f4xx_hal_tim.o
    0x08008e5c   0x08008e5c   0x00000014   Code   RO         1380    i.TIM_ITRx_SetConfig  stm32f4xx_hal_tim.o
    0x08008e70   0x08008e70   0x00000070   Code   RO         1381    i.TIM_OC1_SetConfig  stm32f4xx_hal_tim.o
    0x08008ee0   0x08008ee0   0x00000078   Code   RO         1382    i.TIM_OC2_SetConfig  stm32f4xx_hal_tim.o
    0x08008f58   0x08008f58   0x00000078   Code   RO         1383    i.TIM_OC3_SetConfig  stm32f4xx_hal_tim.o
    0x08008fd0   0x08008fd0   0x00000060   Code   RO         1384    i.TIM_OC4_SetConfig  stm32f4xx_hal_tim.o
    0x08009030   0x08009030   0x0000002a   Code   RO         1386    i.TIM_TI1_ConfigInputStage  stm32f4xx_hal_tim.o
    0x0800905a   0x0800905a   0x0000002c   Code   RO         1388    i.TIM_TI2_ConfigInputStage  stm32f4xx_hal_tim.o
    0x08009086   0x08009086   0x00000002   PAD
    0x08009088   0x08009088   0x00000174   Code   RO         4823    i.TX2_DataProcess   tx2_protocol.o
    0x080091fc   0x080091fc   0x000000b4   Code   RO         4824    i.TX2_SetMode       tx2_protocol.o
    0x080092b0   0x080092b0   0x000000c0   Code   RO         4862    i.TX_DATA_CHASSIS1_ID  m_transmit.o
    0x08009370   0x08009370   0x000000d8   Code   RO         4863    i.TX_DATA_CHASSIS2_ID  m_transmit.o
    0x08009448   0x08009448   0x0000001c   Code   RO         4864    i.TX_DATA_CHASSIS3_ID  m_transmit.o
    0x08009464   0x08009464   0x00000014   Code   RO         5260    i.UART8_IRQHandler  usart.o
    0x08009478   0x08009478   0x00000014   Code   RO          471    i.UART_DMAAbortOnError  stm32f4xx_hal_uart.o
    0x0800948c   0x0800948c   0x00000050   Code   RO          472    i.UART_DMAError     stm32f4xx_hal_uart.o
    0x080094dc   0x080094dc   0x00000046   Code   RO          473    i.UART_DMAReceiveCplt  stm32f4xx_hal_uart.o
    0x08009522   0x08009522   0x0000000e   Code   RO          474    i.UART_DMARxHalfCplt  stm32f4xx_hal_uart.o
    0x08009530   0x08009530   0x00000020   Code   RO          477    i.UART_EndRxTransfer  stm32f4xx_hal_uart.o
    0x08009550   0x08009550   0x00000020   Code   RO          478    i.UART_EndTransmit_IT  stm32f4xx_hal_uart.o
    0x08009570   0x08009570   0x00000014   Code   RO          479    i.UART_EndTxTransfer  stm32f4xx_hal_uart.o
    0x08009584   0x08009584   0x0000009a   Code   RO          480    i.UART_Receive_IT   stm32f4xx_hal_uart.o
    0x0800961e   0x0800961e   0x00000002   PAD
    0x08009620   0x08009620   0x00000368   Code   RO          481    i.UART_SetConfig    stm32f4xx_hal_uart.o
    0x08009988   0x08009988   0x00000068   Code   RO          482    i.UART_Transmit_IT  stm32f4xx_hal_uart.o
    0x080099f0   0x080099f0   0x0000006c   Code   RO          483    i.UART_WaitOnFlagUntilTimeout  stm32f4xx_hal_uart.o
    0x08009a5c   0x08009a5c   0x00000014   Code   RO         5261    i.USART1_IRQHandler  usart.o
    0x08009a70   0x08009a70   0x00000016   Code   RO         3545    i.USBD_ClrClassConfig  usbd_core.o
    0x08009a86   0x08009a86   0x00000044   Code   RO         3450    i.USBD_ClrFeature   usbd_ctlreq.o
    0x08009aca   0x08009aca   0x00000018   Code   RO         3683    i.USBD_CtlContinueRx  usbd_ioreq.o
    0x08009ae2   0x08009ae2   0x00000018   Code   RO         3684    i.USBD_CtlContinueSendData  usbd_ioreq.o
    0x08009afa   0x08009afa   0x00000018   Code   RO         3451    i.USBD_CtlError     usbd_ctlreq.o
    0x08009b12   0x08009b12   0x0000001a   Code   RO         3686    i.USBD_CtlReceiveStatus  usbd_ioreq.o
    0x08009b2c   0x08009b2c   0x00000022   Code   RO         3687    i.USBD_CtlSendData  usbd_ioreq.o
    0x08009b4e   0x08009b4e   0x0000001a   Code   RO         3688    i.USBD_CtlSendStatus  usbd_ioreq.o
    0x08009b68   0x08009b68   0x00000050   Code   RO         3452    i.USBD_GetConfig    usbd_ctlreq.o
    0x08009bb8   0x08009bb8   0x00000148   Code   RO         3453    i.USBD_GetDescriptor  usbd_ctlreq.o
    0x08009d00   0x08009d00   0x00000044   Code   RO         3455    i.USBD_GetStatus    usbd_ctlreq.o
    0x08009d44   0x08009d44   0x00000014   Code   RO         5439    i.USBD_LL_ClearStallEP  usbd_conf.o
    0x08009d58   0x08009d58   0x000000da   Code   RO         3548    i.USBD_LL_DataInStage  usbd_core.o
    0x08009e32   0x08009e32   0x00000086   Code   RO         3549    i.USBD_LL_DataOutStage  usbd_core.o
    0x08009eb8   0x08009eb8   0x00000006   Code   RO         3550    i.USBD_LL_DevConnected  usbd_core.o
    0x08009ebe   0x08009ebe   0x0000001a   Code   RO         3551    i.USBD_LL_DevDisconnected  usbd_core.o
    0x08009ed8   0x08009ed8   0x00000038   Code   RO         5446    i.USBD_LL_IsStallEP  usbd_conf.o
    0x08009f10   0x08009f10   0x00000006   Code   RO         3552    i.USBD_LL_IsoINIncomplete  usbd_core.o
    0x08009f16   0x08009f16   0x00000006   Code   RO         3553    i.USBD_LL_IsoOUTIncomplete  usbd_core.o
    0x08009f1c   0x08009f1c   0x00000020   Code   RO         5447    i.USBD_LL_OpenEP    usbd_conf.o
    0x08009f3c   0x08009f3c   0x00000020   Code   RO         5448    i.USBD_LL_PrepareReceive  usbd_conf.o
    0x08009f5c   0x08009f5c   0x00000044   Code   RO         3554    i.USBD_LL_Reset     usbd_core.o
    0x08009fa0   0x08009fa0   0x0000000e   Code   RO         3555    i.USBD_LL_Resume    usbd_core.o
    0x08009fae   0x08009fae   0x00000022   Code   RO         3556    i.USBD_LL_SOF       usbd_core.o
    0x08009fd0   0x08009fd0   0x00000008   Code   RO         3557    i.USBD_LL_SetSpeed  usbd_core.o
    0x08009fd8   0x08009fd8   0x00000014   Code   RO         5449    i.USBD_LL_SetUSBAddress  usbd_conf.o
    0x08009fec   0x08009fec   0x0000006e   Code   RO         3558    i.USBD_LL_SetupStage  usbd_core.o
    0x0800a05a   0x0800a05a   0x00000014   Code   RO         5450    i.USBD_LL_StallEP   usbd_conf.o
    0x0800a06e   0x0800a06e   0x00000014   Code   RO         3559    i.USBD_LL_Suspend   usbd_core.o
    0x0800a082   0x0800a082   0x00000020   Code   RO         5453    i.USBD_LL_Transmit  usbd_conf.o
    0x0800a0a2   0x0800a0a2   0x00000028   Code   RO         3457    i.USBD_ParseSetupRequest  usbd_ctlreq.o
    0x0800a0ca   0x0800a0ca   0x00000006   Code   RO         3561    i.USBD_RunTestMode  usbd_core.o
    0x0800a0d0   0x0800a0d0   0x00000054   Code   RO         3458    i.USBD_SetAddress   usbd_ctlreq.o
    0x0800a124   0x0800a124   0x00000022   Code   RO         3562    i.USBD_SetClassConfig  usbd_core.o
    0x0800a146   0x0800a146   0x00000002   PAD
    0x0800a148   0x0800a148   0x000000e0   Code   RO         3459    i.USBD_SetConfig    usbd_ctlreq.o
    0x0800a228   0x0800a228   0x00000024   Code   RO         3460    i.USBD_SetFeature   usbd_ctlreq.o
    0x0800a24c   0x0800a24c   0x00000072   Code   RO         3461    i.USBD_StdDevReq    usbd_ctlreq.o
    0x0800a2be   0x0800a2be   0x00000156   Code   RO         3462    i.USBD_StdEPReq     usbd_ctlreq.o
    0x0800a414   0x0800a414   0x0000004a   Code   RO         3463    i.USBD_StdItfReq    usbd_ctlreq.o
    0x0800a45e   0x0800a45e   0x00000002   PAD
    0x0800a460   0x0800a460   0x000000c4   Code   RO         2816    i.USB_ActivateEndpoint  stm32f4xx_ll_usb.o
    0x0800a524   0x0800a524   0x00000044   Code   RO         2817    i.USB_ActivateSetup  stm32f4xx_ll_usb.o
    0x0800a568   0x0800a568   0x000001b0   Code   RO         2829    i.USB_EP0StartXfer  stm32f4xx_ll_usb.o
    0x0800a718   0x0800a718   0x00000044   Code   RO         2830    i.USB_EP0_OutStart  stm32f4xx_ll_usb.o
    0x0800a75c   0x0800a75c   0x00000088   Code   RO         2831    i.USB_EPClearStall  stm32f4xx_ll_usb.o
    0x0800a7e4   0x0800a7e4   0x0000008c   Code   RO         2832    i.USB_EPSetStall    stm32f4xx_ll_usb.o
    0x0800a870   0x0800a870   0x000002d0   Code   RO         2833    i.USB_EPStartXfer   stm32f4xx_ll_usb.o
    0x0800ab40   0x0800ab40   0x00000030   Code   RO         2836    i.USB_FlushTxFifo   stm32f4xx_ll_usb.o
    0x0800ab70   0x0800ab70   0x00000044   Code   RO         2838    i.USB_GetDevSpeed   stm32f4xx_ll_usb.o
    0x0800abb4   0x0800abb4   0x0000000a   Code   RO         2840    i.USB_GetMode       stm32f4xx_ll_usb.o
    0x0800abbe   0x0800abbe   0x00000012   Code   RO         2847    i.USB_ReadDevAllInEpInterrupt  stm32f4xx_ll_usb.o
    0x0800abd0   0x0800abd0   0x00000012   Code   RO         2848    i.USB_ReadDevAllOutEpInterrupt  stm32f4xx_ll_usb.o
    0x0800abe2   0x0800abe2   0x0000002c   Code   RO         2849    i.USB_ReadDevInEPInterrupt  stm32f4xx_ll_usb.o
    0x0800ac0e   0x0800ac0e   0x00000016   Code   RO         2850    i.USB_ReadDevOutEPInterrupt  stm32f4xx_ll_usb.o
    0x0800ac24   0x0800ac24   0x0000000c   Code   RO         2851    i.USB_ReadInterrupts  stm32f4xx_ll_usb.o
    0x0800ac30   0x0800ac30   0x00000022   Code   RO         2852    i.USB_ReadPacket    stm32f4xx_ll_usb.o
    0x0800ac52   0x0800ac52   0x00000024   Code   RO         2855    i.USB_SetDevAddress  stm32f4xx_ll_usb.o
    0x0800ac76   0x0800ac76   0x00000030   Code   RO         2859    i.USB_WritePacket   stm32f4xx_ll_usb.o
    0x0800aca6   0x0800aca6   0x00000004   Code   RO         4018    i.UsageFault_Handler  stm32f4xx_it.o
    0x0800acaa   0x0800acaa   0x00000002   PAD
    0x0800acac   0x0800acac   0x00000040   Code   RO         4675    i.Verify_CRC16_Check_Sum  dji_protocol.o
    0x0800acec   0x0800acec   0x0000002e   Code   RO         4676    i.Verify_CRC8_Check_Sum  dji_protocol.o
    0x0800ad1a   0x0800ad1a   0x00000030   Code   RO         5850    i.__ARM_fpclassify  m_wm.l(fpclassify.o)
    0x0800ad4a   0x0800ad4a   0x00000006   PAD
    0x0800ad50   0x0800ad50   0x000002d8   Code   RO         5730    i.__hardfp_atan     m_wm.l(atan.o)
    0x0800b028   0x0800b028   0x000000c8   Code   RO         5744    i.__hardfp_cos      m_wm.l(cos.o)
    0x0800b0f0   0x0800b0f0   0x00000014   Code   RO         5756    i.__hardfp_fabs     m_wm.l(fabs.o)
    0x0800b104   0x0800b104   0x00000004   PAD
    0x0800b108   0x0800b108   0x000000c8   Code   RO         5762    i.__hardfp_sin      m_wm.l(sin.o)
    0x0800b1d0   0x0800b1d0   0x00000438   Code   RO         5854    i.__ieee754_rem_pio2  m_wm.l(rred.o)
    0x0800b608   0x0800b608   0x00000170   Code   RO         5833    i.__kernel_cos      m_wm.l(cos_i.o)
    0x0800b778   0x0800b778   0x000000f8   Code   RO         5852    i.__kernel_poly     m_wm.l(poly.o)
    0x0800b870   0x0800b870   0x00000130   Code   RO         5859    i.__kernel_sin      m_wm.l(sin_i.o)
    0x0800b9a0   0x0800b9a0   0x00000014   Code   RO         5837    i.__mathlib_dbl_infnan  m_wm.l(dunder.o)
    0x0800b9b4   0x0800b9b4   0x00000004   PAD
    0x0800b9b8   0x0800b9b8   0x00000020   Code   RO         5839    i.__mathlib_dbl_invalid  m_wm.l(dunder.o)
    0x0800b9d8   0x0800b9d8   0x00000020   Code   RO         5842    i.__mathlib_dbl_underflow  m_wm.l(dunder.o)
    0x0800b9f8   0x0800b9f8   0x0000000e   Code   RO         5905    i.__scatterload_copy  mc_w.l(handlers.o)
    0x0800ba06   0x0800ba06   0x00000002   Code   RO         5906    i.__scatterload_null  mc_w.l(handlers.o)
    0x0800ba08   0x0800ba08   0x0000000e   Code   RO         5907    i.__scatterload_zeroinit  mc_w.l(handlers.o)
    0x0800ba16   0x0800ba16   0x00000002   PAD
    0x0800ba18   0x0800ba18   0x0000000c   Code   RO         5889    i.__set_errno       mc_w.l(errno.o)
    0x0800ba24   0x0800ba24   0x00000194   Code   RO         3923    i.all_bsp_init      main.o
    0x0800bbb8   0x0800bbb8   0x000002d4   Code   RO         3924    i.all_pid_init      main.o
    0x0800be8c   0x0800be8c   0x00000170   Code   RO         4677    i.dji_DataProcess   dji_protocol.o
    0x0800bffc   0x0800bffc   0x00000018   Code   RO         5758    i.fabs              m_wm.l(fabs.o)
    0x0800c014   0x0800c014   0x000000c4   Code   RO         3926    i.main              main.o
    0x0800c0d8   0x0800c0d8   0x00000040   Code   RO         4259    i.monitor_can_power_process  t_monitor.o
    0x0800c118   0x0800c118   0x00000022   Code   RO         4260    i.monitor_dji_process  t_monitor.o
    0x0800c13a   0x0800c13a   0x00000002   PAD
    0x0800c13c   0x0800c13c   0x00000030   Code   RO         4261    i.monitor_remote_process  t_monitor.o
    0x0800c16c   0x0800c16c   0x00000044   Code   RO         4262    i.monitor_tx2_process  t_monitor.o
    0x0800c1b0   0x0800c1b0   0x00000050   Code   RO         4263    i.monitor_tx2_valid_process  t_monitor.o
    0x0800c200   0x0800c200   0x00000060   Code   RO         4930    i.uart_receive_handler  idle_interrupt.o
    0x0800c260   0x0800c260   0x0000003c   Code   RO         4762    i.uart_rx_idle_callback  usart_callback.o
    0x0800c29c   0x0800c29c   0x00000010   Data   RO          351    .constdata          stm32f4xx_hal_rcc.o
    0x0800c2ac   0x0800c2ac   0x00000008   Data   RO         1123    .constdata          stm32f4xx_hal_dma.o
    0x0800c2b4   0x0800c2b4   0x00000014   Data   RO         4408    .constdata          m_imu.o
    0x0800c2c8   0x0800c2c8   0x00000302   Data   RO         4679    .constdata          dji_protocol.o
    0x0800c5ca   0x0800c5ca   0x00000006   PAD
    0x0800c5d0   0x0800c5d0   0x00000098   Data   RO         5733    .constdata          m_wm.l(atan.o)
    0x0800c668   0x0800c668   0x00000030   Data   RO         5834    .constdata          m_wm.l(cos_i.o)
    0x0800c698   0x0800c698   0x000000c8   Data   RO         5856    .constdata          m_wm.l(rred.o)
    0x0800c760   0x0800c760   0x00000028   Data   RO         5860    .constdata          m_wm.l(sin_i.o)
    0x0800c788   0x0800c788   0x00000020   Data   RO         5903    Region$$Table       anon$$obj.o


    Execution Region RW_IRAM1 (Exec base: 0x20000000, Load base: 0x0800c7a8, Size: 0x000031c0, Max: 0x00030000, ABSOLUTE, COMPRESSED[0x000000e8])

    Exec Addr    Load Addr    Size         Type   Attr      Idx    E Section Name        Object

    0x20000000   COMPRESSED   0x00000004   Data   RW         2561    .data               stm32f4xx_hal.o
    0x20000004   COMPRESSED   0x00000001   Data   RW         3464    .data               usbd_ctlreq.o
    0x20000005   COMPRESSED   0x00000003   PAD
    0x20000008   COMPRESSED   0x00000004   Data   RW         3746    .data               system_stm32f4xx.o
    0x2000000c   COMPRESSED   0x00000004   PAD
    0x20000010   COMPRESSED   0x00000032   Data   RW         3787    .data               chassis.o
    0x20000042   COMPRESSED   0x00000002   PAD
    0x20000044   COMPRESSED   0x00000004   Data   RW         3928    .data               main.o
    0x20000048   COMPRESSED   0x000000a0   Data   RW         4131    .data               robodata.o
    0x200000e8   COMPRESSED   0x00000010   Data   RW         4208    .data               tim_callback.o
    0x200000f8   COMPRESSED   0x00000009   Data   RW         4265    .data               t_monitor.o
    0x20000101   COMPRESSED   0x00000015   Data   RW         4409    .data               m_imu.o
    0x20000116   COMPRESSED   0x00000002   PAD
    0x20000118   COMPRESSED   0x00000381   Data   RW         4680    .data               dji_protocol.o
    0x20000499   COMPRESSED   0x00000003   PAD
    0x2000049c   COMPRESSED   0x0000000c   Data   RW         4763    .data               usart_callback.o
    0x200004a8   COMPRESSED   0x00000004   Data   RW         5007    .data               can.o
    0x200004ac   COMPRESSED   0x00000001   Data   RW         5263    .data               usart.o
    0x200004ad   COMPRESSED   0x00000003   PAD
    0x200004b0   COMPRESSED   0x00000004   Data   RW         5890    .data               mc_w.l(errno.o)
    0x200004b4        -       0x000001c8   Zero   RW         3786    .bss                chassis.o
    0x2000067c        -       0x00000020   Zero   RW         3927    .bss                main.o
    0x2000069c        -       0x000000b4   Zero   RW         4264    .bss                t_monitor.o
    0x20000750        -       0x00000038   Zero   RW         4357    .bss                m_remote.o
    0x20000788        -       0x00000080   Zero   RW         4407    .bss                m_imu.o
    0x20000808        -       0x00000020   Zero   RW         4492    .bss                can_callback.o
    0x20000828        -       0x00001760   Zero   RW         4525    .bss                m_moto.o
    0x20001f88        -       0x00000090   Zero   RW         4568    .bss                pid.o
    0x20002018        -       0x000000f3   Zero   RW         4678    .bss                dji_protocol.o
    0x2000210b   COMPRESSED   0x00000001   PAD
    0x2000210c        -       0x00000014   Zero   RW         4825    .bss                tx2_protocol.o
    0x20002120        -       0x00000012   Zero   RW         4867    .bss                m_transmit.o
    0x20002132        -       0x00000012   Zero   RW         4932    .bss                idle_interrupt.o
    0x20002144        -       0x00000180   Zero   RW         5006    .bss                can.o
    0x200022c4        -       0x00000360   Zero   RW         5075    .bss                dma.o
    0x20002624        -       0x00000168   Zero   RW         5178    .bss                tim.o
    0x2000278c        -       0x00000220   Zero   RW         5262    .bss                usart.o
    0x200029ac        -       0x000003b8   Zero   RW         5454    .bss                usbd_conf.o
    0x20002d64        -       0x00000058   Zero   RW         5685    .bss                spi.o
    0x20002dbc   COMPRESSED   0x00000004   PAD
    0x20002dc0        -       0x00000400   Zero   RW            1    STACK               startup_stm32f427xx.o


==============================================================================

Image component sizes


      Code (inc. data)   RO Data    RW Data    ZI Data      Debug   Object Name

       548         68          0          4        384       4135   can.o
      1076         88          0          0         32       2010   can_callback.o
      6292        506          0         50        456      16355   chassis.o
      1948        154        770        897        243      14008   dji_protocol.o
       700        106          0          0        864       5360   dma.o
       444         30          0          0          0       1375   gpio.o
         8          0          0          0          0        585   gpio_callback.o
        96          0          0          0         18       1354   idle_interrupt.o
       848         86         20         21        128       5063   m_imu.o
       170         10          0          0       5984       2953   m_moto.o
       582          0          0          0         56       3831   m_remote.o
       500         34          0          0         18       3857   m_transmit.o
      1524        216          0          4         32       3988   main.o
       388         24          0          0          0       1674   moto_encoder.o
      1952         30          0          0        144       9989   pid.o
      1612        146          0        160          0       8619   robodata.o
       160         20          0          0         88       1849   spi.o
        36          8        428          0       1024        872   startup_stm32f427xx.o
       154         20          0          4          0       4543   stm32f4xx_hal.o
      2538         34          0          0          0       8064   stm32f4xx_hal_can.o
       348         22          0          0          0      33117   stm32f4xx_hal_cortex.o
      1394         20          8          0          0       7411   stm32f4xx_hal_dma.o
       596         58          0          0          0       3982   stm32f4xx_hal_gpio.o
        86          0          0          0          0        574   stm32f4xx_hal_msp.o
      2504         46          0          0          0     373647   stm32f4xx_hal_pcd.o
      1668         70         16          0          0       6083   stm32f4xx_hal_rcc.o
       892          0          0          0          0       4549   stm32f4xx_hal_spi.o
      2220         96          0          0          0      18100   stm32f4xx_hal_tim.o
       182          0          0          0          0       3322   stm32f4xx_hal_tim_ex.o
      2480         28          0          0          0      14846   stm32f4xx_hal_uart.o
       136         30          0          0          0       8454   stm32f4xx_it.o
      2118         20          0          0          0      14045   stm32f4xx_ll_usb.o
       100         18          0          4          0       1485   system_stm32f4xx.o
      2158        188          0          9        180      10584   t_monitor.o
       584         76          0          0        360       5190   tim.o
       460         84          0         16          0       2149   tim_callback.o
       552         34          0          0         20       3123   tx2_protocol.o
       936        120          0          1        544       6798   usart.o
       436        106          0         12          0       2242   usart_callback.o
         0          0          0          0          0       4420   usbd_cdc.o
       488          6          0          0        952      12823   usbd_conf.o
       712          0          0          0          0      11539   usbd_core.o
      1482         30          0          1          0      10119   usbd_ctlreq.o
       134          0          0          0          0       4256   usbd_ioreq.o

    ----------------------------------------------------------------------
     44272       2632       1280       1200      11532     663342   Object Totals
         0          0         32          0          0          0   (incl. Generated)
        30          0          6         17          5          0   (incl. Padding)

    ----------------------------------------------------------------------

      Code (inc. data)   RO Data    RW Data    ZI Data      Debug   Library Member Name

       728        106        152          0          0        228   atan.o
       200         20          0          0          0        164   cos.o
       368         46         48          0          0        200   cos_i.o
        84         16          0          0          0        372   dunder.o
        44          0          0          0          0        248   fabs.o
        48          0          0          0          0        124   fpclassify.o
       248          0          0          0          0        152   poly.o
      1080        142        200          0          0        188   rred.o
       200         20          0          0          0        164   sin.o
       304         24         40          0          0        208   sin_i.o
        86          0          0          0          0          0   __dczerorl2.o
         0          0          0          0          0          0   entry.o
         0          0          0          0          0          0   entry10a.o
         0          0          0          0          0          0   entry11a.o
         8          4          0          0          0          0   entry2.o
         4          0          0          0          0          0   entry5.o
         0          0          0          0          0          0   entry7b.o
         0          0          0          0          0          0   entry8b.o
         8          4          0          0          0          0   entry9a.o
        12          6          0          4          0         68   errno.o
        30          0          0          0          0          0   handlers.o
        36          8          0          0          0         68   init.o
         0          0          0          0          0          0   iusefp.o
        30          0          0          0          0         68   llshl.o
        36          0          0          0          0         68   llsshr.o
        32          0          0          0          0         68   llushr.o
        36          0          0          0          0         68   memcpya.o
        36          0          0          0          0        108   memseta.o
        48          0          0          0          0         68   cdcmple.o
        48          0          0          0          0         68   cdrcmple.o
        56          0          0          0          0         88   d2f.o
       334          0          0          0          0        148   dadd.o
       222          0          0          0          0        100   ddiv.o
       186          0          0          0          0        176   depilogue.o
        62          0          0          0          0         80   dfixi.o
        50          0          0          0          0         76   dfixui.o
        34          0          0          0          0         76   dflti.o
        26          0          0          0          0         76   dfltui.o
       228          0          0          0          0         96   dmul.o
        38          0          0          0          0         68   f2d.o
       110          0          0          0          0        168   fepilogue.o

    ----------------------------------------------------------------------
      5120        396        440          4          0       3852   Library Totals
        20          0          0          0          0          0   (incl. Padding)

    ----------------------------------------------------------------------

      Code (inc. data)   RO Data    RW Data    ZI Data      Debug   Library Name

      3304        374        440          0          0       2048   m_wm.l
       354         22          0          4          0        516   mc_w.l
      1442          0          0          0          0       1288   mf_w.l

    ----------------------------------------------------------------------
      5120        396        440          4          0       3852   Library Totals

    ----------------------------------------------------------------------

==============================================================================


      Code (inc. data)   RO Data    RW Data    ZI Data      Debug   

     49392       3028       1720       1204      11532     637894   Grand Totals
     49392       3028       1720        232      11532     637894   ELF Image Totals (compressed)
     49392       3028       1720        232          0          0   ROM Totals

==============================================================================

    Total RO  Size (Code + RO Data)                51112 (  49.91kB)
    Total RW  Size (RW Data + ZI Data)             12736 (  12.44kB)
    Total ROM Size (Code + RO Data + RW Data)      51344 (  50.14kB)

==============================================================================

